******************************************************************************
             TMS320C2000 Linker PC v16.9.3                     
******************************************************************************
>> Linked Thu Jul 11 08:51:14 2019

OUTPUT FILE NAME:   <ModuleProject.out>
ENTRY POINT SYMBOL: "_c_int00"  address: 00009a71


MEMORY CONFIGURATION

         name            origin    length      used     unused   attr    fill
----------------------  --------  ---------  --------  --------  ----  --------
PAGE 0:
  BEGIN                 00000000   00000002  00000002  00000000  RWIX
  RAMM0                 00000050   000003b0  00000000  000003b0  RWIX
  RAML0                 00008000   00001000  000001d1  00000e2f  RWIX
  RAML1                 00009000   00001000  00000c09  000003f7  RWIX
  RAML2                 0000a000   00001000  00000000  00001000  RWIX
  RAML3                 0000b000   00001000  00000000  00001000  RWIX
  ZONE7A                00200000   0000fc00  00000000  0000fc00  RWIX
  CSM_RSVD              0033ff80   00000076  00000000  00000076  RWIX
  CSM_PWL               0033fff8   00000008  00000000  00000008  RWIX
  ADC_CAL               00380080   00000009  00000007  00000002  RWIX
  IQTABLES              003fe000   00000b50  00000000  00000b50  RWIX
  IQTABLES2             003feb50   0000008c  00000000  0000008c  RWIX
  FPUTABLES             003febdc   000006a0  00000000  000006a0  RWIX
  BOOTROM               003ff27c   00000d44  00000000  00000d44  RWIX
  RESET                 003fffc0   00000002  00000000  00000002  RWIX

PAGE 1:
  BOOT_RSVD             00000002   0000004e  00000000  0000004e  RWIX
  RAMM1                 00000400   00000400  00000300  00000100  RWIX
  DEV_EMU               00000880   00000180  000000d0  000000b0  RWIX
  FLASH_REGS            00000a80   00000060  00000008  00000058  RWIX
  CSM                   00000ae0   00000010  00000010  00000000  RWIX
  ADC_MIRROR            00000b00   00000010  00000010  00000000  RWIX
  XINTF                 00000b20   00000020  0000001e  00000002  RWIX
  CPU_TIMER0            00000c00   00000008  00000008  00000000  RWIX
  CPU_TIMER1            00000c08   00000008  00000008  00000000  RWIX
  CPU_TIMER2            00000c10   00000008  00000008  00000000  RWIX
  PIE_CTRL              00000ce0   00000020  0000001a  00000006  RWIX
  PIE_VECT              00000d00   00000100  00000100  00000000  RWIX
  DMA                   00001000   00000200  000000e0  00000120  RWIX
  MCBSPA                00005000   00000040  00000025  0000001b  RWIX
  MCBSPB                00005040   00000040  00000025  0000001b  RWIX
  ECANA                 00006000   00000040  00000034  0000000c  RWIX
  ECANA_LAM             00006040   00000040  00000040  00000000  RWIX
  ECANA_MOTS            00006080   00000040  00000040  00000000  RWIX
  ECANA_MOTO            000060c0   00000040  00000040  00000000  RWIX
  ECANA_MBOX            00006100   00000100  00000100  00000000  RWIX
  ECANB                 00006200   00000040  00000034  0000000c  RWIX
  ECANB_LAM             00006240   00000040  00000040  00000000  RWIX
  ECANB_MOTS            00006280   00000040  00000040  00000000  RWIX
  ECANB_MOTO            000062c0   00000040  00000040  00000000  RWIX
  ECANB_MBOX            00006300   00000100  00000100  00000000  RWIX
  EPWM1                 00006800   00000022  00000022  00000000  RWIX
  EPWM2                 00006840   00000022  00000022  00000000  RWIX
  EPWM3                 00006880   00000022  00000022  00000000  RWIX
  EPWM4                 000068c0   00000022  00000022  00000000  RWIX
  EPWM5                 00006900   00000022  00000022  00000000  RWIX
  EPWM6                 00006940   00000022  00000022  00000000  RWIX
  ECAP1                 00006a00   00000020  00000020  00000000  RWIX
  ECAP2                 00006a20   00000020  00000020  00000000  RWIX
  ECAP3                 00006a40   00000020  00000020  00000000  RWIX
  ECAP4                 00006a60   00000020  00000020  00000000  RWIX
  ECAP5                 00006a80   00000020  00000020  00000000  RWIX
  ECAP6                 00006aa0   00000020  00000020  00000000  RWIX
  EQEP1                 00006b00   00000040  00000040  00000000  RWIX
  EQEP2                 00006b40   00000040  00000040  00000000  RWIX
  GPIOCTRL              00006f80   00000040  0000002e  00000012  RWIX
  GPIODAT               00006fc0   00000020  00000020  00000000  RWIX
  GPIOINT               00006fe0   00000020  0000000a  00000016  RWIX
  SYSTEM                00007010   00000020  00000020  00000000  RWIX
  SPIA                  00007040   00000010  00000010  00000000  RWIX
  SCIA                  00007050   00000010  00000010  00000000  RWIX
  XINTRUPT              00007070   00000010  00000010  00000000  RWIX
  ADC                   00007100   00000020  0000001e  00000002  RWIX
  SCIB                  00007750   00000010  00000010  00000000  RWIX
  SCIC                  00007770   00000010  00000010  00000000  RWIX
  I2CA                  00007900   00000040  00000022  0000001e  RWIX
  RAML4                 0000c000   00001000  000001e2  00000e1e  RWIX
  RAML5                 0000d000   00001000  00000832  000007ce  RWIX
  RAML6                 0000e000   00001000  00000000  00001000  RWIX
  RAML7                 0000f000   00001000  00000000  00001000  RWIX
  ZONE7B                0020fc00   00000400  00000000  00000400  RWIX
  CSM_PWL               0033fff8   00000008  00000008  00000000  RWIX
  PARTID                00380090   00000001  00000001  00000000  RWIX


SECTION ALLOCATION MAP

 output                                  attributes/
section   page    origin      length       input sections
--------  ----  ----------  ----------   ----------------
codestart 
*          0    00000000    00000002     
                  00000000    00000002     DSP2833x_CodeStartBranch.obj (codestart)

.cinit     0    00008000    000001cd     
                  00008000    000001b3     SPIOLED.obj (.cinit)
                  000081b3    0000000e     rts2800_fpu32.lib : exit.obj (.cinit)
                  000081c1    00000005                       : _lock.obj (.cinit:__lock)
                  000081c6    00000005                       : _lock.obj (.cinit:__unlock)
                  000081cb    00000002     --HOLE-- [fill = 0]

ramfuncs   0    000081cd    00000004     
                  000081cd    00000004     DSP2833x_usDelay.obj (ramfuncs)

.text      0    00009000    00000c09     
                  00009000    00000663     SPIOLED.obj (.text)
                  00009663    00000316     DSP2833x_DefaultIsr.obj (.text:retain)
                  00009979    000000f8     DSP2833x_SysCtrl.obj (.text)
                  00009a71    00000056     rts2800_fpu32.lib : boot28.obj (.text)
                  00009ac7    00000030     main.obj (.text)
                  00009af7    0000002a     rts2800_fpu32.lib : l_div28.obj (.text)
                  00009b21    00000029                       : exit.obj (.text)
                  00009b4a    00000024                       : cpy_tbl.obj (.text)
                  00009b6e    00000022                       : i_div28.obj (.text)
                  00009b90    0000001e                       : memcpy.obj (.text)
                  00009bae    00000019                       : args_main.obj (.text)
                  00009bc7    0000000e     LED.obj (.text)
                  00009bd5    0000000b     public.obj (.text)
                  00009be0    0000000b     rts2800_fpu32.lib : u_div28.obj (.text)
                  00009beb    00000009                       : _lock.obj (.text)
                  00009bf4    00000008     DSP2833x_CodeStartBranch.obj (.text)
                  00009bfc    00000007     DSP2833x_DisInt.obj (.text)
                  00009c03    00000003     DSP2833x_DBGIER.obj (.text)
                  00009c06    00000002     rts2800_fpu32.lib : pre_init.obj (.text)
                  00009c08    00000001                       : startup.obj (.text)

.pinit     0    00008000    00000000     UNINITIALIZED

.adc_cal   0    00380080    00000007     NOLOAD SECTION
                  00380080    00000007     DSP2833x_ADC_cal.obj (.adc_cal)

.stack     1    00000400    00000300     UNINITIALIZED
                  00000400    00000300     --HOLE--

DevEmuRegsFile 
*          1    00000880    000000d0     UNINITIALIZED
                  00000880    000000d0     DSP2833x_GlobalVariableDefs.obj (DevEmuRegsFile)

FlashRegsFile 
*          1    00000a80    00000008     UNINITIALIZED
                  00000a80    00000008     DSP2833x_GlobalVariableDefs.obj (FlashRegsFile)

CsmRegsFile 
*          1    00000ae0    00000010     UNINITIALIZED
                  00000ae0    00000010     DSP2833x_GlobalVariableDefs.obj (CsmRegsFile)

AdcMirrorFile 
*          1    00000b00    00000010     UNINITIALIZED
                  00000b00    00000010     DSP2833x_GlobalVariableDefs.obj (AdcMirrorFile)

XintfRegsFile 
*          1    00000b20    0000001e     UNINITIALIZED
                  00000b20    0000001e     DSP2833x_GlobalVariableDefs.obj (XintfRegsFile)

CpuTimer0RegsFile 
*          1    00000c00    00000008     UNINITIALIZED
                  00000c00    00000008     DSP2833x_GlobalVariableDefs.obj (CpuTimer0RegsFile)

CpuTimer1RegsFile 
*          1    00000c08    00000008     UNINITIALIZED
                  00000c08    00000008     DSP2833x_GlobalVariableDefs.obj (CpuTimer1RegsFile)

CpuTimer2RegsFile 
*          1    00000c10    00000008     UNINITIALIZED
                  00000c10    00000008     DSP2833x_GlobalVariableDefs.obj (CpuTimer2RegsFile)

PieCtrlRegsFile 
*          1    00000ce0    0000001a     UNINITIALIZED
                  00000ce0    0000001a     DSP2833x_GlobalVariableDefs.obj (PieCtrlRegsFile)

PieVectTableFile 
*          1    00000d00    00000100     UNINITIALIZED
                  00000d00    00000100     DSP2833x_GlobalVariableDefs.obj (PieVectTableFile)

DmaRegsFile 
*          1    00001000    000000e0     UNINITIALIZED
                  00001000    000000e0     DSP2833x_GlobalVariableDefs.obj (DmaRegsFile)

McbspaRegsFile 
*          1    00005000    00000025     UNINITIALIZED
                  00005000    00000025     DSP2833x_GlobalVariableDefs.obj (McbspaRegsFile)

McbspbRegsFile 
*          1    00005040    00000025     UNINITIALIZED
                  00005040    00000025     DSP2833x_GlobalVariableDefs.obj (McbspbRegsFile)

ECanaRegsFile 
*          1    00006000    00000034     UNINITIALIZED
                  00006000    00000034     DSP2833x_GlobalVariableDefs.obj (ECanaRegsFile)

ECanaLAMRegsFile 
*          1    00006040    00000040     UNINITIALIZED
                  00006040    00000040     DSP2833x_GlobalVariableDefs.obj (ECanaLAMRegsFile)

ECanaMOTSRegsFile 
*          1    00006080    00000040     UNINITIALIZED
                  00006080    00000040     DSP2833x_GlobalVariableDefs.obj (ECanaMOTSRegsFile)

ECanaMOTORegsFile 
*          1    000060c0    00000040     UNINITIALIZED
                  000060c0    00000040     DSP2833x_GlobalVariableDefs.obj (ECanaMOTORegsFile)

ECanaMboxesFile 
*          1    00006100    00000100     UNINITIALIZED
                  00006100    00000100     DSP2833x_GlobalVariableDefs.obj (ECanaMboxesFile)

ECanbRegsFile 
*          1    00006200    00000034     UNINITIALIZED
                  00006200    00000034     DSP2833x_GlobalVariableDefs.obj (ECanbRegsFile)

ECanbLAMRegsFile 
*          1    00006240    00000040     UNINITIALIZED
                  00006240    00000040     DSP2833x_GlobalVariableDefs.obj (ECanbLAMRegsFile)

ECanbMOTSRegsFile 
*          1    00006280    00000040     UNINITIALIZED
                  00006280    00000040     DSP2833x_GlobalVariableDefs.obj (ECanbMOTSRegsFile)

ECanbMOTORegsFile 
*          1    000062c0    00000040     UNINITIALIZED
                  000062c0    00000040     DSP2833x_GlobalVariableDefs.obj (ECanbMOTORegsFile)

ECanbMboxesFile 
*          1    00006300    00000100     UNINITIALIZED
                  00006300    00000100     DSP2833x_GlobalVariableDefs.obj (ECanbMboxesFile)

EPwm1RegsFile 
*          1    00006800    00000022     UNINITIALIZED
                  00006800    00000022     DSP2833x_GlobalVariableDefs.obj (EPwm1RegsFile)

EPwm2RegsFile 
*          1    00006840    00000022     UNINITIALIZED
                  00006840    00000022     DSP2833x_GlobalVariableDefs.obj (EPwm2RegsFile)

EPwm3RegsFile 
*          1    00006880    00000022     UNINITIALIZED
                  00006880    00000022     DSP2833x_GlobalVariableDefs.obj (EPwm3RegsFile)

EPwm4RegsFile 
*          1    000068c0    00000022     UNINITIALIZED
                  000068c0    00000022     DSP2833x_GlobalVariableDefs.obj (EPwm4RegsFile)

EPwm5RegsFile 
*          1    00006900    00000022     UNINITIALIZED
                  00006900    00000022     DSP2833x_GlobalVariableDefs.obj (EPwm5RegsFile)

EPwm6RegsFile 
*          1    00006940    00000022     UNINITIALIZED
                  00006940    00000022     DSP2833x_GlobalVariableDefs.obj (EPwm6RegsFile)

ECap1RegsFile 
*          1    00006a00    00000020     UNINITIALIZED
                  00006a00    00000020     DSP2833x_GlobalVariableDefs.obj (ECap1RegsFile)

ECap2RegsFile 
*          1    00006a20    00000020     UNINITIALIZED
                  00006a20    00000020     DSP2833x_GlobalVariableDefs.obj (ECap2RegsFile)

ECap3RegsFile 
*          1    00006a40    00000020     UNINITIALIZED
                  00006a40    00000020     DSP2833x_GlobalVariableDefs.obj (ECap3RegsFile)

ECap4RegsFile 
*          1    00006a60    00000020     UNINITIALIZED
                  00006a60    00000020     DSP2833x_GlobalVariableDefs.obj (ECap4RegsFile)

ECap5RegsFile 
*          1    00006a80    00000020     UNINITIALIZED
                  00006a80    00000020     DSP2833x_GlobalVariableDefs.obj (ECap5RegsFile)

ECap6RegsFile 
*          1    00006aa0    00000020     UNINITIALIZED
                  00006aa0    00000020     DSP2833x_GlobalVariableDefs.obj (ECap6RegsFile)

EQep1RegsFile 
*          1    00006b00    00000040     UNINITIALIZED
                  00006b00    00000040     DSP2833x_GlobalVariableDefs.obj (EQep1RegsFile)

EQep2RegsFile 
*          1    00006b40    00000040     UNINITIALIZED
                  00006b40    00000040     DSP2833x_GlobalVariableDefs.obj (EQep2RegsFile)

GpioCtrlRegsFile 
*          1    00006f80    0000002e     UNINITIALIZED
                  00006f80    0000002e     DSP2833x_GlobalVariableDefs.obj (GpioCtrlRegsFile)

GpioDataRegsFile 
*          1    00006fc0    00000020     UNINITIALIZED
                  00006fc0    00000020     DSP2833x_GlobalVariableDefs.obj (GpioDataRegsFile)

GpioIntRegsFile 
*          1    00006fe0    0000000a     UNINITIALIZED
                  00006fe0    0000000a     DSP2833x_GlobalVariableDefs.obj (GpioIntRegsFile)

SysCtrlRegsFile 
*          1    00007010    00000020     UNINITIALIZED
                  00007010    00000020     DSP2833x_GlobalVariableDefs.obj (SysCtrlRegsFile)

SpiaRegsFile 
*          1    00007040    00000010     UNINITIALIZED
                  00007040    00000010     DSP2833x_GlobalVariableDefs.obj (SpiaRegsFile)

SciaRegsFile 
*          1    00007050    00000010     UNINITIALIZED
                  00007050    00000010     DSP2833x_GlobalVariableDefs.obj (SciaRegsFile)

XIntruptRegsFile 
*          1    00007070    00000010     UNINITIALIZED
                  00007070    00000010     DSP2833x_GlobalVariableDefs.obj (XIntruptRegsFile)

AdcRegsFile 
*          1    00007100    0000001e     UNINITIALIZED
                  00007100    0000001e     DSP2833x_GlobalVariableDefs.obj (AdcRegsFile)

ScibRegsFile 
*          1    00007750    00000010     UNINITIALIZED
                  00007750    00000010     DSP2833x_GlobalVariableDefs.obj (ScibRegsFile)

ScicRegsFile 
*          1    00007770    00000010     UNINITIALIZED
                  00007770    00000010     DSP2833x_GlobalVariableDefs.obj (ScicRegsFile)

I2caRegsFile 
*          1    00007900    00000022     UNINITIALIZED
                  00007900    00000022     DSP2833x_GlobalVariableDefs.obj (I2caRegsFile)

.ebss      1    0000c000    000001e2     UNINITIALIZED
                  0000c000    000001c0     SPIOLED.obj (.ebss)
                  0000c1c0    00000018     DSP2833x_CpuTimers.obj (.ebss)
                  0000c1d8    00000006     rts2800_fpu32.lib : exit.obj (.ebss)
                  0000c1de    00000002                       : _lock.obj (.ebss:__lock)
                  0000c1e0    00000002                       : _lock.obj (.ebss:__unlock)

.econst    1    0000d000    00000832     
                  0000d000    000005f0     SPIOLED.obj (.econst:.string:_F8X16)
                  0000d5f0    00000228     SPIOLED.obj (.econst:_F6x8)
                  0000d818    0000001a     SPIOLED.obj (.econst:.string)

.reset     0    003fffc0    00000002     DSECT
                  003fffc0    00000002     rts2800_fpu32.lib : boot28.obj (.reset)

csm_rsvd   0    0033ff80    00000076     DSECT
                  0033ff80    00000076     DSP2833x_CSMPasswords.obj (csm_rsvd)

csmpasswds 
*          0    0033fff8    00000008     DSECT
                  0033fff8    00000008     DSP2833x_CSMPasswords.obj (csmpasswds)

CsmPwlFile 
*          1    0033fff8    00000008     UNINITIALIZED
                  0033fff8    00000008     DSP2833x_GlobalVariableDefs.obj (CsmPwlFile)

PartIdRegsFile 
*          1    00380090    00000001     UNINITIALIZED
                  00380090    00000001     DSP2833x_GlobalVariableDefs.obj (PartIdRegsFile)

MODULE SUMMARY

       Module                            code   initialized data   uninitialized data
       ------                            ----   ----------------   ------------------
    .\
       main.obj                          48     0                  0                 
    +--+---------------------------------+------+------------------+--------------------+
       Total:                            48     0                  0                 
                                                                                     
    .\APP\LED\
       LED.obj                           14     0                  0                 
    +--+---------------------------------+------+------------------+--------------------+
       Total:                            14     0                  0                 
                                                                                     
    .\APP\Public\
       public.obj                        11     0                  0                 
    +--+---------------------------------+------+------------------+--------------------+
       Total:                            11     0                  0                 
                                                                                     
    .\APP\SPIOLED\
       SPIOLED.obj                       1635   2533               448               
    +--+---------------------------------+------+------------------+--------------------+
       Total:                            1635   2533               448               
                                                                                     
    .\DSP2833x_common\source\
       DSP2833x_DefaultIsr.obj           790    0                  0                 
       DSP2833x_SysCtrl.obj              248    0                  0                 
       DSP2833x_CpuTimers.obj            0      0                  24                
       DSP2833x_CodeStartBranch.obj      10     0                  0                 
       DSP2833x_ADC_cal.obj              7      0                  0                 
       DSP2833x_DisInt.obj               7      0                  0                 
       DSP2833x_usDelay.obj              4      0                  0                 
       DSP2833x_DBGIER.obj               3      0                  0                 
    +--+---------------------------------+------+------------------+--------------------+
       Total:                            1069   0                  24                
                                                                                     
    .\DSP2833x_headers\source\
       DSP2833x_GlobalVariableDefs.obj   0      0                  2679              
    +--+---------------------------------+------+------------------+--------------------+
       Total:                            0      0                  2679              
                                                                                     
    C:\ti\ccsv7\tools\compiler\ti-cgt-c2000_16.9.3.LTS\lib\rts2800_fpu32.lib
       boot28.obj                        86     0                  0                 
       exit.obj                          41     14                 6                 
       l_div28.obj                       42     0                  0                 
       cpy_tbl.obj                       36     0                  0                 
       i_div28.obj                       34     0                  0                 
       memcpy.obj                        30     0                  0                 
       args_main.obj                     25     0                  0                 
       _lock.obj                         9      10                 4                 
       u_div28.obj                       11     0                  0                 
       pre_init.obj                      2      0                  0                 
       startup.obj                       1      0                  0                 
    +--+---------------------------------+------+------------------+--------------------+
       Total:                            317    24                 10                
                                                                                     
       Stack:                            0      0                  768               
    +--+---------------------------------+------+------------------+--------------------+
       Grand Total:                      3094   2557               3929              


GLOBAL DATA SYMBOLS: SORTED BY DATA PAGE

address     data page           name
--------    ----------------    ----
00000400      10 (00000400)     __stack

00000880      22 (00000880)     _DevEmuRegs

00000a80      2a (00000a80)     _FlashRegs

00000ae0      2b (00000ac0)     _CsmRegs

00000b00      2c (00000b00)     _AdcMirror
00000b20      2c (00000b00)     _XintfRegs

00000c00      30 (00000c00)     _CpuTimer0Regs
00000c08      30 (00000c00)     _CpuTimer1Regs
00000c10      30 (00000c00)     _CpuTimer2Regs

00000ce0      33 (00000cc0)     _PieCtrlRegs

00000d00      34 (00000d00)     _PieVectTable

00001000      40 (00001000)     _DmaRegs

00005000     140 (00005000)     _McbspaRegs

00005040     141 (00005040)     _McbspbRegs

00006000     180 (00006000)     _ECanaRegs

00006040     181 (00006040)     _ECanaLAMRegs

00006080     182 (00006080)     _ECanaMOTSRegs

000060c0     183 (000060c0)     _ECanaMOTORegs

00006100     184 (00006100)     _ECanaMboxes

00006200     188 (00006200)     _ECanbRegs

00006240     189 (00006240)     _ECanbLAMRegs

00006280     18a (00006280)     _ECanbMOTSRegs

000062c0     18b (000062c0)     _ECanbMOTORegs

00006300     18c (00006300)     _ECanbMboxes

00006800     1a0 (00006800)     _EPwm1Regs

00006840     1a1 (00006840)     _EPwm2Regs

00006880     1a2 (00006880)     _EPwm3Regs

000068c0     1a3 (000068c0)     _EPwm4Regs

00006900     1a4 (00006900)     _EPwm5Regs

00006940     1a5 (00006940)     _EPwm6Regs

00006a00     1a8 (00006a00)     _ECap1Regs
00006a20     1a8 (00006a00)     _ECap2Regs

00006a40     1a9 (00006a40)     _ECap3Regs
00006a60     1a9 (00006a40)     _ECap4Regs

00006a80     1aa (00006a80)     _ECap5Regs
00006aa0     1aa (00006a80)     _ECap6Regs

00006b00     1ac (00006b00)     _EQep1Regs

00006b40     1ad (00006b40)     _EQep2Regs

00006f80     1be (00006f80)     _GpioCtrlRegs

00006fc0     1bf (00006fc0)     _GpioDataRegs
00006fe0     1bf (00006fc0)     _GpioIntRegs

00007010     1c0 (00007000)     _SysCtrlRegs

00007040     1c1 (00007040)     _SpiaRegs
00007050     1c1 (00007040)     _SciaRegs
00007070     1c1 (00007040)     _XIntruptRegs

00007100     1c4 (00007100)     _AdcRegs

00007750     1dd (00007740)     _ScibRegs
00007770     1dd (00007740)     _ScicRegs

00007900     1e4 (00007900)     _I2caRegs

0000c000     300 (0000c000)     _Hzk

0000c1c0     307 (0000c1c0)     _CpuTimer1
0000c1c8     307 (0000c1c0)     _CpuTimer2
0000c1d0     307 (0000c1c0)     _CpuTimer0
0000c1d8     307 (0000c1c0)     ___TI_enable_exit_profile_output
0000c1da     307 (0000c1c0)     ___TI_cleanup_ptr
0000c1dc     307 (0000c1c0)     ___TI_dtors_ptr
0000c1de     307 (0000c1c0)     __lock
0000c1e0     307 (0000c1c0)     __unlock

0000d000     340 (0000d000)     _F8X16

0000d5f0     357 (0000d5c0)     _F6x8

0033fff8    cfff (0033ffc0)     _CsmPwl

00380090    e002 (00380080)     _PartIdRegs


GLOBAL SYMBOLS: SORTED ALPHABETICALLY BY Name 

page  address   name                            
----  -------   ----                            
0     00009000  .text                           
0     00009b21  C$$EXIT                         
0     00009b6e  I$$DIV                          
0     00009b7f  I$$MOD                          
0     00009af7  L$$DIV                          
0     00009b06  L$$MOD                          
0     00009be0  U$$DIV                          
0     00009be5  U$$MOD                          
0     00009b14  UL$$DIV                         
0     00009b1b  UL$$MOD                         
0     00009749  _ADCINT_ISR                     
0     00380080  _ADC_cal                        
1     00000b00  _AdcMirror                      
1     00007100  _AdcRegs                        
1     0000c1d0  _CpuTimer0                      
1     00000c00  _CpuTimer0Regs                  
1     0000c1c0  _CpuTimer1                      
1     00000c08  _CpuTimer1Regs                  
1     0000c1c8  _CpuTimer2                      
1     00000c10  _CpuTimer2Regs                  
1     0033fff8  _CsmPwl                         
1     00000ae0  _CsmRegs                        
0     00009a40  _CsmUnlock                      
0     00009677  _DATALOG_ISR                    
0     0000986b  _DINTCH1_ISR                    
0     00009875  _DINTCH2_ISR                    
0     0000987f  _DINTCH3_ISR                    
0     00009889  _DINTCH4_ISR                    
0     00009893  _DINTCH5_ISR                    
0     0000989d  _DINTCH6_ISR                    
0     00009bfc  _DSP28x_DisableInt              
0     00009c00  _DSP28x_RestoreInt              
0     000081cd  _DSP28x_usDelay                 
0     00009ae2  _Delay                          
1     00000880  _DevEmuRegs                     
0     0000998c  _DisableDog                     
1     00001000  _DmaRegs                        
0     000098f7  _ECAN0INTA_ISR                  
0     0000990b  _ECAN0INTB_ISR                  
0     00009901  _ECAN1INTA_ISR                  
0     00009915  _ECAN1INTB_ISR                  
0     000097df  _ECAP1_INT_ISR                  
0     000097e9  _ECAP2_INT_ISR                  
0     000097f3  _ECAP3_INT_ISR                  
0     000097fd  _ECAP4_INT_ISR                  
0     00009807  _ECAP5_INT_ISR                  
0     00009811  _ECAP6_INT_ISR                  
1     00006040  _ECanaLAMRegs                   
1     000060c0  _ECanaMOTORegs                  
1     00006080  _ECanaMOTSRegs                  
1     00006100  _ECanaMboxes                    
1     00006000  _ECanaRegs                      
1     00006240  _ECanbLAMRegs                   
1     000062c0  _ECanbMOTORegs                  
1     00006280  _ECanbMOTSRegs                  
1     00006300  _ECanbMboxes                    
1     00006200  _ECanbRegs                      
1     00006a00  _ECap1Regs                      
1     00006a20  _ECap2Regs                      
1     00006a40  _ECap3Regs                      
1     00006a60  _ECap4Regs                      
1     00006a80  _ECap5Regs                      
1     00006aa0  _ECap6Regs                      
0     0000968b  _EMUINT_ISR                     
0     000097a3  _EPWM1_INT_ISR                  
0     00009767  _EPWM1_TZINT_ISR                
0     000097ad  _EPWM2_INT_ISR                  
0     00009771  _EPWM2_TZINT_ISR                
0     000097b7  _EPWM3_INT_ISR                  
0     0000977b  _EPWM3_TZINT_ISR                
0     000097c1  _EPWM4_INT_ISR                  
0     00009785  _EPWM4_TZINT_ISR                
0     000097cb  _EPWM5_INT_ISR                  
0     0000978f  _EPWM5_TZINT_ISR                
0     000097d5  _EPWM6_INT_ISR                  
0     00009799  _EPWM6_TZINT_ISR                
1     00006800  _EPwm1Regs                      
1     00006840  _EPwm2Regs                      
1     00006880  _EPwm3Regs                      
1     000068c0  _EPwm4Regs                      
1     00006900  _EPwm5Regs                      
1     00006940  _EPwm6Regs                      
0     0000981b  _EQEP1_INT_ISR                  
0     00009825  _EQEP2_INT_ISR                  
1     00006b00  _EQep1Regs                      
1     00006b40  _EQep2Regs                      
1     0000d5f0  _F6x8                           
1     0000d000  _F8X16                          
1     00000a80  _FlashRegs                      
1     00006f80  _GpioCtrlRegs                   
1     00006fc0  _GpioDataRegs                   
1     00006fe0  _GpioIntRegs                    
1     0000c000  _Hzk                            
0     000098a7  _I2CINT1A_ISR                   
0     000098b1  _I2CINT2A_ISR                   
1     00007900  _I2caRegs                       
0     0000969f  _ILLEGAL_ISR                    
0     00009663  _INT13_ISR                      
0     0000966d  _INT14_ISR                      
0     000099e5  _InitPeripheralClocks           
0     00009994  _InitPll                        
0     00009979  _InitSysCtrl                    
0     00009bc7  _LEDGpio_Init                   
0     0000995b  _LUF_ISR                        
0     00009951  _LVF_ISR                        
0     00009857  _MRINTA_ISR                     
0     00009843  _MRINTB_ISR                     
0     00009861  _MXINTA_ISR                     
0     0000984d  _MXINTB_ISR                     
1     00005000  _McbspaRegs                     
1     00005040  _McbspbRegs                     
0     00009695  _NMI_ISR                        
0     000090e3  _OLED_Clear                     
0     000090d6  _OLED_Display_Off               
0     000090c9  _OLED_Display_On                
0     0000922c  _OLED_DrawBMP                   
0     0000925a  _OLED_Float                     
0     0000933d  _OLED_Float2                    
0     00009574  _OLED_Init                      
0     00009403  _OLED_Num2                      
0     00009449  _OLED_Num3                      
0     000094a5  _OLED_Num4                      
0     00009528  _OLED_Num5                      
0     000094e2  _OLED_Num_write                 
0     00009107  _OLED_On                        
0     000090b2  _OLED_Set_Pos                   
0     000091ef  _OLED_ShowCHinese               
0     0000912b  _OLED_ShowChar                  
0     00009197  _OLED_ShowNumber                
0     000091d3  _OLED_ShowString                
0     0000907f  _OLED_WR_Byte                   
0     00009000  _OLED_Write_SPI_Byte            
0     0000903b  _OLED_Write_SPI_Command         
0     00009079  _OLED_Write_SPI_Data            
0     00009506  _OLED_fuhao_write               
0     00009965  _PIE_RESERVED                   
1     00380090  _PartIdRegs                     
1     00000ce0  _PieCtrlRegs                    
1     00000d00  _PieVectTable                   
0     00009681  _RTOSINT_ISR                    
0     000098cf  _SCIRXINTA_ISR                  
0     000098e3  _SCIRXINTB_ISR                  
0     000098bb  _SCIRXINTC_ISR                  
0     000098d9  _SCITXINTA_ISR                  
0     000098ed  _SCITXINTB_ISR                  
0     000098c5  _SCITXINTC_ISR                  
0     00009721  _SEQ1INT_ISR                    
0     0000972b  _SEQ2INT_ISR                    
0     0000982f  _SPIRXINTA_ISR                  
0     00009839  _SPITXINTA_ISR                  
1     00007050  _SciaRegs                       
1     00007750  _ScibRegs                       
1     00007770  _ScicRegs                       
0     00009982  _ServiceDog                     
0     00009c03  _SetDBGIER                      
1     00007040  _SpiaRegs                       
1     00007010  _SysCtrlRegs                    
0     00009753  _TINT0_ISR                      
0     00009703  _USER10_ISR                     
0     0000970d  _USER11_ISR                     
0     00009717  _USER12_ISR                     
0     000096a9  _USER1_ISR                      
0     000096b3  _USER2_ISR                      
0     000096bd  _USER3_ISR                      
0     000096c7  _USER4_ISR                      
0     000096d1  _USER5_ISR                      
0     000096db  _USER6_ISR                      
0     000096e5  _USER7_ISR                      
0     000096ef  _USER8_ISR                      
0     000096f9  _USER9_ISR                      
0     0000975d  _WAKEINT_ISR                    
0     00009735  _XINT1_ISR                      
0     0000973f  _XINT2_ISR                      
0     0000991f  _XINT3_ISR                      
0     00009929  _XINT4_ISR                      
0     00009933  _XINT5_ISR                      
0     0000993d  _XINT6_ISR                      
0     00009947  _XINT7_ISR                      
1     00007070  _XIntruptRegs                   
1     00000b20  _XintfRegs                      
1     00000700  __STACK_END                     
abs   00000300  __STACK_SIZE                    
1     0000c1da  ___TI_cleanup_ptr               
1     0000c1dc  ___TI_dtors_ptr                 
1     0000c1d8  ___TI_enable_exit_profile_output
abs   ffffffff  ___TI_pprof_out_hndl            
abs   ffffffff  ___TI_prof_data_size            
abs   ffffffff  ___TI_prof_data_start           
abs   ffffffff  ___binit__                      
abs   ffffffff  ___c_args__                     
0     00008000  ___cinit__                      
0     00009c09  ___etext__                      
abs   ffffffff  ___pinit__                      
0     00009000  ___text__                       
0     00009bae  __args_main                     
1     0000c1de  __lock                          
0     00009bf3  __nop                           
0     00009bef  __register_lock                 
0     00009beb  __register_unlock               
1     00000400  __stack                         
0     00009c08  __system_post_cinit             
0     00009c06  __system_pre_init               
1     0000c1e0  __unlock                        
0     00009b21  _abort                          
0     00009a71  _c_int00                        
0     00009b4a  _copy_in                        
0     00009bd5  _delay                          
0     00009b23  _exit                           
0     0000908d  _fill_picture                   
0     00009ac7  _main                           
0     00009b90  _memcpy                         
0     00009646  _oled_first_show                
0     00009187  _oled_pow                       
0     0000996f  _rsvd_ISR                       
abs   ffffffff  binit                           
0     00008000  cinit                           
0     00000000  code_start                      
0     00009c09  etext                           
abs   ffffffff  pinit                           


GLOBAL SYMBOLS: SORTED BY Symbol Address 

page  address   name                            
----  -------   ----                            
0     00000000  code_start                      
0     00008000  ___cinit__                      
0     00008000  cinit                           
0     000081cd  _DSP28x_usDelay                 
0     00009000  .text                           
0     00009000  _OLED_Write_SPI_Byte            
0     00009000  ___text__                       
0     0000903b  _OLED_Write_SPI_Command         
0     00009079  _OLED_Write_SPI_Data            
0     0000907f  _OLED_WR_Byte                   
0     0000908d  _fill_picture                   
0     000090b2  _OLED_Set_Pos                   
0     000090c9  _OLED_Display_On                
0     000090d6  _OLED_Display_Off               
0     000090e3  _OLED_Clear                     
0     00009107  _OLED_On                        
0     0000912b  _OLED_ShowChar                  
0     00009187  _oled_pow                       
0     00009197  _OLED_ShowNumber                
0     000091d3  _OLED_ShowString                
0     000091ef  _OLED_ShowCHinese               
0     0000922c  _OLED_DrawBMP                   
0     0000925a  _OLED_Float                     
0     0000933d  _OLED_Float2                    
0     00009403  _OLED_Num2                      
0     00009449  _OLED_Num3                      
0     000094a5  _OLED_Num4                      
0     000094e2  _OLED_Num_write                 
0     00009506  _OLED_fuhao_write               
0     00009528  _OLED_Num5                      
0     00009574  _OLED_Init                      
0     00009646  _oled_first_show                
0     00009663  _INT13_ISR                      
0     0000966d  _INT14_ISR                      
0     00009677  _DATALOG_ISR                    
0     00009681  _RTOSINT_ISR                    
0     0000968b  _EMUINT_ISR                     
0     00009695  _NMI_ISR                        
0     0000969f  _ILLEGAL_ISR                    
0     000096a9  _USER1_ISR                      
0     000096b3  _USER2_ISR                      
0     000096bd  _USER3_ISR                      
0     000096c7  _USER4_ISR                      
0     000096d1  _USER5_ISR                      
0     000096db  _USER6_ISR                      
0     000096e5  _USER7_ISR                      
0     000096ef  _USER8_ISR                      
0     000096f9  _USER9_ISR                      
0     00009703  _USER10_ISR                     
0     0000970d  _USER11_ISR                     
0     00009717  _USER12_ISR                     
0     00009721  _SEQ1INT_ISR                    
0     0000972b  _SEQ2INT_ISR                    
0     00009735  _XINT1_ISR                      
0     0000973f  _XINT2_ISR                      
0     00009749  _ADCINT_ISR                     
0     00009753  _TINT0_ISR                      
0     0000975d  _WAKEINT_ISR                    
0     00009767  _EPWM1_TZINT_ISR                
0     00009771  _EPWM2_TZINT_ISR                
0     0000977b  _EPWM3_TZINT_ISR                
0     00009785  _EPWM4_TZINT_ISR                
0     0000978f  _EPWM5_TZINT_ISR                
0     00009799  _EPWM6_TZINT_ISR                
0     000097a3  _EPWM1_INT_ISR                  
0     000097ad  _EPWM2_INT_ISR                  
0     000097b7  _EPWM3_INT_ISR                  
0     000097c1  _EPWM4_INT_ISR                  
0     000097cb  _EPWM5_INT_ISR                  
0     000097d5  _EPWM6_INT_ISR                  
0     000097df  _ECAP1_INT_ISR                  
0     000097e9  _ECAP2_INT_ISR                  
0     000097f3  _ECAP3_INT_ISR                  
0     000097fd  _ECAP4_INT_ISR                  
0     00009807  _ECAP5_INT_ISR                  
0     00009811  _ECAP6_INT_ISR                  
0     0000981b  _EQEP1_INT_ISR                  
0     00009825  _EQEP2_INT_ISR                  
0     0000982f  _SPIRXINTA_ISR                  
0     00009839  _SPITXINTA_ISR                  
0     00009843  _MRINTB_ISR                     
0     0000984d  _MXINTB_ISR                     
0     00009857  _MRINTA_ISR                     
0     00009861  _MXINTA_ISR                     
0     0000986b  _DINTCH1_ISR                    
0     00009875  _DINTCH2_ISR                    
0     0000987f  _DINTCH3_ISR                    
0     00009889  _DINTCH4_ISR                    
0     00009893  _DINTCH5_ISR                    
0     0000989d  _DINTCH6_ISR                    
0     000098a7  _I2CINT1A_ISR                   
0     000098b1  _I2CINT2A_ISR                   
0     000098bb  _SCIRXINTC_ISR                  
0     000098c5  _SCITXINTC_ISR                  
0     000098cf  _SCIRXINTA_ISR                  
0     000098d9  _SCITXINTA_ISR                  
0     000098e3  _SCIRXINTB_ISR                  
0     000098ed  _SCITXINTB_ISR                  
0     000098f7  _ECAN0INTA_ISR                  
0     00009901  _ECAN1INTA_ISR                  
0     0000990b  _ECAN0INTB_ISR                  
0     00009915  _ECAN1INTB_ISR                  
0     0000991f  _XINT3_ISR                      
0     00009929  _XINT4_ISR                      
0     00009933  _XINT5_ISR                      
0     0000993d  _XINT6_ISR                      
0     00009947  _XINT7_ISR                      
0     00009951  _LVF_ISR                        
0     0000995b  _LUF_ISR                        
0     00009965  _PIE_RESERVED                   
0     0000996f  _rsvd_ISR                       
0     00009979  _InitSysCtrl                    
0     00009982  _ServiceDog                     
0     0000998c  _DisableDog                     
0     00009994  _InitPll                        
0     000099e5  _InitPeripheralClocks           
0     00009a40  _CsmUnlock                      
0     00009a71  _c_int00                        
0     00009ac7  _main                           
0     00009ae2  _Delay                          
0     00009af7  L$$DIV                          
0     00009b06  L$$MOD                          
0     00009b14  UL$$DIV                         
0     00009b1b  UL$$MOD                         
0     00009b21  C$$EXIT                         
0     00009b21  _abort                          
0     00009b23  _exit                           
0     00009b4a  _copy_in                        
0     00009b6e  I$$DIV                          
0     00009b7f  I$$MOD                          
0     00009b90  _memcpy                         
0     00009bae  __args_main                     
0     00009bc7  _LEDGpio_Init                   
0     00009bd5  _delay                          
0     00009be0  U$$DIV                          
0     00009be5  U$$MOD                          
0     00009beb  __register_unlock               
0     00009bef  __register_lock                 
0     00009bf3  __nop                           
0     00009bfc  _DSP28x_DisableInt              
0     00009c00  _DSP28x_RestoreInt              
0     00009c03  _SetDBGIER                      
0     00009c06  __system_pre_init               
0     00009c08  __system_post_cinit             
0     00009c09  ___etext__                      
0     00009c09  etext                           
0     00380080  _ADC_cal                        
1     00000400  __stack                         
1     00000700  __STACK_END                     
1     00000880  _DevEmuRegs                     
1     00000a80  _FlashRegs                      
1     00000ae0  _CsmRegs                        
1     00000b00  _AdcMirror                      
1     00000b20  _XintfRegs                      
1     00000c00  _CpuTimer0Regs                  
1     00000c08  _CpuTimer1Regs                  
1     00000c10  _CpuTimer2Regs                  
1     00000ce0  _PieCtrlRegs                    
1     00000d00  _PieVectTable                   
1     00001000  _DmaRegs                        
1     00005000  _McbspaRegs                     
1     00005040  _McbspbRegs                     
1     00006000  _ECanaRegs                      
1     00006040  _ECanaLAMRegs                   
1     00006080  _ECanaMOTSRegs                  
1     000060c0  _ECanaMOTORegs                  
1     00006100  _ECanaMboxes                    
1     00006200  _ECanbRegs                      
1     00006240  _ECanbLAMRegs                   
1     00006280  _ECanbMOTSRegs                  
1     000062c0  _ECanbMOTORegs                  
1     00006300  _ECanbMboxes                    
1     00006800  _EPwm1Regs                      
1     00006840  _EPwm2Regs                      
1     00006880  _EPwm3Regs                      
1     000068c0  _EPwm4Regs                      
1     00006900  _EPwm5Regs                      
1     00006940  _EPwm6Regs                      
1     00006a00  _ECap1Regs                      
1     00006a20  _ECap2Regs                      
1     00006a40  _ECap3Regs                      
1     00006a60  _ECap4Regs                      
1     00006a80  _ECap5Regs                      
1     00006aa0  _ECap6Regs                      
1     00006b00  _EQep1Regs                      
1     00006b40  _EQep2Regs                      
1     00006f80  _GpioCtrlRegs                   
1     00006fc0  _GpioDataRegs                   
1     00006fe0  _GpioIntRegs                    
1     00007010  _SysCtrlRegs                    
1     00007040  _SpiaRegs                       
1     00007050  _SciaRegs                       
1     00007070  _XIntruptRegs                   
1     00007100  _AdcRegs                        
1     00007750  _ScibRegs                       
1     00007770  _ScicRegs                       
1     00007900  _I2caRegs                       
1     0000c000  _Hzk                            
1     0000c1c0  _CpuTimer1                      
1     0000c1c8  _CpuTimer2                      
1     0000c1d0  _CpuTimer0                      
1     0000c1d8  ___TI_enable_exit_profile_output
1     0000c1da  ___TI_cleanup_ptr               
1     0000c1dc  ___TI_dtors_ptr                 
1     0000c1de  __lock                          
1     0000c1e0  __unlock                        
1     0000d000  _F8X16                          
1     0000d5f0  _F6x8                           
1     0033fff8  _CsmPwl                         
1     00380090  _PartIdRegs                     
abs   00000300  __STACK_SIZE                    
abs   ffffffff  ___TI_pprof_out_hndl            
abs   ffffffff  ___TI_prof_data_size            
abs   ffffffff  ___TI_prof_data_start           
abs   ffffffff  ___binit__                      
abs   ffffffff  ___c_args__                     
abs   ffffffff  ___pinit__                      
abs   ffffffff  binit                           
abs   ffffffff  pinit                           

[219 symbols]
