******************************************************************************
             TMS320C2000 Linker PC v16.9.3                     
******************************************************************************
>> Linked Sun Jul 14 12:16:57 2019

OUTPUT FILE NAME:   <ModuleProject.out>
ENTRY POINT SYMBOL: "_c_int00"  address: 0033c379


MEMORY CONFIGURATION

         name            origin    length      used     unused   attr    fill
----------------------  --------  ---------  --------  --------  ----  --------
PAGE 0:
  ZONE0                 00004000   00001000  00000000  00001000  RWIX
  RAML0                 00008000   00001000  0000001f  00000fe1  RWIX
  RAML1                 00009000   00001000  00000000  00001000  RWIX
  RAML2                 0000a000   00001000  00000000  00001000  RWIX
  RAML3                 0000b000   00001000  00000000  00001000  RWIX
  ZONE6                 00100000   00100000  00000000  00100000  RWIX
  ZONE7A                00200000   0000fc00  00000000  0000fc00  RWIX
  FLASHH                00300000   00008000  00000000  00008000  RWIX
  FLASHG                00308000   00008000  00000000  00008000  RWIX
  FLASHF                00310000   00008000  00000000  00008000  RWIX
  FLASHE                00318000   00008000  00000000  00008000  RWIX
  FLASHD                00320000   00008000  0000001f  00007fe1  RWIX
  FLASHC                00328000   00008000  00000000  00008000  RWIX
  FLASHA                00338000   00007f80  0000617e  00001e02  RWIX
  CSM_RSVD              0033ff80   00000076  00000076  00000000  RWIX
  BEGIN                 0033fff6   00000002  00000002  00000000  RWIX
  CSM_PWL               0033fff8   00000008  00000008  00000000  RWIX
  ADC_CAL               00380080   00000009  00000007  00000002  RWIX
  OTP                   00380400   00000400  00000000  00000400  RWIX
  IQTABLES              003fe000   00000b50  00000000  00000b50  RWIX
  IQTABLES2             003feb50   0000008c  00000000  0000008c  RWIX
  FPUTABLES             003febdc   000006a0  00000000  000006a0  RWIX
  ROM                   003ff27c   00000d44  00000000  00000d44  RWIX
  RESET                 003fffc0   00000002  00000000  00000002  RWIX
  VECTORS               003fffc2   0000003e  00000000  0000003e  RWIX

PAGE 1:
  BOOT_RSVD             00000000   00000050  00000000  00000050  RWIX
  RAMM0                 00000050   000004f0  00000420  000000d0  RWIX
  DEV_EMU               00000880   00000180  000000d0  000000b0  RWIX
  FLASH_REGS            00000a80   00000060  00000008  00000058  RWIX
  CSM                   00000ae0   00000010  00000010  00000000  RWIX
  ADC_MIRROR            00000b00   00000010  00000010  00000000  RWIX
  XINTF                 00000b20   00000020  0000001e  00000002  RWIX
  CPU_TIMER0            00000c00   00000008  00000008  00000000  RWIX
  CPU_TIMER1            00000c08   00000008  00000008  00000000  RWIX
  CPU_TIMER2            00000c10   00000008  00000008  00000000  RWIX
  PIE_CTRL              00000ce0   00000020  0000001a  00000006  RWIX
  PIE_VECT              00000d00   00000100  00000100  00000000  RWIX
  DMA                   00001000   00000200  000000e0  00000120  RWIX
  MCBSPA                00005000   00000040  00000025  0000001b  RWIX
  MCBSPB                00005040   00000040  00000025  0000001b  RWIX
  ECANA                 00006000   00000040  00000034  0000000c  RWIX
  ECANA_LAM             00006040   00000040  00000040  00000000  RWIX
  ECANA_MOTS            00006080   00000040  00000040  00000000  RWIX
  ECANA_MOTO            000060c0   00000040  00000040  00000000  RWIX
  ECANA_MBOX            00006100   00000100  00000100  00000000  RWIX
  ECANB                 00006200   00000040  00000034  0000000c  RWIX
  ECANB_LAM             00006240   00000040  00000040  00000000  RWIX
  ECANB_MOTS            00006280   00000040  00000040  00000000  RWIX
  ECANB_MOTO            000062c0   00000040  00000040  00000000  RWIX
  ECANB_MBOX            00006300   00000100  00000100  00000000  RWIX
  EPWM1                 00006800   00000022  00000022  00000000  RWIX
  EPWM2                 00006840   00000022  00000022  00000000  RWIX
  EPWM3                 00006880   00000022  00000022  00000000  RWIX
  EPWM4                 000068c0   00000022  00000022  00000000  RWIX
  EPWM5                 00006900   00000022  00000022  00000000  RWIX
  EPWM6                 00006940   00000022  00000022  00000000  RWIX
  ECAP1                 00006a00   00000020  00000020  00000000  RWIX
  ECAP2                 00006a20   00000020  00000020  00000000  RWIX
  ECAP3                 00006a40   00000020  00000020  00000000  RWIX
  ECAP4                 00006a60   00000020  00000020  00000000  RWIX
  ECAP5                 00006a80   00000020  00000020  00000000  RWIX
  ECAP6                 00006aa0   00000020  00000020  00000000  RWIX
  EQEP1                 00006b00   00000040  00000040  00000000  RWIX
  EQEP2                 00006b40   00000040  00000040  00000000  RWIX
  GPIOCTRL              00006f80   00000040  0000002e  00000012  RWIX
  GPIODAT               00006fc0   00000020  00000020  00000000  RWIX
  GPIOINT               00006fe0   00000020  0000000a  00000016  RWIX
  SYSTEM                00007010   00000020  00000020  00000000  RWIX
  SPIA                  00007040   00000010  00000010  00000000  RWIX
  SCIA                  00007050   00000010  00000010  00000000  RWIX
  XINTRUPT              00007070   00000010  00000010  00000000  RWIX
  ADC                   00007100   00000020  0000001e  00000002  RWIX
  SCIB                  00007750   00000010  00000010  00000000  RWIX
  SCIC                  00007770   00000010  00000010  00000000  RWIX
  I2CA                  00007900   00000040  00000022  0000001e  RWIX
  RAML4                 0000c000   00001000  0000080c  000007f4  RWIX
  RAML5                 0000d000   00001000  00000000  00001000  RWIX
  RAML6                 0000e000   00001000  00000000  00001000  RWIX
  RAML7                 0000f000   00001000  00000000  00001000  RWIX
  ZONE7B                0020fc00   00000400  00000000  00000400  RWIX
  FLASHB                00330000   00008000  00000000  00008000  RWIX
  CSM_PWL               0033fff8   00000008  00000008  00000000  RWIX
  PARTID                00380090   00000001  00000001  00000000  RWIX


SECTION ALLOCATION MAP

 output                                  attributes/
section   page    origin      length       input sections
--------  ----  ----------  ----------   ----------------
ramfuncs   0    00320000    0000001f     RUN ADDR = 00008000
                  00320000    0000001b     DSP2833x_SysCtrl.obj (ramfuncs)
                  0032001b    00000004     DSP2833x_usDelay.obj (ramfuncs)

.text      0    00338000    00004814     
                  00338000    000011e3     inv_mpu.obj (.text)
                  003391e3    00000001     rts2800_fpu32.lib : startup.obj (.text)
                  003391e4    00000c16                       : _printfi.obj (.text)
                  00339dfa    0000075e     inv_mpu_dmp_motion_driver.obj (.text)
                  0033a558    00000463     SPIOLED.obj (.text)
                  0033a9bb    00000316     DSP2833x_DefaultIsr.obj (.text:retain)
                  0033acd1    0000027c     rts2800_fpu32.lib : trgdrv.obj (.text)
                  0033af4d    0000021b                       : lowlev.obj (.text)
                  0033b168    000001d2                       : memory.obj (.text)
                  0033b33a    000001ba     mpu6050.obj (.text)
                  0033b4f4    0000011e     mpuiic.obj (.text)
                  0033b612    00000107     rts2800_fpu32.lib : ll_div28.obj (.text)
                  0033b719    000000fc     main.obj (.text)
                  0033b815    000000f9     rts2800_fpu32.lib : fopen.obj (.text)
                  0033b90e    000000f8     DSP2833x_SysCtrl.obj (.text)
                  0033ba06    000000f4     rts2800_fpu32.lib : e_asinf.obj (.text)
                  0033bafa    000000d4                       : e_atan2f.obj (.text)
                  0033bbce    000000cb                       : s_atanf.obj (.text)
                  0033bc99    000000bc                       : s_scalbn.obj (.text)
                  0033bd55    000000b0                       : fputs.obj (.text)
                  0033be05    0000009c                       : fd_add28.obj (.text)
                  0033bea1    00000001     --HOLE-- [fill = 0]
                  0033bea2    00000094                       : trgmsg.obj (.text)
                  0033bf36    00000091                       : e_sqrt.obj (.text)
                  0033bfc7    0000008b                       : fd_div28.obj (.text)
                  0033c052    00000089                       : setvbuf.obj (.text)
                  0033c0db    00000088                       : fs_div28.obj (.text)
                  0033c163    00000083                       : fd_mpy28.obj (.text)
                  0033c1e6    00000073                       : fflush.obj (.text)
                  0033c259    00000067                       : _io_perm.obj (.text)
                  0033c2c0    0000005f                       : fclose.obj (.text)
                  0033c31f    0000005a                       : s_frexp.obj (.text)
                  0033c379    00000056                       : boot28.obj (.text)
                  0033c3cf    00000053                       : fputc.obj (.text)
                  0033c422    0000003d                       : fseek.obj (.text)
                  0033c45f    00000034                       : printf.obj (.text)
                  0033c493    00000031                       : atoi.obj (.text)
                  0033c4c4    0000002e                       : ltoa.obj (.text)
                  0033c4f2    0000002a                       : fd_cmp28.obj (.text)
                  0033c51c    0000002a                       : l_div28.obj (.text)
                  0033c546    00000029                       : exit.obj (.text)
                  0033c56f    00000024                       : cpy_tbl.obj (.text)
                  0033c593    00000024                       : s_copysign.obj (.text)
                  0033c5b7    00000023                       : fd_tofsfpu32.obj (.text)
                  0033c5da    00000022                       : i_div28.obj (.text)
                  0033c5fc    00000021                       : fd_toi28.obj (.text)
                  0033c61d    00000020     public.obj (.text)
                  0033c63d    0000001f     rts2800_fpu32.lib : fd_tol28.obj (.text)
                  0033c65c    0000001e                       : ll_cmp28.obj (.text)
                  0033c67a    0000001e                       : memcpy.obj (.text)
                  0033c698    0000001e                       : strncpy.obj (.text)
                  0033c6b6    0000001d                       : i_tofd28.obj (.text)
                  0033c6d3    0000001c                       : fs_tofdfpu32.obj (.text)
                  0033c6ef    0000001c                       : l_tofd28.obj (.text)
                  0033c70b    00000019                       : args_main.obj (.text)
                  0033c724    00000018                       : ll_aox28.obj (.text)
                  0033c73c    00000015                       : memcmp.obj (.text)
                  0033c751    00000014                       : ll_mpy28.obj (.text)
                  0033c765    00000013     DSP2833x_MemCopy.obj (.text)
                  0033c778    00000010     rts2800_fpu32.lib : memchr.obj (.text)
                  0033c788    0000000e     LED.obj (.text)
                  0033c796    0000000e     rts2800_fpu32.lib : fd_sub28.obj (.text)
                  0033c7a4    0000000d                       : memccpy.obj (.text)
                  0033c7b1    0000000c                       : memset.obj (.text)
                  0033c7bd    0000000c                       : strchr.obj (.text)
                  0033c7c9    0000000b                       : u_div28.obj (.text)
                  0033c7d4    0000000a                       : strcmp.obj (.text)
                  0033c7de    00000009                       : _lock.obj (.text)
                  0033c7e7    00000009                       : fd_neg28.obj (.text)
                  0033c7f0    00000008     DSP2833x_CodeStartBranch.obj (.text)
                  0033c7f8    00000008     rts2800_fpu32.lib : strlen.obj (.text)
                  0033c800    00000007     DSP2833x_DisInt.obj (.text)
                  0033c807    00000005     rts2800_fpu32.lib : strcpy.obj (.text)
                  0033c80c    00000003     DSP2833x_DBGIER.obj (.text)
                  0033c80f    00000003     rts2800_fpu32.lib : remove.obj (.text)
                  0033c812    00000002                       : pre_init.obj (.text)

.econst    0    0033c814    00001712     
                  0033c814    00000bf6     inv_mpu_dmp_motion_driver.obj (.econst:.string:_dmp_memory)
                  0033d40a    000005f0     SPIOLED.obj (.econst:.string:_F8X16)
                  0033d9fa    00000228     SPIOLED.obj (.econst:_F6x8)
                  0033dc22    00000101     rts2800_fpu32.lib : ctype.obj (.econst:.string:__ctypes_)
                  0033dd23    00000001     inv_mpu_dmp_motion_driver.obj (.econst)
                  0033dd24    000000a0     inv_mpu.obj (.econst:.string)
                  0033ddc4    00000038     SPIOLED.obj (.econst:.string)
                  0033ddfc    00000026     rts2800_fpu32.lib : _printfi.obj (.econst:.string)
                  0033de22    0000001c                       : _printfi.obj (.econst)
                  0033de3e    0000001c                       : s_scalbn.obj (.econst)
                  0033de5a    0000001b     inv_mpu.obj (.econst:_reg)
                  0033de75    00000001     --HOLE-- [fill = 0]
                  0033de76    00000016     inv_mpu.obj (.econst:_test)
                  0033de8c    00000014     rts2800_fpu32.lib : e_asinf.obj (.econst)
                  0033dea0    0000000c     inv_mpu_dmp_motion_driver.obj (.econst:.string:_$P$T4$5)
                  0033deac    0000000c     rts2800_fpu32.lib : e_atan2f.obj (.econst)
                  0033deb8    0000000c                       : e_sqrt.obj (.econst)
                  0033dec4    0000000b     inv_mpu_dmp_motion_driver.obj (.econst:.string:_$P$T7$8)
                  0033decf    0000000b     inv_mpu_dmp_motion_driver.obj (.econst:.string:_$P$T8$9)
                  0033deda    0000000a     rts2800_fpu32.lib : s_atanf.obj (.econst:_aT)
                  0033dee4    00000009     inv_mpu_dmp_motion_driver.obj (.econst:.string:_$P$T5$6)
                  0033deed    00000009     inv_mpu_dmp_motion_driver.obj (.econst:.string:_$P$T6$7)
                  0033def6    00000008     rts2800_fpu32.lib : s_atanf.obj (.econst:_atanhi)
                  0033defe    00000008                       : s_atanf.obj (.econst:_atanlo)
                  0033df06    00000008                       : s_frexp.obj (.econst)
                  0033df0e    00000006     inv_mpu.obj (.econst:_hw)
                  0033df14    00000004     rts2800_fpu32.lib : s_atanf.obj (.econst)
                  0033df18    00000003     inv_mpu_dmp_motion_driver.obj (.econst:.string:_$P$T0$1)
                  0033df1b    00000003     inv_mpu_dmp_motion_driver.obj (.econst:.string:_$P$T1$2)
                  0033df1e    00000003     inv_mpu_dmp_motion_driver.obj (.econst:.string:_$P$T2$3)
                  0033df21    00000003     inv_mpu_dmp_motion_driver.obj (.econst:.string:_$P$T3$4)
                  0033df24    00000002     rts2800_fpu32.lib : fputs.obj (.econst:.string)

.cinit     0    0033df26    00000258     
                  0033df26    000001b3     SPIOLED.obj (.cinit)
                  0033e0d9    00000031     rts2800_fpu32.lib : lowlev.obj (.cinit)
                  0033e10a    0000002a                       : defs.obj (.cinit)
                  0033e134    00000019     inv_mpu.obj (.cinit)
                  0033e14d    0000000e     rts2800_fpu32.lib : exit.obj (.cinit)
                  0033e15b    0000000b     inv_mpu_dmp_motion_driver.obj (.cinit)
                  0033e166    00000005     rts2800_fpu32.lib : _lock.obj (.cinit:__lock)
                  0033e16b    00000005                       : _lock.obj (.cinit:__unlock)
                  0033e170    00000004                       : errno.obj (.cinit)
                  0033e174    00000004                       : fopen.obj (.cinit)
                  0033e178    00000004                       : memory.obj (.cinit)
                  0033e17c    00000002     --HOLE-- [fill = 0]

.pinit     0    00338000    00000000     UNINITIALIZED

csm_rsvd   0    0033ff80    00000076     
                  0033ff80    00000076     DSP2833x_CSMPasswords.obj (csm_rsvd)

codestart 
*          0    0033fff6    00000002     
                  0033fff6    00000002     DSP2833x_CodeStartBranch.obj (codestart)

csmpasswds 
*          0    0033fff8    00000008     
                  0033fff8    00000008     DSP2833x_CSMPasswords.obj (csmpasswds)

.stack     1    00000050    00000300     UNINITIALIZED
                  00000050    00000300     --HOLE--

.ebss      1    0000c000    0000040c     UNINITIALIZED
                  0000c000    000001c0     SPIOLED.obj (.ebss)
                  0000c1c0    00000160     rts2800_fpu32.lib : defs.obj (.ebss)
                  0000c320    00000018     DSP2833x_CpuTimers.obj (.ebss)
                  0000c338    00000008     inv_mpu_dmp_motion_driver.obj (.ebss)
                  0000c340    00000088     rts2800_fpu32.lib : lowlev.obj (.ebss)
                  0000c3c8    00000028     inv_mpu.obj (.ebss)
                  0000c3f0    00000008     rts2800_fpu32.lib : memory.obj (.ebss)
                  0000c3f8    00000008                       : trgdrv.obj (.ebss)
                  0000c400    00000006                       : exit.obj (.ebss)
                  0000c406    00000002                       : _lock.obj (.ebss:__lock)
                  0000c408    00000002                       : _lock.obj (.ebss:__unlock)
                  0000c40a    00000001                       : errno.obj (.ebss)
                  0000c40b    00000001                       : fopen.obj (.ebss)

.reset     0    003fffc0    00000002     DSECT
                  003fffc0    00000002     rts2800_fpu32.lib : boot28.obj (.reset)

vectors    0    003fffc2    00000000     DSECT

.adc_cal   0    00380080    00000007     NOLOAD SECTION
                  00380080    00000007     DSP2833x_ADC_cal.obj (.adc_cal)

.cio       1    00000380    00000120     UNINITIALIZED
                  00000380    00000120     rts2800_fpu32.lib : trgmsg.obj (.cio)

DevEmuRegsFile 
*          1    00000880    000000d0     UNINITIALIZED
                  00000880    000000d0     DSP2833x_GlobalVariableDefs.obj (DevEmuRegsFile)

FlashRegsFile 
*          1    00000a80    00000008     UNINITIALIZED
                  00000a80    00000008     DSP2833x_GlobalVariableDefs.obj (FlashRegsFile)

CsmRegsFile 
*          1    00000ae0    00000010     UNINITIALIZED
                  00000ae0    00000010     DSP2833x_GlobalVariableDefs.obj (CsmRegsFile)

AdcMirrorFile 
*          1    00000b00    00000010     UNINITIALIZED
                  00000b00    00000010     DSP2833x_GlobalVariableDefs.obj (AdcMirrorFile)

XintfRegsFile 
*          1    00000b20    0000001e     UNINITIALIZED
                  00000b20    0000001e     DSP2833x_GlobalVariableDefs.obj (XintfRegsFile)

CpuTimer0RegsFile 
*          1    00000c00    00000008     UNINITIALIZED
                  00000c00    00000008     DSP2833x_GlobalVariableDefs.obj (CpuTimer0RegsFile)

CpuTimer1RegsFile 
*          1    00000c08    00000008     UNINITIALIZED
                  00000c08    00000008     DSP2833x_GlobalVariableDefs.obj (CpuTimer1RegsFile)

CpuTimer2RegsFile 
*          1    00000c10    00000008     UNINITIALIZED
                  00000c10    00000008     DSP2833x_GlobalVariableDefs.obj (CpuTimer2RegsFile)

PieCtrlRegsFile 
*          1    00000ce0    0000001a     UNINITIALIZED
                  00000ce0    0000001a     DSP2833x_GlobalVariableDefs.obj (PieCtrlRegsFile)

PieVectTableFile 
*          1    00000d00    00000100     UNINITIALIZED
                  00000d00    00000100     DSP2833x_GlobalVariableDefs.obj (PieVectTableFile)

DmaRegsFile 
*          1    00001000    000000e0     UNINITIALIZED
                  00001000    000000e0     DSP2833x_GlobalVariableDefs.obj (DmaRegsFile)

McbspaRegsFile 
*          1    00005000    00000025     UNINITIALIZED
                  00005000    00000025     DSP2833x_GlobalVariableDefs.obj (McbspaRegsFile)

McbspbRegsFile 
*          1    00005040    00000025     UNINITIALIZED
                  00005040    00000025     DSP2833x_GlobalVariableDefs.obj (McbspbRegsFile)

ECanaRegsFile 
*          1    00006000    00000034     UNINITIALIZED
                  00006000    00000034     DSP2833x_GlobalVariableDefs.obj (ECanaRegsFile)

ECanaLAMRegsFile 
*          1    00006040    00000040     UNINITIALIZED
                  00006040    00000040     DSP2833x_GlobalVariableDefs.obj (ECanaLAMRegsFile)

ECanaMOTSRegsFile 
*          1    00006080    00000040     UNINITIALIZED
                  00006080    00000040     DSP2833x_GlobalVariableDefs.obj (ECanaMOTSRegsFile)

ECanaMOTORegsFile 
*          1    000060c0    00000040     UNINITIALIZED
                  000060c0    00000040     DSP2833x_GlobalVariableDefs.obj (ECanaMOTORegsFile)

ECanaMboxesFile 
*          1    00006100    00000100     UNINITIALIZED
                  00006100    00000100     DSP2833x_GlobalVariableDefs.obj (ECanaMboxesFile)

ECanbRegsFile 
*          1    00006200    00000034     UNINITIALIZED
                  00006200    00000034     DSP2833x_GlobalVariableDefs.obj (ECanbRegsFile)

ECanbLAMRegsFile 
*          1    00006240    00000040     UNINITIALIZED
                  00006240    00000040     DSP2833x_GlobalVariableDefs.obj (ECanbLAMRegsFile)

ECanbMOTSRegsFile 
*          1    00006280    00000040     UNINITIALIZED
                  00006280    00000040     DSP2833x_GlobalVariableDefs.obj (ECanbMOTSRegsFile)

ECanbMOTORegsFile 
*          1    000062c0    00000040     UNINITIALIZED
                  000062c0    00000040     DSP2833x_GlobalVariableDefs.obj (ECanbMOTORegsFile)

ECanbMboxesFile 
*          1    00006300    00000100     UNINITIALIZED
                  00006300    00000100     DSP2833x_GlobalVariableDefs.obj (ECanbMboxesFile)

EPwm1RegsFile 
*          1    00006800    00000022     UNINITIALIZED
                  00006800    00000022     DSP2833x_GlobalVariableDefs.obj (EPwm1RegsFile)

EPwm2RegsFile 
*          1    00006840    00000022     UNINITIALIZED
                  00006840    00000022     DSP2833x_GlobalVariableDefs.obj (EPwm2RegsFile)

EPwm3RegsFile 
*          1    00006880    00000022     UNINITIALIZED
                  00006880    00000022     DSP2833x_GlobalVariableDefs.obj (EPwm3RegsFile)

EPwm4RegsFile 
*          1    000068c0    00000022     UNINITIALIZED
                  000068c0    00000022     DSP2833x_GlobalVariableDefs.obj (EPwm4RegsFile)

EPwm5RegsFile 
*          1    00006900    00000022     UNINITIALIZED
                  00006900    00000022     DSP2833x_GlobalVariableDefs.obj (EPwm5RegsFile)

EPwm6RegsFile 
*          1    00006940    00000022     UNINITIALIZED
                  00006940    00000022     DSP2833x_GlobalVariableDefs.obj (EPwm6RegsFile)

ECap1RegsFile 
*          1    00006a00    00000020     UNINITIALIZED
                  00006a00    00000020     DSP2833x_GlobalVariableDefs.obj (ECap1RegsFile)

ECap2RegsFile 
*          1    00006a20    00000020     UNINITIALIZED
                  00006a20    00000020     DSP2833x_GlobalVariableDefs.obj (ECap2RegsFile)

ECap3RegsFile 
*          1    00006a40    00000020     UNINITIALIZED
                  00006a40    00000020     DSP2833x_GlobalVariableDefs.obj (ECap3RegsFile)

ECap4RegsFile 
*          1    00006a60    00000020     UNINITIALIZED
                  00006a60    00000020     DSP2833x_GlobalVariableDefs.obj (ECap4RegsFile)

ECap5RegsFile 
*          1    00006a80    00000020     UNINITIALIZED
                  00006a80    00000020     DSP2833x_GlobalVariableDefs.obj (ECap5RegsFile)

ECap6RegsFile 
*          1    00006aa0    00000020     UNINITIALIZED
                  00006aa0    00000020     DSP2833x_GlobalVariableDefs.obj (ECap6RegsFile)

EQep1RegsFile 
*          1    00006b00    00000040     UNINITIALIZED
                  00006b00    00000040     DSP2833x_GlobalVariableDefs.obj (EQep1RegsFile)

EQep2RegsFile 
*          1    00006b40    00000040     UNINITIALIZED
                  00006b40    00000040     DSP2833x_GlobalVariableDefs.obj (EQep2RegsFile)

GpioCtrlRegsFile 
*          1    00006f80    0000002e     UNINITIALIZED
                  00006f80    0000002e     DSP2833x_GlobalVariableDefs.obj (GpioCtrlRegsFile)

GpioDataRegsFile 
*          1    00006fc0    00000020     UNINITIALIZED
                  00006fc0    00000020     DSP2833x_GlobalVariableDefs.obj (GpioDataRegsFile)

GpioIntRegsFile 
*          1    00006fe0    0000000a     UNINITIALIZED
                  00006fe0    0000000a     DSP2833x_GlobalVariableDefs.obj (GpioIntRegsFile)

SysCtrlRegsFile 
*          1    00007010    00000020     UNINITIALIZED
                  00007010    00000020     DSP2833x_GlobalVariableDefs.obj (SysCtrlRegsFile)

SpiaRegsFile 
*          1    00007040    00000010     UNINITIALIZED
                  00007040    00000010     DSP2833x_GlobalVariableDefs.obj (SpiaRegsFile)

SciaRegsFile 
*          1    00007050    00000010     UNINITIALIZED
                  00007050    00000010     DSP2833x_GlobalVariableDefs.obj (SciaRegsFile)

XIntruptRegsFile 
*          1    00007070    00000010     UNINITIALIZED
                  00007070    00000010     DSP2833x_GlobalVariableDefs.obj (XIntruptRegsFile)

AdcRegsFile 
*          1    00007100    0000001e     UNINITIALIZED
                  00007100    0000001e     DSP2833x_GlobalVariableDefs.obj (AdcRegsFile)

ScibRegsFile 
*          1    00007750    00000010     UNINITIALIZED
                  00007750    00000010     DSP2833x_GlobalVariableDefs.obj (ScibRegsFile)

ScicRegsFile 
*          1    00007770    00000010     UNINITIALIZED
                  00007770    00000010     DSP2833x_GlobalVariableDefs.obj (ScicRegsFile)

I2caRegsFile 
*          1    00007900    00000022     UNINITIALIZED
                  00007900    00000022     DSP2833x_GlobalVariableDefs.obj (I2caRegsFile)

.esysmem   1    0000c40c    00000400     UNINITIALIZED
                  0000c40c    00000001     rts2800_fpu32.lib : memory.obj (.esysmem)
                  0000c40d    000003ff     --HOLE--

CsmPwlFile 
*          1    0033fff8    00000008     UNINITIALIZED
                  0033fff8    00000008     DSP2833x_GlobalVariableDefs.obj (CsmPwlFile)

PartIdRegsFile 
*          1    00380090    00000001     UNINITIALIZED
                  00380090    00000001     DSP2833x_GlobalVariableDefs.obj (PartIdRegsFile)

MODULE SUMMARY

       Module                            code    initialized data   uninitialized data
       ------                            ----    ----------------   ------------------
    .\
       main.obj                          252     0                  0                 
    +--+---------------------------------+-------+------------------+--------------------+
       Total:                            252     0                  0                 
                                                                                      
    .\APP\LED\
       LED.obj                           14      0                  0                 
    +--+---------------------------------+-------+------------------+--------------------+
       Total:                            14      0                  0                 
                                                                                      
    .\APP\MPU6050\
       mpu6050.obj                       442     0                  0                 
       mpuiic.obj                        286     0                  0                 
    +--+---------------------------------+-------+------------------+--------------------+
       Total:                            728     0                  0                 
                                                                                      
    .\APP\MPU6050\eMPL\
       inv_mpu_dmp_motion_driver.obj     1886    3138               8                 
       inv_mpu.obj                       4579    240                40                
    +--+---------------------------------+-------+------------------+--------------------+
       Total:                            6465    3378               48                
                                                                                      
    .\APP\Public\
       public.obj                        32      0                  0                 
    +--+---------------------------------+-------+------------------+--------------------+
       Total:                            32      0                  0                 
                                                                                      
    .\APP\SPIOLED\
       SPIOLED.obj                       1123    2563               448               
    +--+---------------------------------+-------+------------------+--------------------+
       Total:                            1123    2563               448               
                                                                                      
    .\DSP2833x_common\source\
       DSP2833x_DefaultIsr.obj           790     0                  0                 
       DSP2833x_SysCtrl.obj              302     0                  0                 
       DSP2833x_CSMPasswords.obj         0       126                0                 
       DSP2833x_CpuTimers.obj            0       0                  24                
       DSP2833x_MemCopy.obj              19      0                  0                 
       DSP2833x_CodeStartBranch.obj      10      0                  0                 
       DSP2833x_usDelay.obj              8       0                  0                 
       DSP2833x_ADC_cal.obj              7       0                  0                 
       DSP2833x_DisInt.obj               7       0                  0                 
       DSP2833x_DBGIER.obj               3       0                  0                 
    +--+---------------------------------+-------+------------------+--------------------+
       Total:                            1146    126                24                
                                                                                      
    .\DSP2833x_headers\source\
       DSP2833x_GlobalVariableDefs.obj   0       0                  2679              
    +--+---------------------------------+-------+------------------+--------------------+
       Total:                            0       0                  2679              
                                                                                      
    C:\ti\ccsv7\tools\compiler\ti-cgt-c2000_16.9.3.LTS\lib\rts2800_fpu32.lib
       _printfi.obj                      3094    66                 0                 
       lowlev.obj                        539     49                 136               
       trgdrv.obj                        636     0                  8                 
       memory.obj                        466     4                  8                 
       trgmsg.obj                        148     0                  288               
       defs.obj                          0       42                 352               
       e_asinf.obj                       244     20                 0                 
       ll_div28.obj                      263     0                  0                 
       ctype.obj                         0       257                0                 
       fopen.obj                         249     4                  1                 
       s_atanf.obj                       203     30                 0                 
       e_atan2f.obj                      212     12                 0                 
       s_scalbn.obj                      188     28                 0                 
       fputs.obj                         176     2                  0                 
       e_sqrt.obj                        145     12                 0                 
       fd_add28.obj                      156     0                  0                 
       fd_div28.obj                      139     0                  0                 
       setvbuf.obj                       137     0                  0                 
       fs_div28.obj                      136     0                  0                 
       fd_mpy28.obj                      131     0                  0                 
       fflush.obj                        115     0                  0                 
       _io_perm.obj                      103     0                  0                 
       s_frexp.obj                       90      8                  0                 
       fclose.obj                        95      0                  0                 
       boot28.obj                        86      0                  0                 
       fputc.obj                         83      0                  0                 
       exit.obj                          41      14                 6                 
       fseek.obj                         61      0                  0                 
       printf.obj                        52      0                  0                 
       atoi.obj                          49      0                  0                 
       ltoa.obj                          46      0                  0                 
       fd_cmp28.obj                      42      0                  0                 
       l_div28.obj                       42      0                  0                 
       cpy_tbl.obj                       36      0                  0                 
       s_copysign.obj                    36      0                  0                 
       fd_tofsfpu32.obj                  35      0                  0                 
       i_div28.obj                       34      0                  0                 
       fd_toi28.obj                      33      0                  0                 
       fd_tol28.obj                      31      0                  0                 
       ll_cmp28.obj                      30      0                  0                 
       memcpy.obj                        30      0                  0                 
       strncpy.obj                       30      0                  0                 
       i_tofd28.obj                      29      0                  0                 
       fs_tofdfpu32.obj                  28      0                  0                 
       l_tofd28.obj                      28      0                  0                 
       args_main.obj                     25      0                  0                 
       ll_aox28.obj                      24      0                  0                 
       _lock.obj                         9       10                 4                 
       memcmp.obj                        21      0                  0                 
       ll_mpy28.obj                      20      0                  0                 
       memchr.obj                        16      0                  0                 
       fd_sub28.obj                      14      0                  0                 
       memccpy.obj                       13      0                  0                 
       memset.obj                        12      0                  0                 
       strchr.obj                        12      0                  0                 
       u_div28.obj                       11      0                  0                 
       strcmp.obj                        10      0                  0                 
       fd_neg28.obj                      9       0                  0                 
       strlen.obj                        8       0                  0                 
       errno.obj                         0       4                  1                 
       strcpy.obj                        5       0                  0                 
       remove.obj                        3       0                  0                 
       pre_init.obj                      2       0                  0                 
       startup.obj                       1       0                  0                 
    +--+---------------------------------+-------+------------------+--------------------+
       Total:                            8762    562                804               
                                                                                      
       Heap:                             0       0                  1024              
       Stack:                            0       0                  768               
    +--+---------------------------------+-------+------------------+--------------------+
       Grand Total:                      18522   6629               5795              


GLOBAL DATA SYMBOLS: SORTED BY DATA PAGE

address     data page           name
--------    ----------------    ----
00000050       1 (00000040)     __stack

00000380       e (00000380)     __CIOBUF_

00000880      22 (00000880)     _DevEmuRegs

00000a80      2a (00000a80)     _FlashRegs

00000ae0      2b (00000ac0)     _CsmRegs

00000b00      2c (00000b00)     _AdcMirror
00000b20      2c (00000b00)     _XintfRegs

00000c00      30 (00000c00)     _CpuTimer0Regs
00000c08      30 (00000c00)     _CpuTimer1Regs
00000c10      30 (00000c00)     _CpuTimer2Regs

00000ce0      33 (00000cc0)     _PieCtrlRegs

00000d00      34 (00000d00)     _PieVectTable

00001000      40 (00001000)     _DmaRegs

00005000     140 (00005000)     _McbspaRegs

00005040     141 (00005040)     _McbspbRegs

00006000     180 (00006000)     _ECanaRegs

00006040     181 (00006040)     _ECanaLAMRegs

00006080     182 (00006080)     _ECanaMOTSRegs

000060c0     183 (000060c0)     _ECanaMOTORegs

00006100     184 (00006100)     _ECanaMboxes

00006200     188 (00006200)     _ECanbRegs

00006240     189 (00006240)     _ECanbLAMRegs

00006280     18a (00006280)     _ECanbMOTSRegs

000062c0     18b (000062c0)     _ECanbMOTORegs

00006300     18c (00006300)     _ECanbMboxes

00006800     1a0 (00006800)     _EPwm1Regs

00006840     1a1 (00006840)     _EPwm2Regs

00006880     1a2 (00006880)     _EPwm3Regs

000068c0     1a3 (000068c0)     _EPwm4Regs

00006900     1a4 (00006900)     _EPwm5Regs

00006940     1a5 (00006940)     _EPwm6Regs

00006a00     1a8 (00006a00)     _ECap1Regs
00006a20     1a8 (00006a00)     _ECap2Regs

00006a40     1a9 (00006a40)     _ECap3Regs
00006a60     1a9 (00006a40)     _ECap4Regs

00006a80     1aa (00006a80)     _ECap5Regs
00006aa0     1aa (00006a80)     _ECap6Regs

00006b00     1ac (00006b00)     _EQep1Regs

00006b40     1ad (00006b40)     _EQep2Regs

00006f80     1be (00006f80)     _GpioCtrlRegs

00006fc0     1bf (00006fc0)     _GpioDataRegs
00006fe0     1bf (00006fc0)     _GpioIntRegs

00007010     1c0 (00007000)     _SysCtrlRegs

00007040     1c1 (00007040)     _SpiaRegs
00007050     1c1 (00007040)     _SciaRegs
00007070     1c1 (00007040)     _XIntruptRegs

00007100     1c4 (00007100)     _AdcRegs

00007750     1dd (00007740)     _ScibRegs
00007770     1dd (00007740)     _ScicRegs

00007900     1e4 (00007900)     _I2caRegs

0000c000     300 (0000c000)     _Hzk

0000c1c0     307 (0000c1c0)     ___TI_ft_end

0000c200     308 (0000c200)     __ftable

0000c280     30a (0000c280)     ___TI_tmpnams

0000c320     30c (0000c300)     _CpuTimer1
0000c328     30c (0000c300)     _CpuTimer2
0000c330     30c (0000c300)     _CpuTimer0

0000c400     310 (0000c400)     ___TI_enable_exit_profile_output
0000c402     310 (0000c400)     ___TI_cleanup_ptr
0000c404     310 (0000c400)     ___TI_dtors_ptr
0000c406     310 (0000c400)     __lock
0000c408     310 (0000c400)     __unlock
0000c40a     310 (0000c400)     _errno
0000c40c     310 (0000c400)     __sys_memory

0033d40a    cf50 (0033d400)     _F8X16

0033d9fa    cf67 (0033d9c0)     _F6x8

0033dc22    cf70 (0033dc00)     __ctypes_

0033de5a    cf79 (0033de40)     _reg
0033de76    cf79 (0033de40)     _test

0033df0e    cf7c (0033df00)     _hw

0033fff8    cfff (0033ffc0)     _CsmPwl

00380090    e002 (00380080)     _PartIdRegs


GLOBAL SYMBOLS: SORTED ALPHABETICALLY BY Name 

page  address   name                             
----  -------   ----                             
0     00338000  .text                            
0     0033c546  C$$EXIT                          
0     0033bef5  C$$IO$$                          
0     0033be05  FD$$ADD                          
0     0033c4f2  FD$$CMP                          
0     0033bfc7  FD$$DIV                          
0     0033c163  FD$$MPY                          
0     0033c7e7  FD$$NEG                          
0     0033c796  FD$$SUB                          
0     0033c5b7  FD$$TOFS                         
0     0033c5fc  FD$$TOI                          
0     0033c63d  FD$$TOL                          
0     0033c0db  FS$$DIV                          
0     0033c6d3  FS$$TOFD                         
0     0033c5da  I$$DIV                           
0     0033c5eb  I$$MOD                           
0     0033c6b6  I$$TOFD                          
0     0033c51c  L$$DIV                           
0     0033c52b  L$$MOD                           
0     0033c6ef  L$$TOFD                          
0     0033c724  LL$$AND                          
0     0033c65c  LL$$CMP                          
0     0033b612  LL$$DIV                          
0     0033b64e  LL$$MOD                          
0     0033c751  LL$$MPY                          
0     0033c72c  LL$$OR                           
0     0033c734  LL$$XOR                          
0     0033c7c9  U$$DIV                           
0     0033c7ce  U$$MOD                           
0     0033c539  UL$$DIV                          
0     0033c540  UL$$MOD                          
0     0033c66e  ULL$$CMP                         
0     0033b688  ULL$$DIV                         
0     0033b6b7  ULL$$MOD                         
0     0033aaa1  _ADCINT_ISR                      
0     00380080  _ADC_cal                         
1     00000b00  _AdcMirror                       
1     00007100  _AdcRegs                         
1     0000c330  _CpuTimer0                       
1     00000c00  _CpuTimer0Regs                   
1     0000c320  _CpuTimer1                       
1     00000c08  _CpuTimer1Regs                   
1     0000c328  _CpuTimer2                       
1     00000c10  _CpuTimer2Regs                   
1     0033fff8  _CsmPwl                          
1     00000ae0  _CsmRegs                         
0     0033b9d5  _CsmUnlock                       
0     0033a9cf  _DATALOG_ISR                     
0     0033abc3  _DINTCH1_ISR                     
0     0033abcd  _DINTCH2_ISR                     
0     0033abd7  _DINTCH3_ISR                     
0     0033abe1  _DINTCH4_ISR                     
0     0033abeb  _DINTCH5_ISR                     
0     0033abf5  _DINTCH6_ISR                     
0     0033c800  _DSP28x_DisableInt               
0     0033c804  _DSP28x_RestoreInt               
0     0000801b  _DSP28x_usDelay                  
1     00000880  _DevEmuRegs                      
0     0033b921  _DisableDog                      
1     00001000  _DmaRegs                         
0     0033ac4f  _ECAN0INTA_ISR                   
0     0033ac63  _ECAN0INTB_ISR                   
0     0033ac59  _ECAN1INTA_ISR                   
0     0033ac6d  _ECAN1INTB_ISR                   
0     0033ab37  _ECAP1_INT_ISR                   
0     0033ab41  _ECAP2_INT_ISR                   
0     0033ab4b  _ECAP3_INT_ISR                   
0     0033ab55  _ECAP4_INT_ISR                   
0     0033ab5f  _ECAP5_INT_ISR                   
0     0033ab69  _ECAP6_INT_ISR                   
1     00006040  _ECanaLAMRegs                    
1     000060c0  _ECanaMOTORegs                   
1     00006080  _ECanaMOTSRegs                   
1     00006100  _ECanaMboxes                     
1     00006000  _ECanaRegs                       
1     00006240  _ECanbLAMRegs                    
1     000062c0  _ECanbMOTORegs                   
1     00006280  _ECanbMOTSRegs                   
1     00006300  _ECanbMboxes                     
1     00006200  _ECanbRegs                       
1     00006a00  _ECap1Regs                       
1     00006a20  _ECap2Regs                       
1     00006a40  _ECap3Regs                       
1     00006a60  _ECap4Regs                       
1     00006a80  _ECap5Regs                       
1     00006aa0  _ECap6Regs                       
0     0033a9e3  _EMUINT_ISR                      
0     0033aafb  _EPWM1_INT_ISR                   
0     0033aabf  _EPWM1_TZINT_ISR                 
0     0033ab05  _EPWM2_INT_ISR                   
0     0033aac9  _EPWM2_TZINT_ISR                 
0     0033ab0f  _EPWM3_INT_ISR                   
0     0033aad3  _EPWM3_TZINT_ISR                 
0     0033ab19  _EPWM4_INT_ISR                   
0     0033aadd  _EPWM4_TZINT_ISR                 
0     0033ab23  _EPWM5_INT_ISR                   
0     0033aae7  _EPWM5_TZINT_ISR                 
0     0033ab2d  _EPWM6_INT_ISR                   
0     0033aaf1  _EPWM6_TZINT_ISR                 
1     00006800  _EPwm1Regs                       
1     00006840  _EPwm2Regs                       
1     00006880  _EPwm3Regs                       
1     000068c0  _EPwm4Regs                       
1     00006900  _EPwm5Regs                       
1     00006940  _EPwm6Regs                       
0     0033ab73  _EQEP1_INT_ISR                   
0     0033ab7d  _EQEP2_INT_ISR                   
1     00006b00  _EQep1Regs                       
1     00006b40  _EQep2Regs                       
0     0033d9fa  _F6x8                            
0     0033d40a  _F8X16                           
1     00000a80  _FlashRegs                       
1     00006f80  _GpioCtrlRegs                    
1     00006fc0  _GpioDataRegs                    
1     00006fe0  _GpioIntRegs                     
0     0033af17  _HOSTclock                       
0     0033aeee  _HOSTclose                       
0     0033aec6  _HOSTgetenv                      
0     0033ae65  _HOSTlseek                       
0     0033ae25  _HOSTopen                        
0     0033ade6  _HOSTread                        
0     0033ada8  _HOSTrename                      
0     0033ad72  _HOSTtime                        
0     0033ad2d  _HOSTtime64                      
0     0033ad09  _HOSTunlink                      
0     0033acd1  _HOSTwrite                       
1     0000c000  _Hzk                             
0     0033abff  _I2CINT1A_ISR                    
0     0033ac09  _I2CINT2A_ISR                    
1     00007900  _I2caRegs                        
0     0033a9f7  _ILLEGAL_ISR                     
0     0033a9bb  _INT13_ISR                       
0     0033a9c5  _INT14_ISR                       
0     00008000  _InitFlash                       
0     0033b97a  _InitPeripheralClocks            
0     0033b929  _InitPll                         
0     0033b90e  _InitSysCtrl                     
0     0033c788  _LEDGpio_Init                    
0     0033acb3  _LUF_ISR                         
0     0033aca9  _LVF_ISR                         
0     0033b426  _MPU_Get_Accelerometer           
0     0033b406  _MPU_Get_Gyroscope               
0     0033b3df  _MPU_Get_Temperature             
0     0033b56d  _MPU_IIC_Ack                     
0     0033b4f4  _MPU_IIC_Init                    
0     0033b58b  _MPU_IIC_NAck                    
0     0033b5e0  _MPU_IIC_Read_Byte               
0     0033b5a9  _MPU_IIC_Send_Byte               
0     0033b50e  _MPU_IIC_Start                   
0     0033b52a  _MPU_IIC_Stop                    
0     0033b544  _MPU_IIC_Wait_Ack                
0     0033b33a  _MPU_Init                        
0     0033b4d6  _MPU_Read_Byte                   
0     0033b476  _MPU_Read_Len                    
0     0033b393  _MPU_Set_Accel_Fsr               
0     0033b389  _MPU_Set_Gyro_Fsr                
0     0033b39d  _MPU_Set_LPF                     
0     0033b3c1  _MPU_Set_Rate                    
0     0033b4b1  _MPU_Write_Byte                  
0     0033b446  _MPU_Write_Len                   
0     0033abaf  _MRINTA_ISR                      
0     0033ab9b  _MRINTB_ISR                      
0     0033abb9  _MXINTA_ISR                      
0     0033aba5  _MXINTB_ISR                      
1     00005000  _McbspaRegs                      
1     00005040  _McbspbRegs                      
0     0033c765  _MemCopy                         
0     0033a9ed  _NMI_ISR                         
0     0033a63b  _OLED_Clear                      
0     0033a62e  _OLED_Display_Off                
0     0033a621  _OLED_Display_On                 
0     0033a784  _OLED_DrawBMP                    
0     0033a7b2  _OLED_Float                      
0     0033a8db  _OLED_Init                       
0     0033a895  _OLED_Num_write                  
0     0033a65f  _OLED_On                         
0     0033a60a  _OLED_Set_Pos                    
0     0033a747  _OLED_ShowCHinese                
0     0033a683  _OLED_ShowChar                   
0     0033a6ef  _OLED_ShowNumber                 
0     0033a72b  _OLED_ShowString                 
0     0033a5d7  _OLED_WR_Byte                    
0     0033a558  _OLED_Write_SPI_Byte             
0     0033a593  _OLED_Write_SPI_Command          
0     0033a5d1  _OLED_Write_SPI_Data             
0     0033a8b9  _OLED_fuhao_write                
0     0033acbd  _PIE_RESERVED                    
1     00380090  _PartIdRegs                      
1     00000ce0  _PieCtrlRegs                     
1     00000d00  _PieVectTable                    
0     0033a9d9  _RTOSINT_ISR                     
0     0032001f  _RamfuncsLoadEnd                 
abs   0000001f  _RamfuncsLoadSize                
0     00320000  _RamfuncsLoadStart               
0     00008000  _RamfuncsRunStart                
0     0033ac27  _SCIRXINTA_ISR                   
0     0033ac3b  _SCIRXINTB_ISR                   
0     0033ac13  _SCIRXINTC_ISR                   
0     0033ac31  _SCITXINTA_ISR                   
0     0033ac45  _SCITXINTB_ISR                   
0     0033ac1d  _SCITXINTC_ISR                   
0     0033aa79  _SEQ1INT_ISR                     
0     0033aa83  _SEQ2INT_ISR                     
0     0033ab87  _SPIRXINTA_ISR                   
0     0033ab91  _SPITXINTA_ISR                   
1     00007050  _SciaRegs                        
1     00007750  _ScibRegs                        
1     00007770  _ScicRegs                        
0     0033b917  _ServiceDog                      
0     0033c80c  _SetDBGIER                       
1     00007040  _SpiaRegs                        
1     00007010  _SysCtrlRegs                     
0     0033aaab  _TINT0_ISR                       
0     0033aa5b  _USER10_ISR                      
0     0033aa65  _USER11_ISR                      
0     0033aa6f  _USER12_ISR                      
0     0033aa01  _USER1_ISR                       
0     0033aa0b  _USER2_ISR                       
0     0033aa15  _USER3_ISR                       
0     0033aa1f  _USER4_ISR                       
0     0033aa29  _USER5_ISR                       
0     0033aa33  _USER6_ISR                       
0     0033aa3d  _USER7_ISR                       
0     0033aa47  _USER8_ISR                       
0     0033aa51  _USER9_ISR                       
0     0033aab5  _WAKEINT_ISR                     
0     0033aa8d  _XINT1_ISR                       
0     0033aa97  _XINT2_ISR                       
0     0033ac77  _XINT3_ISR                       
0     0033ac81  _XINT4_ISR                       
0     0033ac8b  _XINT5_ISR                       
0     0033ac95  _XINT6_ISR                       
0     0033ac9f  _XINT7_ISR                       
1     00007070  _XIntruptRegs                    
1     00000b20  _XintfRegs                       
1     00000380  __CIOBUF_                        
1     00000350  __STACK_END                      
abs   00000300  __STACK_SIZE                     
abs   00000400  __SYSMEM_SIZE                    
0     0033b88d  ___TI_cleanup                    
1     0000c402  ___TI_cleanup_ptr                
0     0033c2c0  ___TI_closefile                  
0     0033c1e6  ___TI_doflush                    
1     0000c404  ___TI_dtors_ptr                  
1     0000c400  ___TI_enable_exit_profile_output 
1     0000c1c0  ___TI_ft_end                     
abs   ffffffff  ___TI_pprof_out_hndl             
0     00339cc7  ___TI_printfi                    
abs   ffffffff  ___TI_prof_data_size             
abs   ffffffff  ___TI_prof_data_start            
0     0033c294  ___TI_rd_ok                      
0     0033befa  ___TI_readmsg                    
1     0000c280  ___TI_tmpnams                    
0     0033bea2  ___TI_writemsg                   
0     0033c259  ___TI_wrt_ok                     
abs   ffffffff  ___binit__                       
abs   ffffffff  ___c_args__                      
0     0033df26  ___cinit__                       
0     0033c814  ___etext__                       
abs   ffffffff  ___pinit__                       
0     00338000  ___text__                        
0     0033c70b  __args_main                      
0     0033dc22  __ctypes_                        
1     0000c200  __ftable                         
1     0000c406  __lock                           
0     0033c7e6  __nop                            
0     0033c7e2  __register_lock                  
0     0033c7de  __register_unlock                
1     00000050  __stack                          
1     0000c40c  __sys_memory                     
0     003391e3  __system_post_cinit              
0     0033c812  __system_pre_init                
1     0000c408  __unlock                         
0     0033c546  _abort                           
0     0033b0ea  _add_device                      
0     0033ba06  _asin                            
0     0033ba06  _asinf                           
0     0033bbce  _atan                            
0     0033bafa  _atan2                           
0     0033bafa  _atan2f                          
0     0033bbce  _atanf                           
0     0033c493  _atoi                            
0     0033c379  _c_int00                         
0     0033b323  _calloc                          
0     0033b321  _chkheap                         
0     0033b0b7  _close                           
0     0033c56f  _copy_in                         
0     0033c593  _copysignl                       
0     0033c61d  _delay                           
0     0033c628  _delay_ms                        
0     0033a3be  _dmp_enable_6x_lp_quat           
0     0033a282  _dmp_enable_feature              
0     0033a379  _dmp_enable_gyro_cal             
0     0033a39f  _dmp_enable_lp_quat              
0     0033a36f  _dmp_get_enabled_features        
0     0033a037  _dmp_get_fifo_rate               
0     0033a1e1  _dmp_get_pedometer_step_count    
0     0033a22a  _dmp_get_pedometer_walk_time     
0     00339dfa  _dmp_load_motion_driver_firmware 
0     0033a431  _dmp_read_fifo                   
0     0033a54f  _dmp_register_android_orient_cb  
0     0033a546  _dmp_register_tap_cb             
0     00339f60  _dmp_set_accel_bias              
0     00339ffb  _dmp_set_fifo_rate               
0     00339eb4  _dmp_set_gyro_bias               
0     0033a403  _dmp_set_interrupt_mode          
0     00339e05  _dmp_set_orientation             
0     0033a20e  _dmp_set_pedometer_step_count    
0     0033a25d  _dmp_set_pedometer_walk_time     
0     0033a18c  _dmp_set_shake_reject_thresh     
0     0033a1b5  _dmp_set_shake_reject_time       
0     0033a1cb  _dmp_set_shake_reject_timeout    
0     0033a12f  _dmp_set_tap_axes                
0     0033a148  _dmp_set_tap_count               
0     0033a041  _dmp_set_tap_thresh              
0     0033a160  _dmp_set_tap_time                
0     0033a176  _dmp_set_tap_time_multi          
1     0000c40a  _errno                           
0     0033c548  _exit                            
0     0033c304  _fclose                          
0     0033c215  _fflush                          
0     0033a5e5  _fill_picture                    
0     0033b8c8  _fopen                           
0     0033c3cf  _fputc                           
0     0033bd55  _fputs                           
0     0033b168  _free                            
0     0033b303  _free_memory                     
0     0033b8aa  _freopen                         
0     0033c31f  _frexpl                          
0     0033c422  _fseek                           
0     0033df0e  _hw                              
0     00339070  _inv_orientation_matrix_to_scalar
0     00339088  _inv_row_2_scale                 
0     0033bc99  _ldexpl                          
0     0033b09f  _lseek                           
0     0033c4c4  _ltoa                            
0     0033b719  _main                            
0     0033b1d1  _malloc                          
0     0033b2e1  _max_free                        
0     0033c7a4  _memccpy                         
0     0033c778  _memchr                          
0     0033c73c  _memcmp                          
0     0033c67a  _memcpy                          
0     0033c7b1  _memset                          
0     003390ac  _mget_ms                         
0     0033b1ac  _minit                           
0     00338636  _mpu_configure_fifo              
0     00339107  _mpu_dmp_get_data                
0     003390b0  _mpu_dmp_init                    
0     00338498  _mpu_get_accel_fsr               
0     00338229  _mpu_get_accel_reg               
0     00338606  _mpu_get_accel_sens              
0     00338eff  _mpu_get_compass_fsr             
0     00338ef8  _mpu_get_compass_reg             
0     003385cd  _mpu_get_compass_sample_rate     
0     00338eeb  _mpu_get_dmp_state               
0     0033862c  _mpu_get_fifo_config             
0     0033842c  _mpu_get_gyro_fsr                
0     003381f6  _mpu_get_gyro_reg                
0     003385da  _mpu_get_gyro_sens               
0     003386da  _mpu_get_int_status              
0     003384fe  _mpu_get_lpf                     
0     0033866e  _mpu_get_power_state             
0     00338570  _mpu_get_sample_rate             
0     0033825b  _mpu_get_temperature             
0     003380a3  _mpu_init                        
0     00338e39  _mpu_load_firmware               
0     00338189  _mpu_lp_accel_mode               
0     00338f05  _mpu_lp_motion_interrupt         
0     003386fc  _mpu_read_fifo                   
0     00338812  _mpu_read_fifo_stream            
0     00338df6  _mpu_read_mem                    
0     0033807e  _mpu_read_reg                    
0     0033804b  _mpu_reg_dump                    
0     00338336  _mpu_reset_fifo                  
0     00338d1d  _mpu_run_self_test               
0     0033829b  _mpu_set_accel_bias              
0     003384be  _mpu_set_accel_fsr               
0     00338878  _mpu_set_bypass                  
0     003385d4  _mpu_set_compass_sample_rate     
0     00338ea1  _mpu_set_dmp_state               
0     0033844b  _mpu_set_gyro_fsr                
0     0033891e  _mpu_set_int_latched             
0     00338916  _mpu_set_int_level               
0     0033852f  _mpu_set_lpf                     
0     0033857f  _mpu_set_sample_rate             
0     0033867b  _mpu_set_sensors                 
0     00338db3  _mpu_write_mem                   
0     0033a99e  _oled_first_show                 
0     0033a6df  _oled_pow                        
0     0033b02e  _open                            
0     0033c465  _printf                          
0     0033c3cf  _putc                            
0     0033c41d  _putchar                         
0     0033bdf2  _puts                            
0     0033b015  _read                            
0     0033b22f  _realloc                         
0     0033de5a  _reg                             
0     0033c80f  _remove                          
0     0033affb  _remove_device                   
0     0033afcd  _rename                          
0     0033acc7  _rsvd_ISR                        
0     0033901a  _run_self_test                   
0     0033bc99  _scalbnl                         
0     00338ef5  _setup_compass                   
0     0033c052  _setvbuf                         
0     0033bf36  _sqrtl                           
0     0033c7bd  _strchr                          
0     0033c7d4  _strcmp                          
0     0033c807  _strcpy                          
0     0033c7f8  _strlen                          
0     0033c698  _strncpy                         
0     0033de76  _test                            
0     0033afb4  _unlink                          
0     0033af4d  _write                           
abs   ffffffff  binit                            
0     0033df26  cinit                            
0     0033fff6  code_start                       
0     0033c814  etext                            
abs   ffffffff  pinit                            


GLOBAL SYMBOLS: SORTED BY Symbol Address 

page  address   name                             
----  -------   ----                             
0     00008000  _InitFlash                       
0     00008000  _RamfuncsRunStart                
0     0000801b  _DSP28x_usDelay                  
0     00320000  _RamfuncsLoadStart               
0     0032001f  _RamfuncsLoadEnd                 
0     00338000  .text                            
0     00338000  ___text__                        
0     0033804b  _mpu_reg_dump                    
0     0033807e  _mpu_read_reg                    
0     003380a3  _mpu_init                        
0     00338189  _mpu_lp_accel_mode               
0     003381f6  _mpu_get_gyro_reg                
0     00338229  _mpu_get_accel_reg               
0     0033825b  _mpu_get_temperature             
0     0033829b  _mpu_set_accel_bias              
0     00338336  _mpu_reset_fifo                  
0     0033842c  _mpu_get_gyro_fsr                
0     0033844b  _mpu_set_gyro_fsr                
0     00338498  _mpu_get_accel_fsr               
0     003384be  _mpu_set_accel_fsr               
0     003384fe  _mpu_get_lpf                     
0     0033852f  _mpu_set_lpf                     
0     00338570  _mpu_get_sample_rate             
0     0033857f  _mpu_set_sample_rate             
0     003385cd  _mpu_get_compass_sample_rate     
0     003385d4  _mpu_set_compass_sample_rate     
0     003385da  _mpu_get_gyro_sens               
0     00338606  _mpu_get_accel_sens              
0     0033862c  _mpu_get_fifo_config             
0     00338636  _mpu_configure_fifo              
0     0033866e  _mpu_get_power_state             
0     0033867b  _mpu_set_sensors                 
0     003386da  _mpu_get_int_status              
0     003386fc  _mpu_read_fifo                   
0     00338812  _mpu_read_fifo_stream            
0     00338878  _mpu_set_bypass                  
0     00338916  _mpu_set_int_level               
0     0033891e  _mpu_set_int_latched             
0     00338d1d  _mpu_run_self_test               
0     00338db3  _mpu_write_mem                   
0     00338df6  _mpu_read_mem                    
0     00338e39  _mpu_load_firmware               
0     00338ea1  _mpu_set_dmp_state               
0     00338eeb  _mpu_get_dmp_state               
0     00338ef5  _setup_compass                   
0     00338ef8  _mpu_get_compass_reg             
0     00338eff  _mpu_get_compass_fsr             
0     00338f05  _mpu_lp_motion_interrupt         
0     0033901a  _run_self_test                   
0     00339070  _inv_orientation_matrix_to_scalar
0     00339088  _inv_row_2_scale                 
0     003390ac  _mget_ms                         
0     003390b0  _mpu_dmp_init                    
0     00339107  _mpu_dmp_get_data                
0     003391e3  __system_post_cinit              
0     00339cc7  ___TI_printfi                    
0     00339dfa  _dmp_load_motion_driver_firmware 
0     00339e05  _dmp_set_orientation             
0     00339eb4  _dmp_set_gyro_bias               
0     00339f60  _dmp_set_accel_bias              
0     00339ffb  _dmp_set_fifo_rate               
0     0033a037  _dmp_get_fifo_rate               
0     0033a041  _dmp_set_tap_thresh              
0     0033a12f  _dmp_set_tap_axes                
0     0033a148  _dmp_set_tap_count               
0     0033a160  _dmp_set_tap_time                
0     0033a176  _dmp_set_tap_time_multi          
0     0033a18c  _dmp_set_shake_reject_thresh     
0     0033a1b5  _dmp_set_shake_reject_time       
0     0033a1cb  _dmp_set_shake_reject_timeout    
0     0033a1e1  _dmp_get_pedometer_step_count    
0     0033a20e  _dmp_set_pedometer_step_count    
0     0033a22a  _dmp_get_pedometer_walk_time     
0     0033a25d  _dmp_set_pedometer_walk_time     
0     0033a282  _dmp_enable_feature              
0     0033a36f  _dmp_get_enabled_features        
0     0033a379  _dmp_enable_gyro_cal             
0     0033a39f  _dmp_enable_lp_quat              
0     0033a3be  _dmp_enable_6x_lp_quat           
0     0033a403  _dmp_set_interrupt_mode          
0     0033a431  _dmp_read_fifo                   
0     0033a546  _dmp_register_tap_cb             
0     0033a54f  _dmp_register_android_orient_cb  
0     0033a558  _OLED_Write_SPI_Byte             
0     0033a593  _OLED_Write_SPI_Command          
0     0033a5d1  _OLED_Write_SPI_Data             
0     0033a5d7  _OLED_WR_Byte                    
0     0033a5e5  _fill_picture                    
0     0033a60a  _OLED_Set_Pos                    
0     0033a621  _OLED_Display_On                 
0     0033a62e  _OLED_Display_Off                
0     0033a63b  _OLED_Clear                      
0     0033a65f  _OLED_On                         
0     0033a683  _OLED_ShowChar                   
0     0033a6df  _oled_pow                        
0     0033a6ef  _OLED_ShowNumber                 
0     0033a72b  _OLED_ShowString                 
0     0033a747  _OLED_ShowCHinese                
0     0033a784  _OLED_DrawBMP                    
0     0033a7b2  _OLED_Float                      
0     0033a895  _OLED_Num_write                  
0     0033a8b9  _OLED_fuhao_write                
0     0033a8db  _OLED_Init                       
0     0033a99e  _oled_first_show                 
0     0033a9bb  _INT13_ISR                       
0     0033a9c5  _INT14_ISR                       
0     0033a9cf  _DATALOG_ISR                     
0     0033a9d9  _RTOSINT_ISR                     
0     0033a9e3  _EMUINT_ISR                      
0     0033a9ed  _NMI_ISR                         
0     0033a9f7  _ILLEGAL_ISR                     
0     0033aa01  _USER1_ISR                       
0     0033aa0b  _USER2_ISR                       
0     0033aa15  _USER3_ISR                       
0     0033aa1f  _USER4_ISR                       
0     0033aa29  _USER5_ISR                       
0     0033aa33  _USER6_ISR                       
0     0033aa3d  _USER7_ISR                       
0     0033aa47  _USER8_ISR                       
0     0033aa51  _USER9_ISR                       
0     0033aa5b  _USER10_ISR                      
0     0033aa65  _USER11_ISR                      
0     0033aa6f  _USER12_ISR                      
0     0033aa79  _SEQ1INT_ISR                     
0     0033aa83  _SEQ2INT_ISR                     
0     0033aa8d  _XINT1_ISR                       
0     0033aa97  _XINT2_ISR                       
0     0033aaa1  _ADCINT_ISR                      
0     0033aaab  _TINT0_ISR                       
0     0033aab5  _WAKEINT_ISR                     
0     0033aabf  _EPWM1_TZINT_ISR                 
0     0033aac9  _EPWM2_TZINT_ISR                 
0     0033aad3  _EPWM3_TZINT_ISR                 
0     0033aadd  _EPWM4_TZINT_ISR                 
0     0033aae7  _EPWM5_TZINT_ISR                 
0     0033aaf1  _EPWM6_TZINT_ISR                 
0     0033aafb  _EPWM1_INT_ISR                   
0     0033ab05  _EPWM2_INT_ISR                   
0     0033ab0f  _EPWM3_INT_ISR                   
0     0033ab19  _EPWM4_INT_ISR                   
0     0033ab23  _EPWM5_INT_ISR                   
0     0033ab2d  _EPWM6_INT_ISR                   
0     0033ab37  _ECAP1_INT_ISR                   
0     0033ab41  _ECAP2_INT_ISR                   
0     0033ab4b  _ECAP3_INT_ISR                   
0     0033ab55  _ECAP4_INT_ISR                   
0     0033ab5f  _ECAP5_INT_ISR                   
0     0033ab69  _ECAP6_INT_ISR                   
0     0033ab73  _EQEP1_INT_ISR                   
0     0033ab7d  _EQEP2_INT_ISR                   
0     0033ab87  _SPIRXINTA_ISR                   
0     0033ab91  _SPITXINTA_ISR                   
0     0033ab9b  _MRINTB_ISR                      
0     0033aba5  _MXINTB_ISR                      
0     0033abaf  _MRINTA_ISR                      
0     0033abb9  _MXINTA_ISR                      
0     0033abc3  _DINTCH1_ISR                     
0     0033abcd  _DINTCH2_ISR                     
0     0033abd7  _DINTCH3_ISR                     
0     0033abe1  _DINTCH4_ISR                     
0     0033abeb  _DINTCH5_ISR                     
0     0033abf5  _DINTCH6_ISR                     
0     0033abff  _I2CINT1A_ISR                    
0     0033ac09  _I2CINT2A_ISR                    
0     0033ac13  _SCIRXINTC_ISR                   
0     0033ac1d  _SCITXINTC_ISR                   
0     0033ac27  _SCIRXINTA_ISR                   
0     0033ac31  _SCITXINTA_ISR                   
0     0033ac3b  _SCIRXINTB_ISR                   
0     0033ac45  _SCITXINTB_ISR                   
0     0033ac4f  _ECAN0INTA_ISR                   
0     0033ac59  _ECAN1INTA_ISR                   
0     0033ac63  _ECAN0INTB_ISR                   
0     0033ac6d  _ECAN1INTB_ISR                   
0     0033ac77  _XINT3_ISR                       
0     0033ac81  _XINT4_ISR                       
0     0033ac8b  _XINT5_ISR                       
0     0033ac95  _XINT6_ISR                       
0     0033ac9f  _XINT7_ISR                       
0     0033aca9  _LVF_ISR                         
0     0033acb3  _LUF_ISR                         
0     0033acbd  _PIE_RESERVED                    
0     0033acc7  _rsvd_ISR                        
0     0033acd1  _HOSTwrite                       
0     0033ad09  _HOSTunlink                      
0     0033ad2d  _HOSTtime64                      
0     0033ad72  _HOSTtime                        
0     0033ada8  _HOSTrename                      
0     0033ade6  _HOSTread                        
0     0033ae25  _HOSTopen                        
0     0033ae65  _HOSTlseek                       
0     0033aec6  _HOSTgetenv                      
0     0033aeee  _HOSTclose                       
0     0033af17  _HOSTclock                       
0     0033af4d  _write                           
0     0033afb4  _unlink                          
0     0033afcd  _rename                          
0     0033affb  _remove_device                   
0     0033b015  _read                            
0     0033b02e  _open                            
0     0033b09f  _lseek                           
0     0033b0b7  _close                           
0     0033b0ea  _add_device                      
0     0033b168  _free                            
0     0033b1ac  _minit                           
0     0033b1d1  _malloc                          
0     0033b22f  _realloc                         
0     0033b2e1  _max_free                        
0     0033b303  _free_memory                     
0     0033b321  _chkheap                         
0     0033b323  _calloc                          
0     0033b33a  _MPU_Init                        
0     0033b389  _MPU_Set_Gyro_Fsr                
0     0033b393  _MPU_Set_Accel_Fsr               
0     0033b39d  _MPU_Set_LPF                     
0     0033b3c1  _MPU_Set_Rate                    
0     0033b3df  _MPU_Get_Temperature             
0     0033b406  _MPU_Get_Gyroscope               
0     0033b426  _MPU_Get_Accelerometer           
0     0033b446  _MPU_Write_Len                   
0     0033b476  _MPU_Read_Len                    
0     0033b4b1  _MPU_Write_Byte                  
0     0033b4d6  _MPU_Read_Byte                   
0     0033b4f4  _MPU_IIC_Init                    
0     0033b50e  _MPU_IIC_Start                   
0     0033b52a  _MPU_IIC_Stop                    
0     0033b544  _MPU_IIC_Wait_Ack                
0     0033b56d  _MPU_IIC_Ack                     
0     0033b58b  _MPU_IIC_NAck                    
0     0033b5a9  _MPU_IIC_Send_Byte               
0     0033b5e0  _MPU_IIC_Read_Byte               
0     0033b612  LL$$DIV                          
0     0033b64e  LL$$MOD                          
0     0033b688  ULL$$DIV                         
0     0033b6b7  ULL$$MOD                         
0     0033b719  _main                            
0     0033b88d  ___TI_cleanup                    
0     0033b8aa  _freopen                         
0     0033b8c8  _fopen                           
0     0033b90e  _InitSysCtrl                     
0     0033b917  _ServiceDog                      
0     0033b921  _DisableDog                      
0     0033b929  _InitPll                         
0     0033b97a  _InitPeripheralClocks            
0     0033b9d5  _CsmUnlock                       
0     0033ba06  _asin                            
0     0033ba06  _asinf                           
0     0033bafa  _atan2                           
0     0033bafa  _atan2f                          
0     0033bbce  _atan                            
0     0033bbce  _atanf                           
0     0033bc99  _ldexpl                          
0     0033bc99  _scalbnl                         
0     0033bd55  _fputs                           
0     0033bdf2  _puts                            
0     0033be05  FD$$ADD                          
0     0033bea2  ___TI_writemsg                   
0     0033bef5  C$$IO$$                          
0     0033befa  ___TI_readmsg                    
0     0033bf36  _sqrtl                           
0     0033bfc7  FD$$DIV                          
0     0033c052  _setvbuf                         
0     0033c0db  FS$$DIV                          
0     0033c163  FD$$MPY                          
0     0033c1e6  ___TI_doflush                    
0     0033c215  _fflush                          
0     0033c259  ___TI_wrt_ok                     
0     0033c294  ___TI_rd_ok                      
0     0033c2c0  ___TI_closefile                  
0     0033c304  _fclose                          
0     0033c31f  _frexpl                          
0     0033c379  _c_int00                         
0     0033c3cf  _fputc                           
0     0033c3cf  _putc                            
0     0033c41d  _putchar                         
0     0033c422  _fseek                           
0     0033c465  _printf                          
0     0033c493  _atoi                            
0     0033c4c4  _ltoa                            
0     0033c4f2  FD$$CMP                          
0     0033c51c  L$$DIV                           
0     0033c52b  L$$MOD                           
0     0033c539  UL$$DIV                          
0     0033c540  UL$$MOD                          
0     0033c546  C$$EXIT                          
0     0033c546  _abort                           
0     0033c548  _exit                            
0     0033c56f  _copy_in                         
0     0033c593  _copysignl                       
0     0033c5b7  FD$$TOFS                         
0     0033c5da  I$$DIV                           
0     0033c5eb  I$$MOD                           
0     0033c5fc  FD$$TOI                          
0     0033c61d  _delay                           
0     0033c628  _delay_ms                        
0     0033c63d  FD$$TOL                          
0     0033c65c  LL$$CMP                          
0     0033c66e  ULL$$CMP                         
0     0033c67a  _memcpy                          
0     0033c698  _strncpy                         
0     0033c6b6  I$$TOFD                          
0     0033c6d3  FS$$TOFD                         
0     0033c6ef  L$$TOFD                          
0     0033c70b  __args_main                      
0     0033c724  LL$$AND                          
0     0033c72c  LL$$OR                           
0     0033c734  LL$$XOR                          
0     0033c73c  _memcmp                          
0     0033c751  LL$$MPY                          
0     0033c765  _MemCopy                         
0     0033c778  _memchr                          
0     0033c788  _LEDGpio_Init                    
0     0033c796  FD$$SUB                          
0     0033c7a4  _memccpy                         
0     0033c7b1  _memset                          
0     0033c7bd  _strchr                          
0     0033c7c9  U$$DIV                           
0     0033c7ce  U$$MOD                           
0     0033c7d4  _strcmp                          
0     0033c7de  __register_unlock                
0     0033c7e2  __register_lock                  
0     0033c7e6  __nop                            
0     0033c7e7  FD$$NEG                          
0     0033c7f8  _strlen                          
0     0033c800  _DSP28x_DisableInt               
0     0033c804  _DSP28x_RestoreInt               
0     0033c807  _strcpy                          
0     0033c80c  _SetDBGIER                       
0     0033c80f  _remove                          
0     0033c812  __system_pre_init                
0     0033c814  ___etext__                       
0     0033c814  etext                            
0     0033d40a  _F8X16                           
0     0033d9fa  _F6x8                            
0     0033dc22  __ctypes_                        
0     0033de5a  _reg                             
0     0033de76  _test                            
0     0033df0e  _hw                              
0     0033df26  ___cinit__                       
0     0033df26  cinit                            
0     0033fff6  code_start                       
0     00380080  _ADC_cal                         
1     00000050  __stack                          
1     00000350  __STACK_END                      
1     00000380  __CIOBUF_                        
1     00000880  _DevEmuRegs                      
1     00000a80  _FlashRegs                       
1     00000ae0  _CsmRegs                         
1     00000b00  _AdcMirror                       
1     00000b20  _XintfRegs                       
1     00000c00  _CpuTimer0Regs                   
1     00000c08  _CpuTimer1Regs                   
1     00000c10  _CpuTimer2Regs                   
1     00000ce0  _PieCtrlRegs                     
1     00000d00  _PieVectTable                    
1     00001000  _DmaRegs                         
1     00005000  _McbspaRegs                      
1     00005040  _McbspbRegs                      
1     00006000  _ECanaRegs                       
1     00006040  _ECanaLAMRegs                    
1     00006080  _ECanaMOTSRegs                   
1     000060c0  _ECanaMOTORegs                   
1     00006100  _ECanaMboxes                     
1     00006200  _ECanbRegs                       
1     00006240  _ECanbLAMRegs                    
1     00006280  _ECanbMOTSRegs                   
1     000062c0  _ECanbMOTORegs                   
1     00006300  _ECanbMboxes                     
1     00006800  _EPwm1Regs                       
1     00006840  _EPwm2Regs                       
1     00006880  _EPwm3Regs                       
1     000068c0  _EPwm4Regs                       
1     00006900  _EPwm5Regs                       
1     00006940  _EPwm6Regs                       
1     00006a00  _ECap1Regs                       
1     00006a20  _ECap2Regs                       
1     00006a40  _ECap3Regs                       
1     00006a60  _ECap4Regs                       
1     00006a80  _ECap5Regs                       
1     00006aa0  _ECap6Regs                       
1     00006b00  _EQep1Regs                       
1     00006b40  _EQep2Regs                       
1     00006f80  _GpioCtrlRegs                    
1     00006fc0  _GpioDataRegs                    
1     00006fe0  _GpioIntRegs                     
1     00007010  _SysCtrlRegs                     
1     00007040  _SpiaRegs                        
1     00007050  _SciaRegs                        
1     00007070  _XIntruptRegs                    
1     00007100  _AdcRegs                         
1     00007750  _ScibRegs                        
1     00007770  _ScicRegs                        
1     00007900  _I2caRegs                        
1     0000c000  _Hzk                             
1     0000c1c0  ___TI_ft_end                     
1     0000c200  __ftable                         
1     0000c280  ___TI_tmpnams                    
1     0000c320  _CpuTimer1                       
1     0000c328  _CpuTimer2                       
1     0000c330  _CpuTimer0                       
1     0000c400  ___TI_enable_exit_profile_output 
1     0000c402  ___TI_cleanup_ptr                
1     0000c404  ___TI_dtors_ptr                  
1     0000c406  __lock                           
1     0000c408  __unlock                         
1     0000c40a  _errno                           
1     0000c40c  __sys_memory                     
1     0033fff8  _CsmPwl                          
1     00380090  _PartIdRegs                      
abs   0000001f  _RamfuncsLoadSize                
abs   00000300  __STACK_SIZE                     
abs   00000400  __SYSMEM_SIZE                    
abs   ffffffff  ___TI_pprof_out_hndl             
abs   ffffffff  ___TI_prof_data_size             
abs   ffffffff  ___TI_prof_data_start            
abs   ffffffff  ___binit__                       
abs   ffffffff  ___c_args__                      
abs   ffffffff  ___pinit__                       
abs   ffffffff  binit                            
abs   ffffffff  pinit                            

[420 symbols]
