<?xml version="1.0"?>
<link_info>
   <banner>TMS320C2000 Linker PC v16.9.3.LTS</banner>
   <copyright>Copyright (c) 1996-2017 Texas Instruments Incorporated</copyright>
   <link_time>0x5d268802</link_time>
   <link_errors>0x0</link_errors>
   <output_file>ModuleProject.out</output_file>
   <entry_point>
      <name>_c_int00</name>
      <address>0x9a71</address>
   </entry_point>
   <input_file_list>
      <input_file id="fl-2">
         <path>.\</path>
         <kind>object</kind>
         <file>main.obj</file>
         <name>main.obj</name>
      </input_file>
      <input_file id="fl-3">
         <path>.\APP\LED\</path>
         <kind>object</kind>
         <file>LED.obj</file>
         <name>LED.obj</name>
      </input_file>
      <input_file id="fl-4">
         <path>.\APP\Public\</path>
         <kind>object</kind>
         <file>public.obj</file>
         <name>public.obj</name>
      </input_file>
      <input_file id="fl-5">
         <path>.\APP\SPIOLED\</path>
         <kind>object</kind>
         <file>SPIOLED.obj</file>
         <name>SPIOLED.obj</name>
      </input_file>
      <input_file id="fl-6">
         <path>.\DSP2833x_common\source\</path>
         <kind>object</kind>
         <file>DSP2833x_ADC_cal.obj</file>
         <name>DSP2833x_ADC_cal.obj</name>
      </input_file>
      <input_file id="fl-7">
         <path>.\DSP2833x_common\source\</path>
         <kind>object</kind>
         <file>DSP2833x_Adc.obj</file>
         <name>DSP2833x_Adc.obj</name>
      </input_file>
      <input_file id="fl-8">
         <path>.\DSP2833x_common\source\</path>
         <kind>object</kind>
         <file>DSP2833x_CSMPasswords.obj</file>
         <name>DSP2833x_CSMPasswords.obj</name>
      </input_file>
      <input_file id="fl-9">
         <path>.\DSP2833x_common\source\</path>
         <kind>object</kind>
         <file>DSP2833x_CodeStartBranch.obj</file>
         <name>DSP2833x_CodeStartBranch.obj</name>
      </input_file>
      <input_file id="fl-a">
         <path>.\DSP2833x_common\source\</path>
         <kind>object</kind>
         <file>DSP2833x_CpuTimers.obj</file>
         <name>DSP2833x_CpuTimers.obj</name>
      </input_file>
      <input_file id="fl-b">
         <path>.\DSP2833x_common\source\</path>
         <kind>object</kind>
         <file>DSP2833x_DBGIER.obj</file>
         <name>DSP2833x_DBGIER.obj</name>
      </input_file>
      <input_file id="fl-c">
         <path>.\DSP2833x_common\source\</path>
         <kind>object</kind>
         <file>DSP2833x_DMA.obj</file>
         <name>DSP2833x_DMA.obj</name>
      </input_file>
      <input_file id="fl-d">
         <path>.\DSP2833x_common\source\</path>
         <kind>object</kind>
         <file>DSP2833x_DefaultIsr.obj</file>
         <name>DSP2833x_DefaultIsr.obj</name>
      </input_file>
      <input_file id="fl-e">
         <path>.\DSP2833x_common\source\</path>
         <kind>object</kind>
         <file>DSP2833x_DisInt.obj</file>
         <name>DSP2833x_DisInt.obj</name>
      </input_file>
      <input_file id="fl-f">
         <path>.\DSP2833x_common\source\</path>
         <kind>object</kind>
         <file>DSP2833x_ECan.obj</file>
         <name>DSP2833x_ECan.obj</name>
      </input_file>
      <input_file id="fl-10">
         <path>.\DSP2833x_common\source\</path>
         <kind>object</kind>
         <file>DSP2833x_ECap.obj</file>
         <name>DSP2833x_ECap.obj</name>
      </input_file>
      <input_file id="fl-11">
         <path>.\DSP2833x_common\source\</path>
         <kind>object</kind>
         <file>DSP2833x_EPwm.obj</file>
         <name>DSP2833x_EPwm.obj</name>
      </input_file>
      <input_file id="fl-12">
         <path>.\DSP2833x_common\source\</path>
         <kind>object</kind>
         <file>DSP2833x_EQep.obj</file>
         <name>DSP2833x_EQep.obj</name>
      </input_file>
      <input_file id="fl-13">
         <path>.\DSP2833x_common\source\</path>
         <kind>object</kind>
         <file>DSP2833x_Gpio.obj</file>
         <name>DSP2833x_Gpio.obj</name>
      </input_file>
      <input_file id="fl-14">
         <path>.\DSP2833x_common\source\</path>
         <kind>object</kind>
         <file>DSP2833x_I2C.obj</file>
         <name>DSP2833x_I2C.obj</name>
      </input_file>
      <input_file id="fl-15">
         <path>.\DSP2833x_common\source\</path>
         <kind>object</kind>
         <file>DSP2833x_Mcbsp.obj</file>
         <name>DSP2833x_Mcbsp.obj</name>
      </input_file>
      <input_file id="fl-16">
         <path>.\DSP2833x_common\source\</path>
         <kind>object</kind>
         <file>DSP2833x_MemCopy.obj</file>
         <name>DSP2833x_MemCopy.obj</name>
      </input_file>
      <input_file id="fl-17">
         <path>.\DSP2833x_common\source\</path>
         <kind>object</kind>
         <file>DSP2833x_PieCtrl.obj</file>
         <name>DSP2833x_PieCtrl.obj</name>
      </input_file>
      <input_file id="fl-18">
         <path>.\DSP2833x_common\source\</path>
         <kind>object</kind>
         <file>DSP2833x_PieVect.obj</file>
         <name>DSP2833x_PieVect.obj</name>
      </input_file>
      <input_file id="fl-19">
         <path>.\DSP2833x_common\source\</path>
         <kind>object</kind>
         <file>DSP2833x_Sci.obj</file>
         <name>DSP2833x_Sci.obj</name>
      </input_file>
      <input_file id="fl-1a">
         <path>.\DSP2833x_common\source\</path>
         <kind>object</kind>
         <file>DSP2833x_Spi.obj</file>
         <name>DSP2833x_Spi.obj</name>
      </input_file>
      <input_file id="fl-1b">
         <path>.\DSP2833x_common\source\</path>
         <kind>object</kind>
         <file>DSP2833x_SysCtrl.obj</file>
         <name>DSP2833x_SysCtrl.obj</name>
      </input_file>
      <input_file id="fl-1c">
         <path>.\DSP2833x_common\source\</path>
         <kind>object</kind>
         <file>DSP2833x_Xintf.obj</file>
         <name>DSP2833x_Xintf.obj</name>
      </input_file>
      <input_file id="fl-1d">
         <path>.\DSP2833x_common\source\</path>
         <kind>object</kind>
         <file>DSP2833x_usDelay.obj</file>
         <name>DSP2833x_usDelay.obj</name>
      </input_file>
      <input_file id="fl-1e">
         <path>.\DSP2833x_headers\source\</path>
         <kind>object</kind>
         <file>DSP2833x_GlobalVariableDefs.obj</file>
         <name>DSP2833x_GlobalVariableDefs.obj</name>
      </input_file>
      <input_file id="fl-23">
         <kind>object</kind>
         <file>&lt;internal&gt;</file>
         <name>&lt;internal&gt;</name>
      </input_file>
      <input_file id="fl-31">
         <path>C:\ti\ccsv7\tools\compiler\ti-cgt-c2000_16.9.3.LTS\lib\</path>
         <kind>archive</kind>
         <file>rts2800_fpu32.lib</file>
         <name>boot28.obj</name>
      </input_file>
      <input_file id="fl-32">
         <path>C:\ti\ccsv7\tools\compiler\ti-cgt-c2000_16.9.3.LTS\lib\</path>
         <kind>archive</kind>
         <file>rts2800_fpu32.lib</file>
         <name>cpy_tbl.obj</name>
      </input_file>
      <input_file id="fl-33">
         <path>C:\ti\ccsv7\tools\compiler\ti-cgt-c2000_16.9.3.LTS\lib\</path>
         <kind>archive</kind>
         <file>rts2800_fpu32.lib</file>
         <name>exit.obj</name>
      </input_file>
      <input_file id="fl-34">
         <path>C:\ti\ccsv7\tools\compiler\ti-cgt-c2000_16.9.3.LTS\lib\</path>
         <kind>archive</kind>
         <file>rts2800_fpu32.lib</file>
         <name>i_div28.obj</name>
      </input_file>
      <input_file id="fl-35">
         <path>C:\ti\ccsv7\tools\compiler\ti-cgt-c2000_16.9.3.LTS\lib\</path>
         <kind>archive</kind>
         <file>rts2800_fpu32.lib</file>
         <name>l_div28.obj</name>
      </input_file>
      <input_file id="fl-36">
         <path>C:\ti\ccsv7\tools\compiler\ti-cgt-c2000_16.9.3.LTS\lib\</path>
         <kind>archive</kind>
         <file>rts2800_fpu32.lib</file>
         <name>memcpy.obj</name>
      </input_file>
      <input_file id="fl-37">
         <path>C:\ti\ccsv7\tools\compiler\ti-cgt-c2000_16.9.3.LTS\lib\</path>
         <kind>archive</kind>
         <file>rts2800_fpu32.lib</file>
         <name>pre_init.obj</name>
      </input_file>
      <input_file id="fl-38">
         <path>C:\ti\ccsv7\tools\compiler\ti-cgt-c2000_16.9.3.LTS\lib\</path>
         <kind>archive</kind>
         <file>rts2800_fpu32.lib</file>
         <name>startup.obj</name>
      </input_file>
      <input_file id="fl-39">
         <path>C:\ti\ccsv7\tools\compiler\ti-cgt-c2000_16.9.3.LTS\lib\</path>
         <kind>archive</kind>
         <file>rts2800_fpu32.lib</file>
         <name>u_div28.obj</name>
      </input_file>
      <input_file id="fl-3a">
         <path>C:\ti\ccsv7\tools\compiler\ti-cgt-c2000_16.9.3.LTS\lib\</path>
         <kind>archive</kind>
         <file>rts2800_fpu32.lib</file>
         <name>_lock.obj</name>
      </input_file>
      <input_file id="fl-3b">
         <path>C:\ti\ccsv7\tools\compiler\ti-cgt-c2000_16.9.3.LTS\lib\</path>
         <kind>archive</kind>
         <file>rts2800_fpu32.lib</file>
         <name>args_main.obj</name>
      </input_file>
   </input_file_list>
   <object_component_list>
      <object_component id="oc-70">
         <name>codestart</name>
         <load_address>0x0</load_address>
         <run_address>0x0</run_address>
         <size>0x2</size>
         <input_file_ref idref="fl-9"/>
      </object_component>
      <object_component id="oc-d6">
         <name>ramfuncs</name>
         <load_address>0x81cd</load_address>
         <run_address>0x81cd</run_address>
         <size>0x4</size>
         <input_file_ref idref="fl-1d"/>
      </object_component>
      <object_component id="oc-154">
         <name>.text</name>
         <load_address>0x9000</load_address>
         <run_address>0x9000</run_address>
         <size>0x663</size>
         <input_file_ref idref="fl-5"/>
      </object_component>
      <object_component id="oc-86">
         <name>.text:retain</name>
         <load_address>0x9663</load_address>
         <run_address>0x9663</run_address>
         <size>0x316</size>
         <input_file_ref idref="fl-d"/>
      </object_component>
      <object_component id="oc-152">
         <name>.text</name>
         <load_address>0x9979</load_address>
         <run_address>0x9979</run_address>
         <size>0xf8</size>
         <input_file_ref idref="fl-1b"/>
      </object_component>
      <object_component id="oc-4b">
         <name>.text</name>
         <load_address>0x9a71</load_address>
         <run_address>0x9a71</run_address>
         <size>0x56</size>
         <input_file_ref idref="fl-31"/>
      </object_component>
      <object_component id="oc-14f">
         <name>.text</name>
         <load_address>0x9ac7</load_address>
         <run_address>0x9ac7</run_address>
         <size>0x30</size>
         <input_file_ref idref="fl-2"/>
      </object_component>
      <object_component id="oc-126">
         <name>.text</name>
         <load_address>0x9af7</load_address>
         <run_address>0x9af7</run_address>
         <size>0x2a</size>
         <input_file_ref idref="fl-35"/>
      </object_component>
      <object_component id="oc-14d">
         <name>.text</name>
         <load_address>0x9b21</load_address>
         <run_address>0x9b21</run_address>
         <size>0x29</size>
         <input_file_ref idref="fl-33"/>
      </object_component>
      <object_component id="oc-14a">
         <name>.text</name>
         <load_address>0x9b4a</load_address>
         <run_address>0x9b4a</run_address>
         <size>0x24</size>
         <input_file_ref idref="fl-32"/>
      </object_component>
      <object_component id="oc-121">
         <name>.text</name>
         <load_address>0x9b6e</load_address>
         <run_address>0x9b6e</run_address>
         <size>0x22</size>
         <input_file_ref idref="fl-34"/>
      </object_component>
      <object_component id="oc-14e">
         <name>.text</name>
         <load_address>0x9b90</load_address>
         <run_address>0x9b90</run_address>
         <size>0x1e</size>
         <input_file_ref idref="fl-36"/>
      </object_component>
      <object_component id="oc-14c">
         <name>.text</name>
         <load_address>0x9bae</load_address>
         <run_address>0x9bae</run_address>
         <size>0x19</size>
         <input_file_ref idref="fl-3b"/>
      </object_component>
      <object_component id="oc-153">
         <name>.text</name>
         <load_address>0x9bc7</load_address>
         <run_address>0x9bc7</run_address>
         <size>0xe</size>
         <input_file_ref idref="fl-3"/>
      </object_component>
      <object_component id="oc-157">
         <name>.text</name>
         <load_address>0x9bd5</load_address>
         <run_address>0x9bd5</run_address>
         <size>0xb</size>
         <input_file_ref idref="fl-4"/>
      </object_component>
      <object_component id="oc-13a">
         <name>.text</name>
         <load_address>0x9be0</load_address>
         <run_address>0x9be0</run_address>
         <size>0xb</size>
         <input_file_ref idref="fl-39"/>
      </object_component>
      <object_component id="oc-155">
         <name>.text</name>
         <load_address>0x9beb</load_address>
         <run_address>0x9beb</run_address>
         <size>0x9</size>
         <input_file_ref idref="fl-3a"/>
      </object_component>
      <object_component id="oc-6f">
         <name>.text</name>
         <load_address>0x9bf4</load_address>
         <run_address>0x9bf4</run_address>
         <size>0x8</size>
         <input_file_ref idref="fl-9"/>
      </object_component>
      <object_component id="oc-8b">
         <name>.text</name>
         <load_address>0x9bfc</load_address>
         <run_address>0x9bfc</run_address>
         <size>0x7</size>
         <input_file_ref idref="fl-e"/>
      </object_component>
      <object_component id="oc-7b">
         <name>.text</name>
         <load_address>0x9c03</load_address>
         <run_address>0x9c03</run_address>
         <size>0x3</size>
         <input_file_ref idref="fl-b"/>
      </object_component>
      <object_component id="oc-149">
         <name>.text</name>
         <load_address>0x9c06</load_address>
         <run_address>0x9c06</run_address>
         <size>0x2</size>
         <input_file_ref idref="fl-37"/>
      </object_component>
      <object_component id="oc-14b">
         <name>.text</name>
         <load_address>0x9c08</load_address>
         <run_address>0x9c08</run_address>
         <size>0x1</size>
         <input_file_ref idref="fl-38"/>
      </object_component>
      <object_component id="oc-5c">
         <name>.cinit</name>
         <load_address>0x8000</load_address>
         <run_address>0x8000</run_address>
         <size>0x1b3</size>
         <input_file_ref idref="fl-5"/>
      </object_component>
      <object_component id="oc-11b">
         <name>.cinit</name>
         <load_address>0x81b3</load_address>
         <run_address>0x81b3</run_address>
         <size>0xe</size>
         <input_file_ref idref="fl-33"/>
      </object_component>
      <object_component id="oc-151">
         <name>.cinit:__lock</name>
         <load_address>0x81c1</load_address>
         <run_address>0x81c1</run_address>
         <size>0x5</size>
         <input_file_ref idref="fl-3a"/>
      </object_component>
      <object_component id="oc-156">
         <name>.cinit:__unlock</name>
         <load_address>0x81c6</load_address>
         <run_address>0x81c6</run_address>
         <size>0x5</size>
         <input_file_ref idref="fl-3a"/>
      </object_component>
      <object_component id="oc-10f">
         <name>.stack</name>
         <uninitialized>true</uninitialized>
         <run_address>0x400</run_address>
         <size>0x0</size>
         <input_file_ref idref="fl-31"/>
      </object_component>
      <object_component id="oc-1af">
         <name>.stack</name>
         <uninitialized>true</uninitialized>
         <run_address>0x400</run_address>
         <size>0x0</size>
      </object_component>
      <object_component id="oc-5d">
         <name>.ebss</name>
         <uninitialized>true</uninitialized>
         <run_address>0xc000</run_address>
         <size>0x1c0</size>
         <input_file_ref idref="fl-5"/>
      </object_component>
      <object_component id="oc-76">
         <name>.ebss</name>
         <uninitialized>true</uninitialized>
         <run_address>0xc1c0</run_address>
         <size>0x18</size>
         <input_file_ref idref="fl-a"/>
      </object_component>
      <object_component id="oc-11c">
         <name>.ebss</name>
         <uninitialized>true</uninitialized>
         <run_address>0xc1d8</run_address>
         <size>0x6</size>
         <input_file_ref idref="fl-33"/>
      </object_component>
      <object_component id="oc-15a">
         <name>.ebss:__unlock</name>
         <uninitialized>true</uninitialized>
         <run_address>0xc1e0</run_address>
         <size>0x2</size>
         <input_file_ref idref="fl-3a"/>
      </object_component>
      <object_component id="oc-150">
         <name>.ebss:__lock</name>
         <uninitialized>true</uninitialized>
         <run_address>0xc1de</run_address>
         <size>0x2</size>
         <input_file_ref idref="fl-3a"/>
      </object_component>
      <object_component id="oc-158">
         <name>.econst:.string:_F8X16</name>
         <load_address>0xd000</load_address>
         <run_address>0xd000</run_address>
         <size>0x5f0</size>
         <input_file_ref idref="fl-5"/>
      </object_component>
      <object_component id="oc-159">
         <name>.econst:_F6x8</name>
         <load_address>0xd5f0</load_address>
         <run_address>0xd5f0</run_address>
         <size>0x228</size>
         <input_file_ref idref="fl-5"/>
      </object_component>
      <object_component id="oc-5e">
         <name>.econst:.string</name>
         <load_address>0xd818</load_address>
         <run_address>0xd818</run_address>
         <size>0x1a</size>
         <input_file_ref idref="fl-5"/>
      </object_component>
      <object_component id="oc-110">
         <name>.reset</name>
         <load_address>0x3fffc0</load_address>
         <run_address>0x3fffc0</run_address>
         <size>0x2</size>
         <input_file_ref idref="fl-31"/>
      </object_component>
      <object_component id="oc-6e">
         <name>csm_rsvd</name>
         <load_address>0x33ff80</load_address>
         <run_address>0x33ff80</run_address>
         <size>0x76</size>
         <input_file_ref idref="fl-8"/>
      </object_component>
      <object_component id="oc-6d">
         <name>csmpasswds</name>
         <load_address>0x33fff8</load_address>
         <run_address>0x33fff8</run_address>
         <size>0x8</size>
         <input_file_ref idref="fl-8"/>
      </object_component>
      <object_component id="oc-63">
         <name>.adc_cal</name>
         <load_address>0x380080</load_address>
         <run_address>0x380080</run_address>
         <size>0x7</size>
         <input_file_ref idref="fl-6"/>
      </object_component>
      <object_component id="oc-10d">
         <name>PieVectTableFile</name>
         <uninitialized>true</uninitialized>
         <run_address>0xd00</run_address>
         <size>0x100</size>
         <input_file_ref idref="fl-1e"/>
      </object_component>
      <object_component id="oc-109">
         <name>DevEmuRegsFile</name>
         <uninitialized>true</uninitialized>
         <run_address>0x880</run_address>
         <size>0xd0</size>
         <input_file_ref idref="fl-1e"/>
      </object_component>
      <object_component id="oc-df">
         <name>FlashRegsFile</name>
         <uninitialized>true</uninitialized>
         <run_address>0xa80</run_address>
         <size>0x8</size>
         <input_file_ref idref="fl-1e"/>
      </object_component>
      <object_component id="oc-e7">
         <name>CsmRegsFile</name>
         <uninitialized>true</uninitialized>
         <run_address>0xae0</run_address>
         <size>0x10</size>
         <input_file_ref idref="fl-1e"/>
      </object_component>
      <object_component id="oc-e8">
         <name>AdcMirrorFile</name>
         <uninitialized>true</uninitialized>
         <run_address>0xb00</run_address>
         <size>0x10</size>
         <input_file_ref idref="fl-1e"/>
      </object_component>
      <object_component id="oc-ec">
         <name>XintfRegsFile</name>
         <uninitialized>true</uninitialized>
         <run_address>0xb20</run_address>
         <size>0x1e</size>
         <input_file_ref idref="fl-1e"/>
      </object_component>
      <object_component id="oc-e0">
         <name>CpuTimer0RegsFile</name>
         <uninitialized>true</uninitialized>
         <run_address>0xc00</run_address>
         <size>0x8</size>
         <input_file_ref idref="fl-1e"/>
      </object_component>
      <object_component id="oc-e1">
         <name>CpuTimer1RegsFile</name>
         <uninitialized>true</uninitialized>
         <run_address>0xc08</run_address>
         <size>0x8</size>
         <input_file_ref idref="fl-1e"/>
      </object_component>
      <object_component id="oc-dd">
         <name>CpuTimer2RegsFile</name>
         <uninitialized>true</uninitialized>
         <run_address>0xc10</run_address>
         <size>0x8</size>
         <input_file_ref idref="fl-1e"/>
      </object_component>
      <object_component id="oc-ea">
         <name>PieCtrlRegsFile</name>
         <uninitialized>true</uninitialized>
         <run_address>0xce0</run_address>
         <size>0x1a</size>
         <input_file_ref idref="fl-1e"/>
      </object_component>
      <object_component id="oc-10a">
         <name>DmaRegsFile</name>
         <uninitialized>true</uninitialized>
         <run_address>0x1000</run_address>
         <size>0xe0</size>
         <input_file_ref idref="fl-1e"/>
      </object_component>
      <object_component id="oc-fd">
         <name>McbspaRegsFile</name>
         <uninitialized>true</uninitialized>
         <run_address>0x5000</run_address>
         <size>0x25</size>
         <input_file_ref idref="fl-1e"/>
      </object_component>
      <object_component id="oc-fc">
         <name>McbspbRegsFile</name>
         <uninitialized>true</uninitialized>
         <run_address>0x5040</run_address>
         <size>0x25</size>
         <input_file_ref idref="fl-1e"/>
      </object_component>
      <object_component id="oc-ff">
         <name>ECanaRegsFile</name>
         <uninitialized>true</uninitialized>
         <run_address>0x6000</run_address>
         <size>0x34</size>
         <input_file_ref idref="fl-1e"/>
      </object_component>
      <object_component id="oc-103">
         <name>ECanaLAMRegsFile</name>
         <uninitialized>true</uninitialized>
         <run_address>0x6040</run_address>
         <size>0x40</size>
         <input_file_ref idref="fl-1e"/>
      </object_component>
      <object_component id="oc-10c">
         <name>ECanaMboxesFile</name>
         <uninitialized>true</uninitialized>
         <run_address>0x6100</run_address>
         <size>0x100</size>
         <input_file_ref idref="fl-1e"/>
      </object_component>
      <object_component id="oc-104">
         <name>ECanaMOTSRegsFile</name>
         <uninitialized>true</uninitialized>
         <run_address>0x6080</run_address>
         <size>0x40</size>
         <input_file_ref idref="fl-1e"/>
      </object_component>
      <object_component id="oc-101">
         <name>ECanaMOTORegsFile</name>
         <uninitialized>true</uninitialized>
         <run_address>0x60c0</run_address>
         <size>0x40</size>
         <input_file_ref idref="fl-1e"/>
      </object_component>
      <object_component id="oc-100">
         <name>ECanbRegsFile</name>
         <uninitialized>true</uninitialized>
         <run_address>0x6200</run_address>
         <size>0x34</size>
         <input_file_ref idref="fl-1e"/>
      </object_component>
      <object_component id="oc-108">
         <name>ECanbLAMRegsFile</name>
         <uninitialized>true</uninitialized>
         <run_address>0x6240</run_address>
         <size>0x40</size>
         <input_file_ref idref="fl-1e"/>
      </object_component>
      <object_component id="oc-10b">
         <name>ECanbMboxesFile</name>
         <uninitialized>true</uninitialized>
         <run_address>0x6300</run_address>
         <size>0x100</size>
         <input_file_ref idref="fl-1e"/>
      </object_component>
      <object_component id="oc-102">
         <name>ECanbMOTSRegsFile</name>
         <uninitialized>true</uninitialized>
         <run_address>0x6280</run_address>
         <size>0x40</size>
         <input_file_ref idref="fl-1e"/>
      </object_component>
      <object_component id="oc-105">
         <name>ECanbMOTORegsFile</name>
         <uninitialized>true</uninitialized>
         <run_address>0x62c0</run_address>
         <size>0x40</size>
         <input_file_ref idref="fl-1e"/>
      </object_component>
      <object_component id="oc-fa">
         <name>EPwm1RegsFile</name>
         <uninitialized>true</uninitialized>
         <run_address>0x6800</run_address>
         <size>0x22</size>
         <input_file_ref idref="fl-1e"/>
      </object_component>
      <object_component id="oc-f5">
         <name>EPwm2RegsFile</name>
         <uninitialized>true</uninitialized>
         <run_address>0x6840</run_address>
         <size>0x22</size>
         <input_file_ref idref="fl-1e"/>
      </object_component>
      <object_component id="oc-f6">
         <name>EPwm3RegsFile</name>
         <uninitialized>true</uninitialized>
         <run_address>0x6880</run_address>
         <size>0x22</size>
         <input_file_ref idref="fl-1e"/>
      </object_component>
      <object_component id="oc-fb">
         <name>EPwm4RegsFile</name>
         <uninitialized>true</uninitialized>
         <run_address>0x68c0</run_address>
         <size>0x22</size>
         <input_file_ref idref="fl-1e"/>
      </object_component>
      <object_component id="oc-f8">
         <name>EPwm5RegsFile</name>
         <uninitialized>true</uninitialized>
         <run_address>0x6900</run_address>
         <size>0x22</size>
         <input_file_ref idref="fl-1e"/>
      </object_component>
      <object_component id="oc-f9">
         <name>EPwm6RegsFile</name>
         <uninitialized>true</uninitialized>
         <run_address>0x6940</run_address>
         <size>0x22</size>
         <input_file_ref idref="fl-1e"/>
      </object_component>
      <object_component id="oc-ef">
         <name>ECap1RegsFile</name>
         <uninitialized>true</uninitialized>
         <run_address>0x6a00</run_address>
         <size>0x20</size>
         <input_file_ref idref="fl-1e"/>
      </object_component>
      <object_component id="oc-f0">
         <name>ECap2RegsFile</name>
         <uninitialized>true</uninitialized>
         <run_address>0x6a20</run_address>
         <size>0x20</size>
         <input_file_ref idref="fl-1e"/>
      </object_component>
      <object_component id="oc-ed">
         <name>ECap3RegsFile</name>
         <uninitialized>true</uninitialized>
         <run_address>0x6a40</run_address>
         <size>0x20</size>
         <input_file_ref idref="fl-1e"/>
      </object_component>
      <object_component id="oc-ee">
         <name>ECap4RegsFile</name>
         <uninitialized>true</uninitialized>
         <run_address>0x6a60</run_address>
         <size>0x20</size>
         <input_file_ref idref="fl-1e"/>
      </object_component>
      <object_component id="oc-f3">
         <name>ECap5RegsFile</name>
         <uninitialized>true</uninitialized>
         <run_address>0x6a80</run_address>
         <size>0x20</size>
         <input_file_ref idref="fl-1e"/>
      </object_component>
      <object_component id="oc-f4">
         <name>ECap6RegsFile</name>
         <uninitialized>true</uninitialized>
         <run_address>0x6aa0</run_address>
         <size>0x20</size>
         <input_file_ref idref="fl-1e"/>
      </object_component>
      <object_component id="oc-106">
         <name>EQep1RegsFile</name>
         <uninitialized>true</uninitialized>
         <run_address>0x6b00</run_address>
         <size>0x40</size>
         <input_file_ref idref="fl-1e"/>
      </object_component>
      <object_component id="oc-107">
         <name>EQep2RegsFile</name>
         <uninitialized>true</uninitialized>
         <run_address>0x6b40</run_address>
         <size>0x40</size>
         <input_file_ref idref="fl-1e"/>
      </object_component>
      <object_component id="oc-fe">
         <name>GpioCtrlRegsFile</name>
         <uninitialized>true</uninitialized>
         <run_address>0x6f80</run_address>
         <size>0x2e</size>
         <input_file_ref idref="fl-1e"/>
      </object_component>
      <object_component id="oc-f1">
         <name>GpioDataRegsFile</name>
         <uninitialized>true</uninitialized>
         <run_address>0x6fc0</run_address>
         <size>0x20</size>
         <input_file_ref idref="fl-1e"/>
      </object_component>
      <object_component id="oc-e2">
         <name>GpioIntRegsFile</name>
         <uninitialized>true</uninitialized>
         <run_address>0x6fe0</run_address>
         <size>0xa</size>
         <input_file_ref idref="fl-1e"/>
      </object_component>
      <object_component id="oc-f2">
         <name>SysCtrlRegsFile</name>
         <uninitialized>true</uninitialized>
         <run_address>0x7010</run_address>
         <size>0x20</size>
         <input_file_ref idref="fl-1e"/>
      </object_component>
      <object_component id="oc-e3">
         <name>SpiaRegsFile</name>
         <uninitialized>true</uninitialized>
         <run_address>0x7040</run_address>
         <size>0x10</size>
         <input_file_ref idref="fl-1e"/>
      </object_component>
      <object_component id="oc-e6">
         <name>SciaRegsFile</name>
         <uninitialized>true</uninitialized>
         <run_address>0x7050</run_address>
         <size>0x10</size>
         <input_file_ref idref="fl-1e"/>
      </object_component>
      <object_component id="oc-e9">
         <name>XIntruptRegsFile</name>
         <uninitialized>true</uninitialized>
         <run_address>0x7070</run_address>
         <size>0x10</size>
         <input_file_ref idref="fl-1e"/>
      </object_component>
      <object_component id="oc-eb">
         <name>AdcRegsFile</name>
         <uninitialized>true</uninitialized>
         <run_address>0x7100</run_address>
         <size>0x1e</size>
         <input_file_ref idref="fl-1e"/>
      </object_component>
      <object_component id="oc-e4">
         <name>ScibRegsFile</name>
         <uninitialized>true</uninitialized>
         <run_address>0x7750</run_address>
         <size>0x10</size>
         <input_file_ref idref="fl-1e"/>
      </object_component>
      <object_component id="oc-e5">
         <name>ScicRegsFile</name>
         <uninitialized>true</uninitialized>
         <run_address>0x7770</run_address>
         <size>0x10</size>
         <input_file_ref idref="fl-1e"/>
      </object_component>
      <object_component id="oc-f7">
         <name>I2caRegsFile</name>
         <uninitialized>true</uninitialized>
         <run_address>0x7900</run_address>
         <size>0x22</size>
         <input_file_ref idref="fl-1e"/>
      </object_component>
      <object_component id="oc-de">
         <name>CsmPwlFile</name>
         <uninitialized>true</uninitialized>
         <run_address>0x33fff8</run_address>
         <size>0x8</size>
         <input_file_ref idref="fl-1e"/>
      </object_component>
      <object_component id="oc-dc">
         <name>PartIdRegsFile</name>
         <uninitialized>true</uninitialized>
         <run_address>0x380090</run_address>
         <size>0x1</size>
         <input_file_ref idref="fl-1e"/>
      </object_component>
      <object_component id="oc-4c">
         <name>.debug_info</name>
         <load_address>0x0</load_address>
         <run_address>0x0</run_address>
         <size>0x10ac</size>
         <input_file_ref idref="fl-2"/>
      </object_component>
      <object_component id="oc-51">
         <name>.debug_info</name>
         <load_address>0x10ac</load_address>
         <run_address>0x10ac</run_address>
         <size>0x2791</size>
         <input_file_ref idref="fl-3"/>
      </object_component>
      <object_component id="oc-56">
         <name>.debug_info</name>
         <load_address>0x383d</load_address>
         <run_address>0x383d</run_address>
         <size>0x3e0</size>
         <input_file_ref idref="fl-4"/>
      </object_component>
      <object_component id="oc-5b">
         <name>.debug_info</name>
         <load_address>0x3c1d</load_address>
         <run_address>0x3c1d</run_address>
         <size>0x3fe9</size>
         <input_file_ref idref="fl-5"/>
      </object_component>
      <object_component id="oc-64">
         <name>.debug_info</name>
         <load_address>0x7c06</load_address>
         <run_address>0x7c06</run_address>
         <size>0x115</size>
         <input_file_ref idref="fl-6"/>
      </object_component>
      <object_component id="oc-68">
         <name>.debug_info</name>
         <load_address>0x7d1b</load_address>
         <run_address>0x7d1b</run_address>
         <size>0x1eb1</size>
         <input_file_ref idref="fl-7"/>
      </object_component>
      <object_component id="oc-71">
         <name>.debug_info</name>
         <load_address>0x9bcc</load_address>
         <run_address>0x9bcc</run_address>
         <size>0x165</size>
         <input_file_ref idref="fl-9"/>
      </object_component>
      <object_component id="oc-75">
         <name>.debug_info</name>
         <load_address>0x9d31</load_address>
         <run_address>0x9d31</run_address>
         <size>0x853</size>
         <input_file_ref idref="fl-a"/>
      </object_component>
      <object_component id="oc-7c">
         <name>.debug_info</name>
         <load_address>0xa584</load_address>
         <run_address>0xa584</run_address>
         <size>0x113</size>
         <input_file_ref idref="fl-b"/>
      </object_component>
      <object_component id="oc-80">
         <name>.debug_info</name>
         <load_address>0xa697</load_address>
         <run_address>0xa697</run_address>
         <size>0x1742</size>
         <input_file_ref idref="fl-c"/>
      </object_component>
      <object_component id="oc-85">
         <name>.debug_info</name>
         <load_address>0xbdd9</load_address>
         <run_address>0xbdd9</run_address>
         <size>0x2e64</size>
         <input_file_ref idref="fl-d"/>
      </object_component>
      <object_component id="oc-8c">
         <name>.debug_info</name>
         <load_address>0xec3d</load_address>
         <run_address>0xec3d</run_address>
         <size>0x119</size>
         <input_file_ref idref="fl-e"/>
      </object_component>
      <object_component id="oc-90">
         <name>.debug_info</name>
         <load_address>0xed56</load_address>
         <run_address>0xed56</run_address>
         <size>0x5da9</size>
         <input_file_ref idref="fl-f"/>
      </object_component>
      <object_component id="oc-95">
         <name>.debug_info</name>
         <load_address>0x14aff</load_address>
         <run_address>0x14aff</run_address>
         <size>0x1bb7</size>
         <input_file_ref idref="fl-10"/>
      </object_component>
      <object_component id="oc-9a">
         <name>.debug_info</name>
         <load_address>0x166b6</load_address>
         <run_address>0x166b6</run_address>
         <size>0x1bb7</size>
         <input_file_ref idref="fl-11"/>
      </object_component>
      <object_component id="oc-9f">
         <name>.debug_info</name>
         <load_address>0x1826d</load_address>
         <run_address>0x1826d</run_address>
         <size>0x1bb7</size>
         <input_file_ref idref="fl-12"/>
      </object_component>
      <object_component id="oc-a4">
         <name>.debug_info</name>
         <load_address>0x19e24</load_address>
         <run_address>0x19e24</run_address>
         <size>0x1bb7</size>
         <input_file_ref idref="fl-13"/>
      </object_component>
      <object_component id="oc-a9">
         <name>.debug_info</name>
         <load_address>0x1b9db</load_address>
         <run_address>0x1b9db</run_address>
         <size>0x1bb6</size>
         <input_file_ref idref="fl-14"/>
      </object_component>
      <object_component id="oc-ae">
         <name>.debug_info</name>
         <load_address>0x1d591</load_address>
         <run_address>0x1d591</run_address>
         <size>0x49d6</size>
         <input_file_ref idref="fl-15"/>
      </object_component>
      <object_component id="oc-b3">
         <name>.debug_info</name>
         <load_address>0x21f67</load_address>
         <run_address>0x21f67</run_address>
         <size>0x382</size>
         <input_file_ref idref="fl-16"/>
      </object_component>
      <object_component id="oc-b8">
         <name>.debug_info</name>
         <load_address>0x222e9</load_address>
         <run_address>0x222e9</run_address>
         <size>0xa93</size>
         <input_file_ref idref="fl-17"/>
      </object_component>
      <object_component id="oc-bd">
         <name>.debug_info</name>
         <load_address>0x22d7c</load_address>
         <run_address>0x22d7c</run_address>
         <size>0x2218</size>
         <input_file_ref idref="fl-18"/>
      </object_component>
      <object_component id="oc-c2">
         <name>.debug_info</name>
         <load_address>0x24f94</load_address>
         <run_address>0x24f94</run_address>
         <size>0x1bb6</size>
         <input_file_ref idref="fl-19"/>
      </object_component>
      <object_component id="oc-c7">
         <name>.debug_info</name>
         <load_address>0x26b4a</load_address>
         <run_address>0x26b4a</run_address>
         <size>0x1bb6</size>
         <input_file_ref idref="fl-1a"/>
      </object_component>
      <object_component id="oc-cc">
         <name>.debug_info</name>
         <load_address>0x28700</load_address>
         <run_address>0x28700</run_address>
         <size>0x218a</size>
         <input_file_ref idref="fl-1b"/>
      </object_component>
      <object_component id="oc-d1">
         <name>.debug_info</name>
         <load_address>0x2a88a</load_address>
         <run_address>0x2a88a</run_address>
         <size>0x216e</size>
         <input_file_ref idref="fl-1c"/>
      </object_component>
      <object_component id="oc-d7">
         <name>.debug_info</name>
         <load_address>0x2c9f8</load_address>
         <run_address>0x2c9f8</run_address>
         <size>0x116</size>
         <input_file_ref idref="fl-1d"/>
      </object_component>
      <object_component id="oc-db">
         <name>.debug_info</name>
         <load_address>0x2cb0e</load_address>
         <run_address>0x2cb0e</run_address>
         <size>0x1342f</size>
         <input_file_ref idref="fl-1e"/>
      </object_component>
      <object_component id="oc-111">
         <name>.debug_info</name>
         <load_address>0x3ff3d</load_address>
         <run_address>0x3ff3d</run_address>
         <size>0x16b</size>
         <input_file_ref idref="fl-31"/>
      </object_component>
      <object_component id="oc-115">
         <name>.debug_info</name>
         <load_address>0x400a8</load_address>
         <run_address>0x400a8</run_address>
         <size>0x5c1</size>
         <input_file_ref idref="fl-32"/>
      </object_component>
      <object_component id="oc-11a">
         <name>.debug_info</name>
         <load_address>0x40669</load_address>
         <run_address>0x40669</run_address>
         <size>0x5ab</size>
         <input_file_ref idref="fl-33"/>
      </object_component>
      <object_component id="oc-122">
         <name>.debug_info</name>
         <load_address>0x40c14</load_address>
         <run_address>0x40c14</run_address>
         <size>0x139</size>
         <input_file_ref idref="fl-34"/>
      </object_component>
      <object_component id="oc-127">
         <name>.debug_info</name>
         <load_address>0x40d4d</load_address>
         <run_address>0x40d4d</run_address>
         <size>0x19d</size>
         <input_file_ref idref="fl-35"/>
      </object_component>
      <object_component id="oc-12b">
         <name>.debug_info</name>
         <load_address>0x40eea</load_address>
         <run_address>0x40eea</run_address>
         <size>0x46f</size>
         <input_file_ref idref="fl-36"/>
      </object_component>
      <object_component id="oc-130">
         <name>.debug_info</name>
         <load_address>0x41359</load_address>
         <run_address>0x41359</run_address>
         <size>0x3e2</size>
         <input_file_ref idref="fl-37"/>
      </object_component>
      <object_component id="oc-135">
         <name>.debug_info</name>
         <load_address>0x4173b</load_address>
         <run_address>0x4173b</run_address>
         <size>0x3df</size>
         <input_file_ref idref="fl-38"/>
      </object_component>
      <object_component id="oc-13b">
         <name>.debug_info</name>
         <load_address>0x41b1a</load_address>
         <run_address>0x41b1a</run_address>
         <size>0x139</size>
         <input_file_ref idref="fl-39"/>
      </object_component>
      <object_component id="oc-13f">
         <name>.debug_info</name>
         <load_address>0x41c53</load_address>
         <run_address>0x41c53</run_address>
         <size>0x501</size>
         <input_file_ref idref="fl-3a"/>
      </object_component>
      <object_component id="oc-144">
         <name>.debug_info</name>
         <load_address>0x42154</load_address>
         <run_address>0x42154</run_address>
         <size>0x4ce</size>
         <input_file_ref idref="fl-3b"/>
      </object_component>
      <object_component id="oc-1b0">
         <name>.debug_info</name>
         <load_address>0x42622</load_address>
         <run_address>0x42622</run_address>
         <size>0xa0</size>
      </object_component>
      <object_component id="oc-4d">
         <name>.debug_frame</name>
         <load_address>0x0</load_address>
         <run_address>0x0</run_address>
         <size>0x5e</size>
         <input_file_ref idref="fl-2"/>
      </object_component>
      <object_component id="oc-52">
         <name>.debug_frame</name>
         <load_address>0x5e</load_address>
         <run_address>0x5e</run_address>
         <size>0x43</size>
         <input_file_ref idref="fl-3"/>
      </object_component>
      <object_component id="oc-57">
         <name>.debug_frame</name>
         <load_address>0xa1</load_address>
         <run_address>0xa1</run_address>
         <size>0x49</size>
         <input_file_ref idref="fl-4"/>
      </object_component>
      <object_component id="oc-5f">
         <name>.debug_frame</name>
         <load_address>0xea</load_address>
         <run_address>0xea</run_address>
         <size>0x2db</size>
         <input_file_ref idref="fl-5"/>
      </object_component>
      <object_component id="oc-69">
         <name>.debug_frame</name>
         <load_address>0x3c5</load_address>
         <run_address>0x3c5</run_address>
         <size>0x2e</size>
         <input_file_ref idref="fl-7"/>
      </object_component>
      <object_component id="oc-77">
         <name>.debug_frame</name>
         <load_address>0x3f3</load_address>
         <run_address>0x3f3</run_address>
         <size>0x2e</size>
         <input_file_ref idref="fl-a"/>
      </object_component>
      <object_component id="oc-81">
         <name>.debug_frame</name>
         <load_address>0x421</load_address>
         <run_address>0x421</run_address>
         <size>0x2e</size>
         <input_file_ref idref="fl-c"/>
      </object_component>
      <object_component id="oc-87">
         <name>.debug_frame</name>
         <load_address>0x44f</load_address>
         <run_address>0x44f</run_address>
         <size>0xb99</size>
         <input_file_ref idref="fl-d"/>
      </object_component>
      <object_component id="oc-91">
         <name>.debug_frame</name>
         <load_address>0xfe8</load_address>
         <run_address>0xfe8</run_address>
         <size>0x2e</size>
         <input_file_ref idref="fl-f"/>
      </object_component>
      <object_component id="oc-96">
         <name>.debug_frame</name>
         <load_address>0x1016</load_address>
         <run_address>0x1016</run_address>
         <size>0x2e</size>
         <input_file_ref idref="fl-10"/>
      </object_component>
      <object_component id="oc-9b">
         <name>.debug_frame</name>
         <load_address>0x1044</load_address>
         <run_address>0x1044</run_address>
         <size>0x2e</size>
         <input_file_ref idref="fl-11"/>
      </object_component>
      <object_component id="oc-a0">
         <name>.debug_frame</name>
         <load_address>0x1072</load_address>
         <run_address>0x1072</run_address>
         <size>0x2e</size>
         <input_file_ref idref="fl-12"/>
      </object_component>
      <object_component id="oc-a5">
         <name>.debug_frame</name>
         <load_address>0x10a0</load_address>
         <run_address>0x10a0</run_address>
         <size>0x2e</size>
         <input_file_ref idref="fl-13"/>
      </object_component>
      <object_component id="oc-aa">
         <name>.debug_frame</name>
         <load_address>0x10ce</load_address>
         <run_address>0x10ce</run_address>
         <size>0x2e</size>
         <input_file_ref idref="fl-14"/>
      </object_component>
      <object_component id="oc-af">
         <name>.debug_frame</name>
         <load_address>0x10fc</load_address>
         <run_address>0x10fc</run_address>
         <size>0x2e</size>
         <input_file_ref idref="fl-15"/>
      </object_component>
      <object_component id="oc-b4">
         <name>.debug_frame</name>
         <load_address>0x112a</load_address>
         <run_address>0x112a</run_address>
         <size>0x2e</size>
         <input_file_ref idref="fl-16"/>
      </object_component>
      <object_component id="oc-b9">
         <name>.debug_frame</name>
         <load_address>0x1158</load_address>
         <run_address>0x1158</run_address>
         <size>0x2e</size>
         <input_file_ref idref="fl-17"/>
      </object_component>
      <object_component id="oc-be">
         <name>.debug_frame</name>
         <load_address>0x1186</load_address>
         <run_address>0x1186</run_address>
         <size>0x2e</size>
         <input_file_ref idref="fl-18"/>
      </object_component>
      <object_component id="oc-c3">
         <name>.debug_frame</name>
         <load_address>0x11b4</load_address>
         <run_address>0x11b4</run_address>
         <size>0x2e</size>
         <input_file_ref idref="fl-19"/>
      </object_component>
      <object_component id="oc-c8">
         <name>.debug_frame</name>
         <load_address>0x11e2</load_address>
         <run_address>0x11e2</run_address>
         <size>0x2e</size>
         <input_file_ref idref="fl-1a"/>
      </object_component>
      <object_component id="oc-cd">
         <name>.debug_frame</name>
         <load_address>0x1210</load_address>
         <run_address>0x1210</run_address>
         <size>0xba</size>
         <input_file_ref idref="fl-1b"/>
      </object_component>
      <object_component id="oc-d2">
         <name>.debug_frame</name>
         <load_address>0x12ca</load_address>
         <run_address>0x12ca</run_address>
         <size>0x2e</size>
         <input_file_ref idref="fl-1c"/>
      </object_component>
      <object_component id="oc-116">
         <name>.debug_frame</name>
         <load_address>0x12f8</load_address>
         <run_address>0x12f8</run_address>
         <size>0x64</size>
         <input_file_ref idref="fl-32"/>
      </object_component>
      <object_component id="oc-11d">
         <name>.debug_frame</name>
         <load_address>0x135c</load_address>
         <run_address>0x135c</run_address>
         <size>0x61</size>
         <input_file_ref idref="fl-33"/>
      </object_component>
      <object_component id="oc-12c">
         <name>.debug_frame</name>
         <load_address>0x13bd</load_address>
         <run_address>0x13bd</run_address>
         <size>0x43</size>
         <input_file_ref idref="fl-36"/>
      </object_component>
      <object_component id="oc-131">
         <name>.debug_frame</name>
         <load_address>0x1400</load_address>
         <run_address>0x1400</run_address>
         <size>0x43</size>
         <input_file_ref idref="fl-37"/>
      </object_component>
      <object_component id="oc-136">
         <name>.debug_frame</name>
         <load_address>0x1443</load_address>
         <run_address>0x1443</run_address>
         <size>0x43</size>
         <input_file_ref idref="fl-38"/>
      </object_component>
      <object_component id="oc-140">
         <name>.debug_frame</name>
         <load_address>0x1486</load_address>
         <run_address>0x1486</run_address>
         <size>0x6d</size>
         <input_file_ref idref="fl-3a"/>
      </object_component>
      <object_component id="oc-145">
         <name>.debug_frame</name>
         <load_address>0x14f3</load_address>
         <run_address>0x14f3</run_address>
         <size>0x43</size>
         <input_file_ref idref="fl-3b"/>
      </object_component>
      <object_component id="oc-4e">
         <name>.debug_line</name>
         <load_address>0x0</load_address>
         <run_address>0x0</run_address>
         <size>0x80</size>
         <input_file_ref idref="fl-2"/>
      </object_component>
      <object_component id="oc-53">
         <name>.debug_line</name>
         <load_address>0x80</load_address>
         <run_address>0x80</run_address>
         <size>0x4b</size>
         <input_file_ref idref="fl-3"/>
      </object_component>
      <object_component id="oc-58">
         <name>.debug_line</name>
         <load_address>0xcb</load_address>
         <run_address>0xcb</run_address>
         <size>0x56</size>
         <input_file_ref idref="fl-4"/>
      </object_component>
      <object_component id="oc-60">
         <name>.debug_line</name>
         <load_address>0x121</load_address>
         <run_address>0x121</run_address>
         <size>0x5c8</size>
         <input_file_ref idref="fl-5"/>
      </object_component>
      <object_component id="oc-65">
         <name>.debug_line</name>
         <load_address>0x6e9</load_address>
         <run_address>0x6e9</run_address>
         <size>0x60</size>
         <input_file_ref idref="fl-6"/>
      </object_component>
      <object_component id="oc-6a">
         <name>.debug_line</name>
         <load_address>0x749</load_address>
         <run_address>0x749</run_address>
         <size>0x49</size>
         <input_file_ref idref="fl-7"/>
      </object_component>
      <object_component id="oc-72">
         <name>.debug_line</name>
         <load_address>0x792</load_address>
         <run_address>0x792</run_address>
         <size>0x7e</size>
         <input_file_ref idref="fl-9"/>
      </object_component>
      <object_component id="oc-78">
         <name>.debug_line</name>
         <load_address>0x810</load_address>
         <run_address>0x810</run_address>
         <size>0x4f</size>
         <input_file_ref idref="fl-a"/>
      </object_component>
      <object_component id="oc-7d">
         <name>.debug_line</name>
         <load_address>0x85f</load_address>
         <run_address>0x85f</run_address>
         <size>0x5e</size>
         <input_file_ref idref="fl-b"/>
      </object_component>
      <object_component id="oc-82">
         <name>.debug_line</name>
         <load_address>0x8bd</load_address>
         <run_address>0x8bd</run_address>
         <size>0x49</size>
         <input_file_ref idref="fl-c"/>
      </object_component>
      <object_component id="oc-88">
         <name>.debug_line</name>
         <load_address>0x906</load_address>
         <run_address>0x906</run_address>
         <size>0x769</size>
         <input_file_ref idref="fl-d"/>
      </object_component>
      <object_component id="oc-8d">
         <name>.debug_line</name>
         <load_address>0x106f</load_address>
         <run_address>0x106f</run_address>
         <size>0x62</size>
         <input_file_ref idref="fl-e"/>
      </object_component>
      <object_component id="oc-92">
         <name>.debug_line</name>
         <load_address>0x10d1</load_address>
         <run_address>0x10d1</run_address>
         <size>0x4a</size>
         <input_file_ref idref="fl-f"/>
      </object_component>
      <object_component id="oc-97">
         <name>.debug_line</name>
         <load_address>0x111b</load_address>
         <run_address>0x111b</run_address>
         <size>0x4a</size>
         <input_file_ref idref="fl-10"/>
      </object_component>
      <object_component id="oc-9c">
         <name>.debug_line</name>
         <load_address>0x1165</load_address>
         <run_address>0x1165</run_address>
         <size>0x4a</size>
         <input_file_ref idref="fl-11"/>
      </object_component>
      <object_component id="oc-a1">
         <name>.debug_line</name>
         <load_address>0x11af</load_address>
         <run_address>0x11af</run_address>
         <size>0x4a</size>
         <input_file_ref idref="fl-12"/>
      </object_component>
      <object_component id="oc-a6">
         <name>.debug_line</name>
         <load_address>0x11f9</load_address>
         <run_address>0x11f9</run_address>
         <size>0x4a</size>
         <input_file_ref idref="fl-13"/>
      </object_component>
      <object_component id="oc-ab">
         <name>.debug_line</name>
         <load_address>0x1243</load_address>
         <run_address>0x1243</run_address>
         <size>0x49</size>
         <input_file_ref idref="fl-14"/>
      </object_component>
      <object_component id="oc-b0">
         <name>.debug_line</name>
         <load_address>0x128c</load_address>
         <run_address>0x128c</run_address>
         <size>0x4b</size>
         <input_file_ref idref="fl-15"/>
      </object_component>
      <object_component id="oc-b5">
         <name>.debug_line</name>
         <load_address>0x12d7</load_address>
         <run_address>0x12d7</run_address>
         <size>0x4d</size>
         <input_file_ref idref="fl-16"/>
      </object_component>
      <object_component id="oc-ba">
         <name>.debug_line</name>
         <load_address>0x1324</load_address>
         <run_address>0x1324</run_address>
         <size>0x4d</size>
         <input_file_ref idref="fl-17"/>
      </object_component>
      <object_component id="oc-bf">
         <name>.debug_line</name>
         <load_address>0x1371</load_address>
         <run_address>0x1371</run_address>
         <size>0x4d</size>
         <input_file_ref idref="fl-18"/>
      </object_component>
      <object_component id="oc-c4">
         <name>.debug_line</name>
         <load_address>0x13be</load_address>
         <run_address>0x13be</run_address>
         <size>0x49</size>
         <input_file_ref idref="fl-19"/>
      </object_component>
      <object_component id="oc-c9">
         <name>.debug_line</name>
         <load_address>0x1407</load_address>
         <run_address>0x1407</run_address>
         <size>0x49</size>
         <input_file_ref idref="fl-1a"/>
      </object_component>
      <object_component id="oc-ce">
         <name>.debug_line</name>
         <load_address>0x1450</load_address>
         <run_address>0x1450</run_address>
         <size>0x159</size>
         <input_file_ref idref="fl-1b"/>
      </object_component>
      <object_component id="oc-d3">
         <name>.debug_line</name>
         <load_address>0x15a9</load_address>
         <run_address>0x15a9</run_address>
         <size>0x4b</size>
         <input_file_ref idref="fl-1c"/>
      </object_component>
      <object_component id="oc-d8">
         <name>.debug_line</name>
         <load_address>0x15f4</load_address>
         <run_address>0x15f4</run_address>
         <size>0x62</size>
         <input_file_ref idref="fl-1d"/>
      </object_component>
      <object_component id="oc-112">
         <name>.debug_line</name>
         <load_address>0x1656</load_address>
         <run_address>0x1656</run_address>
         <size>0x7e</size>
         <input_file_ref idref="fl-31"/>
      </object_component>
      <object_component id="oc-117">
         <name>.debug_line</name>
         <load_address>0x16d4</load_address>
         <run_address>0x16d4</run_address>
         <size>0x50</size>
         <input_file_ref idref="fl-32"/>
      </object_component>
      <object_component id="oc-11e">
         <name>.debug_line</name>
         <load_address>0x1724</load_address>
         <run_address>0x1724</run_address>
         <size>0x65</size>
         <input_file_ref idref="fl-33"/>
      </object_component>
      <object_component id="oc-123">
         <name>.debug_line</name>
         <load_address>0x1789</load_address>
         <run_address>0x1789</run_address>
         <size>0x69</size>
         <input_file_ref idref="fl-34"/>
      </object_component>
      <object_component id="oc-128">
         <name>.debug_line</name>
         <load_address>0x17f2</load_address>
         <run_address>0x17f2</run_address>
         <size>0x8e</size>
         <input_file_ref idref="fl-35"/>
      </object_component>
      <object_component id="oc-12d">
         <name>.debug_line</name>
         <load_address>0x1880</load_address>
         <run_address>0x1880</run_address>
         <size>0x62</size>
         <input_file_ref idref="fl-36"/>
      </object_component>
      <object_component id="oc-132">
         <name>.debug_line</name>
         <load_address>0x18e2</load_address>
         <run_address>0x18e2</run_address>
         <size>0x3e</size>
         <input_file_ref idref="fl-37"/>
      </object_component>
      <object_component id="oc-137">
         <name>.debug_line</name>
         <load_address>0x1920</load_address>
         <run_address>0x1920</run_address>
         <size>0x3a</size>
         <input_file_ref idref="fl-38"/>
      </object_component>
      <object_component id="oc-13c">
         <name>.debug_line</name>
         <load_address>0x195a</load_address>
         <run_address>0x195a</run_address>
         <size>0x52</size>
         <input_file_ref idref="fl-39"/>
      </object_component>
      <object_component id="oc-141">
         <name>.debug_line</name>
         <load_address>0x19ac</load_address>
         <run_address>0x19ac</run_address>
         <size>0x5e</size>
         <input_file_ref idref="fl-3a"/>
      </object_component>
      <object_component id="oc-146">
         <name>.debug_line</name>
         <load_address>0x1a0a</load_address>
         <run_address>0x1a0a</run_address>
         <size>0x55</size>
         <input_file_ref idref="fl-3b"/>
      </object_component>
      <object_component id="oc-4f">
         <name>.debug_abbrev</name>
         <load_address>0x0</load_address>
         <run_address>0x0</run_address>
         <size>0x114</size>
         <input_file_ref idref="fl-2"/>
      </object_component>
      <object_component id="oc-54">
         <name>.debug_abbrev</name>
         <load_address>0x114</load_address>
         <run_address>0x114</run_address>
         <size>0xdc</size>
         <input_file_ref idref="fl-3"/>
      </object_component>
      <object_component id="oc-59">
         <name>.debug_abbrev</name>
         <load_address>0x1f0</load_address>
         <run_address>0x1f0</run_address>
         <size>0x8a</size>
         <input_file_ref idref="fl-4"/>
      </object_component>
      <object_component id="oc-61">
         <name>.debug_abbrev</name>
         <load_address>0x27a</load_address>
         <run_address>0x27a</run_address>
         <size>0x1d8</size>
         <input_file_ref idref="fl-5"/>
      </object_component>
      <object_component id="oc-66">
         <name>.debug_abbrev</name>
         <load_address>0x452</load_address>
         <run_address>0x452</run_address>
         <size>0x2f</size>
         <input_file_ref idref="fl-6"/>
      </object_component>
      <object_component id="oc-6b">
         <name>.debug_abbrev</name>
         <load_address>0x481</load_address>
         <run_address>0x481</run_address>
         <size>0x10f</size>
         <input_file_ref idref="fl-7"/>
      </object_component>
      <object_component id="oc-73">
         <name>.debug_abbrev</name>
         <load_address>0x590</load_address>
         <run_address>0x590</run_address>
         <size>0x21</size>
         <input_file_ref idref="fl-9"/>
      </object_component>
      <object_component id="oc-79">
         <name>.debug_abbrev</name>
         <load_address>0x5b1</load_address>
         <run_address>0x5b1</run_address>
         <size>0xfd</size>
         <input_file_ref idref="fl-a"/>
      </object_component>
      <object_component id="oc-7e">
         <name>.debug_abbrev</name>
         <load_address>0x6ae</load_address>
         <run_address>0x6ae</run_address>
         <size>0x2f</size>
         <input_file_ref idref="fl-b"/>
      </object_component>
      <object_component id="oc-83">
         <name>.debug_abbrev</name>
         <load_address>0x6dd</load_address>
         <run_address>0x6dd</run_address>
         <size>0x128</size>
         <input_file_ref idref="fl-c"/>
      </object_component>
      <object_component id="oc-89">
         <name>.debug_abbrev</name>
         <load_address>0x805</load_address>
         <run_address>0x805</run_address>
         <size>0xa8</size>
         <input_file_ref idref="fl-d"/>
      </object_component>
      <object_component id="oc-8e">
         <name>.debug_abbrev</name>
         <load_address>0x8ad</load_address>
         <run_address>0x8ad</run_address>
         <size>0x2f</size>
         <input_file_ref idref="fl-e"/>
      </object_component>
      <object_component id="oc-93">
         <name>.debug_abbrev</name>
         <load_address>0x8dc</load_address>
         <run_address>0x8dc</run_address>
         <size>0x151</size>
         <input_file_ref idref="fl-f"/>
      </object_component>
      <object_component id="oc-98">
         <name>.debug_abbrev</name>
         <load_address>0xa2d</load_address>
         <run_address>0xa2d</run_address>
         <size>0x138</size>
         <input_file_ref idref="fl-10"/>
      </object_component>
      <object_component id="oc-9d">
         <name>.debug_abbrev</name>
         <load_address>0xb65</load_address>
         <run_address>0xb65</run_address>
         <size>0x138</size>
         <input_file_ref idref="fl-11"/>
      </object_component>
      <object_component id="oc-a2">
         <name>.debug_abbrev</name>
         <load_address>0xc9d</load_address>
         <run_address>0xc9d</run_address>
         <size>0xea</size>
         <input_file_ref idref="fl-12"/>
      </object_component>
      <object_component id="oc-a7">
         <name>.debug_abbrev</name>
         <load_address>0xd87</load_address>
         <run_address>0xd87</run_address>
         <size>0xdc</size>
         <input_file_ref idref="fl-13"/>
      </object_component>
      <object_component id="oc-ac">
         <name>.debug_abbrev</name>
         <load_address>0xe63</load_address>
         <run_address>0xe63</run_address>
         <size>0xdc</size>
         <input_file_ref idref="fl-14"/>
      </object_component>
      <object_component id="oc-b1">
         <name>.debug_abbrev</name>
         <load_address>0xf3f</load_address>
         <run_address>0xf3f</run_address>
         <size>0x11f</size>
         <input_file_ref idref="fl-15"/>
      </object_component>
      <object_component id="oc-b6">
         <name>.debug_abbrev</name>
         <load_address>0x105e</load_address>
         <run_address>0x105e</run_address>
         <size>0x93</size>
         <input_file_ref idref="fl-16"/>
      </object_component>
      <object_component id="oc-bb">
         <name>.debug_abbrev</name>
         <load_address>0x10f1</load_address>
         <run_address>0x10f1</run_address>
         <size>0xc8</size>
         <input_file_ref idref="fl-17"/>
      </object_component>
      <object_component id="oc-c0">
         <name>.debug_abbrev</name>
         <load_address>0x11b9</load_address>
         <run_address>0x11b9</run_address>
         <size>0x116</size>
         <input_file_ref idref="fl-18"/>
      </object_component>
      <object_component id="oc-c5">
         <name>.debug_abbrev</name>
         <load_address>0x12cf</load_address>
         <run_address>0x12cf</run_address>
         <size>0xea</size>
         <input_file_ref idref="fl-19"/>
      </object_component>
      <object_component id="oc-ca">
         <name>.debug_abbrev</name>
         <load_address>0x13b9</load_address>
         <run_address>0x13b9</run_address>
         <size>0xea</size>
         <input_file_ref idref="fl-1a"/>
      </object_component>
      <object_component id="oc-cf">
         <name>.debug_abbrev</name>
         <load_address>0x14a3</load_address>
         <run_address>0x14a3</run_address>
         <size>0x1a2</size>
         <input_file_ref idref="fl-1b"/>
      </object_component>
      <object_component id="oc-d4">
         <name>.debug_abbrev</name>
         <load_address>0x1645</load_address>
         <run_address>0x1645</run_address>
         <size>0x138</size>
         <input_file_ref idref="fl-1c"/>
      </object_component>
      <object_component id="oc-d9">
         <name>.debug_abbrev</name>
         <load_address>0x177d</load_address>
         <run_address>0x177d</run_address>
         <size>0x2f</size>
         <input_file_ref idref="fl-1d"/>
      </object_component>
      <object_component id="oc-10e">
         <name>.debug_abbrev</name>
         <load_address>0x17ac</load_address>
         <run_address>0x17ac</run_address>
         <size>0xb7</size>
         <input_file_ref idref="fl-1e"/>
      </object_component>
      <object_component id="oc-113">
         <name>.debug_abbrev</name>
         <load_address>0x1863</load_address>
         <run_address>0x1863</run_address>
         <size>0x46</size>
         <input_file_ref idref="fl-31"/>
      </object_component>
      <object_component id="oc-118">
         <name>.debug_abbrev</name>
         <load_address>0x18a9</load_address>
         <run_address>0x18a9</run_address>
         <size>0xfc</size>
         <input_file_ref idref="fl-32"/>
      </object_component>
      <object_component id="oc-11f">
         <name>.debug_abbrev</name>
         <load_address>0x19a5</load_address>
         <run_address>0x19a5</run_address>
         <size>0x142</size>
         <input_file_ref idref="fl-33"/>
      </object_component>
      <object_component id="oc-124">
         <name>.debug_abbrev</name>
         <load_address>0x1ae7</load_address>
         <run_address>0x1ae7</run_address>
         <size>0x38</size>
         <input_file_ref idref="fl-34"/>
      </object_component>
      <object_component id="oc-129">
         <name>.debug_abbrev</name>
         <load_address>0x1b1f</load_address>
         <run_address>0x1b1f</run_address>
         <size>0x38</size>
         <input_file_ref idref="fl-35"/>
      </object_component>
      <object_component id="oc-12e">
         <name>.debug_abbrev</name>
         <load_address>0x1b57</load_address>
         <run_address>0x1b57</run_address>
         <size>0xa8</size>
         <input_file_ref idref="fl-36"/>
      </object_component>
      <object_component id="oc-133">
         <name>.debug_abbrev</name>
         <load_address>0x1bff</load_address>
         <run_address>0x1bff</run_address>
         <size>0x68</size>
         <input_file_ref idref="fl-37"/>
      </object_component>
      <object_component id="oc-138">
         <name>.debug_abbrev</name>
         <load_address>0x1c67</load_address>
         <run_address>0x1c67</run_address>
         <size>0x66</size>
         <input_file_ref idref="fl-38"/>
      </object_component>
      <object_component id="oc-13d">
         <name>.debug_abbrev</name>
         <load_address>0x1ccd</load_address>
         <run_address>0x1ccd</run_address>
         <size>0x38</size>
         <input_file_ref idref="fl-39"/>
      </object_component>
      <object_component id="oc-142">
         <name>.debug_abbrev</name>
         <load_address>0x1d05</load_address>
         <run_address>0x1d05</run_address>
         <size>0xb2</size>
         <input_file_ref idref="fl-3a"/>
      </object_component>
      <object_component id="oc-147">
         <name>.debug_abbrev</name>
         <load_address>0x1db7</load_address>
         <run_address>0x1db7</run_address>
         <size>0xfe</size>
         <input_file_ref idref="fl-3b"/>
      </object_component>
      <object_component id="oc-1b1">
         <name>.debug_abbrev</name>
         <load_address>0x1eb5</load_address>
         <run_address>0x1eb5</run_address>
         <size>0xf</size>
      </object_component>
      <object_component id="oc-50">
         <name>.debug_aranges</name>
         <load_address>0x0</load_address>
         <run_address>0x0</run_address>
         <size>0x28</size>
         <input_file_ref idref="fl-2"/>
      </object_component>
      <object_component id="oc-55">
         <name>.debug_aranges</name>
         <load_address>0x28</load_address>
         <run_address>0x28</run_address>
         <size>0x20</size>
         <input_file_ref idref="fl-3"/>
      </object_component>
      <object_component id="oc-5a">
         <name>.debug_aranges</name>
         <load_address>0x48</load_address>
         <run_address>0x48</run_address>
         <size>0x20</size>
         <input_file_ref idref="fl-4"/>
      </object_component>
      <object_component id="oc-62">
         <name>.debug_aranges</name>
         <load_address>0x68</load_address>
         <run_address>0x68</run_address>
         <size>0xe8</size>
         <input_file_ref idref="fl-5"/>
      </object_component>
      <object_component id="oc-67">
         <name>.debug_aranges</name>
         <load_address>0x150</load_address>
         <run_address>0x150</run_address>
         <size>0x20</size>
         <input_file_ref idref="fl-6"/>
      </object_component>
      <object_component id="oc-6c">
         <name>.debug_aranges</name>
         <load_address>0x170</load_address>
         <run_address>0x170</run_address>
         <size>0x18</size>
         <input_file_ref idref="fl-7"/>
      </object_component>
      <object_component id="oc-74">
         <name>.debug_aranges</name>
         <load_address>0x188</load_address>
         <run_address>0x188</run_address>
         <size>0x28</size>
         <input_file_ref idref="fl-9"/>
      </object_component>
      <object_component id="oc-7a">
         <name>.debug_aranges</name>
         <load_address>0x1b0</load_address>
         <run_address>0x1b0</run_address>
         <size>0x18</size>
         <input_file_ref idref="fl-a"/>
      </object_component>
      <object_component id="oc-7f">
         <name>.debug_aranges</name>
         <load_address>0x1c8</load_address>
         <run_address>0x1c8</run_address>
         <size>0x20</size>
         <input_file_ref idref="fl-b"/>
      </object_component>
      <object_component id="oc-84">
         <name>.debug_aranges</name>
         <load_address>0x1e8</load_address>
         <run_address>0x1e8</run_address>
         <size>0x18</size>
         <input_file_ref idref="fl-c"/>
      </object_component>
      <object_component id="oc-8a">
         <name>.debug_aranges</name>
         <load_address>0x200</load_address>
         <run_address>0x200</run_address>
         <size>0x290</size>
         <input_file_ref idref="fl-d"/>
      </object_component>
      <object_component id="oc-8f">
         <name>.debug_aranges</name>
         <load_address>0x490</load_address>
         <run_address>0x490</run_address>
         <size>0x20</size>
         <input_file_ref idref="fl-e"/>
      </object_component>
      <object_component id="oc-94">
         <name>.debug_aranges</name>
         <load_address>0x4b0</load_address>
         <run_address>0x4b0</run_address>
         <size>0x18</size>
         <input_file_ref idref="fl-f"/>
      </object_component>
      <object_component id="oc-99">
         <name>.debug_aranges</name>
         <load_address>0x4c8</load_address>
         <run_address>0x4c8</run_address>
         <size>0x18</size>
         <input_file_ref idref="fl-10"/>
      </object_component>
      <object_component id="oc-9e">
         <name>.debug_aranges</name>
         <load_address>0x4e0</load_address>
         <run_address>0x4e0</run_address>
         <size>0x18</size>
         <input_file_ref idref="fl-11"/>
      </object_component>
      <object_component id="oc-a3">
         <name>.debug_aranges</name>
         <load_address>0x4f8</load_address>
         <run_address>0x4f8</run_address>
         <size>0x18</size>
         <input_file_ref idref="fl-12"/>
      </object_component>
      <object_component id="oc-a8">
         <name>.debug_aranges</name>
         <load_address>0x510</load_address>
         <run_address>0x510</run_address>
         <size>0x18</size>
         <input_file_ref idref="fl-13"/>
      </object_component>
      <object_component id="oc-ad">
         <name>.debug_aranges</name>
         <load_address>0x528</load_address>
         <run_address>0x528</run_address>
         <size>0x18</size>
         <input_file_ref idref="fl-14"/>
      </object_component>
      <object_component id="oc-b2">
         <name>.debug_aranges</name>
         <load_address>0x540</load_address>
         <run_address>0x540</run_address>
         <size>0x18</size>
         <input_file_ref idref="fl-15"/>
      </object_component>
      <object_component id="oc-b7">
         <name>.debug_aranges</name>
         <load_address>0x558</load_address>
         <run_address>0x558</run_address>
         <size>0x18</size>
         <input_file_ref idref="fl-16"/>
      </object_component>
      <object_component id="oc-bc">
         <name>.debug_aranges</name>
         <load_address>0x570</load_address>
         <run_address>0x570</run_address>
         <size>0x18</size>
         <input_file_ref idref="fl-17"/>
      </object_component>
      <object_component id="oc-c1">
         <name>.debug_aranges</name>
         <load_address>0x588</load_address>
         <run_address>0x588</run_address>
         <size>0x18</size>
         <input_file_ref idref="fl-18"/>
      </object_component>
      <object_component id="oc-c6">
         <name>.debug_aranges</name>
         <load_address>0x5a0</load_address>
         <run_address>0x5a0</run_address>
         <size>0x18</size>
         <input_file_ref idref="fl-19"/>
      </object_component>
      <object_component id="oc-cb">
         <name>.debug_aranges</name>
         <load_address>0x5b8</load_address>
         <run_address>0x5b8</run_address>
         <size>0x18</size>
         <input_file_ref idref="fl-1a"/>
      </object_component>
      <object_component id="oc-d0">
         <name>.debug_aranges</name>
         <load_address>0x5d0</load_address>
         <run_address>0x5d0</run_address>
         <size>0x48</size>
         <input_file_ref idref="fl-1b"/>
      </object_component>
      <object_component id="oc-d5">
         <name>.debug_aranges</name>
         <load_address>0x618</load_address>
         <run_address>0x618</run_address>
         <size>0x18</size>
         <input_file_ref idref="fl-1c"/>
      </object_component>
      <object_component id="oc-da">
         <name>.debug_aranges</name>
         <load_address>0x630</load_address>
         <run_address>0x630</run_address>
         <size>0x20</size>
         <input_file_ref idref="fl-1d"/>
      </object_component>
      <object_component id="oc-114">
         <name>.debug_aranges</name>
         <load_address>0x650</load_address>
         <run_address>0x650</run_address>
         <size>0x20</size>
         <input_file_ref idref="fl-31"/>
      </object_component>
      <object_component id="oc-119">
         <name>.debug_aranges</name>
         <load_address>0x670</load_address>
         <run_address>0x670</run_address>
         <size>0x20</size>
         <input_file_ref idref="fl-32"/>
      </object_component>
      <object_component id="oc-120">
         <name>.debug_aranges</name>
         <load_address>0x690</load_address>
         <run_address>0x690</run_address>
         <size>0x28</size>
         <input_file_ref idref="fl-33"/>
      </object_component>
      <object_component id="oc-125">
         <name>.debug_aranges</name>
         <load_address>0x6b8</load_address>
         <run_address>0x6b8</run_address>
         <size>0x28</size>
         <input_file_ref idref="fl-34"/>
      </object_component>
      <object_component id="oc-12a">
         <name>.debug_aranges</name>
         <load_address>0x6e0</load_address>
         <run_address>0x6e0</run_address>
         <size>0x38</size>
         <input_file_ref idref="fl-35"/>
      </object_component>
      <object_component id="oc-12f">
         <name>.debug_aranges</name>
         <load_address>0x718</load_address>
         <run_address>0x718</run_address>
         <size>0x20</size>
         <input_file_ref idref="fl-36"/>
      </object_component>
      <object_component id="oc-134">
         <name>.debug_aranges</name>
         <load_address>0x738</load_address>
         <run_address>0x738</run_address>
         <size>0x20</size>
         <input_file_ref idref="fl-37"/>
      </object_component>
      <object_component id="oc-139">
         <name>.debug_aranges</name>
         <load_address>0x758</load_address>
         <run_address>0x758</run_address>
         <size>0x20</size>
         <input_file_ref idref="fl-38"/>
      </object_component>
      <object_component id="oc-13e">
         <name>.debug_aranges</name>
         <load_address>0x778</load_address>
         <run_address>0x778</run_address>
         <size>0x28</size>
         <input_file_ref idref="fl-39"/>
      </object_component>
      <object_component id="oc-143">
         <name>.debug_aranges</name>
         <load_address>0x7a0</load_address>
         <run_address>0x7a0</run_address>
         <size>0x30</size>
         <input_file_ref idref="fl-3a"/>
      </object_component>
      <object_component id="oc-148">
         <name>.debug_aranges</name>
         <load_address>0x7d0</load_address>
         <run_address>0x7d0</run_address>
         <size>0x20</size>
         <input_file_ref idref="fl-3b"/>
      </object_component>
   </object_component_list>
   <logical_group_list>
      <logical_group id="lg-2" display="no" color="cyan">
         <name>codestart</name>
         <load_address>0x0</load_address>
         <run_address>0x0</run_address>
         <size>0x2</size>
         <contents>
            <object_component_ref idref="oc-70"/>
         </contents>
      </logical_group>
      <logical_group id="lg-3" display="no" color="cyan">
         <name>ramfuncs</name>
         <load_address>0x81cd</load_address>
         <run_address>0x81cd</run_address>
         <size>0x4</size>
         <contents>
            <object_component_ref idref="oc-d6"/>
         </contents>
      </logical_group>
      <logical_group id="lg-4" display="no" color="cyan">
         <name>.text</name>
         <load_address>0x9000</load_address>
         <run_address>0x9000</run_address>
         <size>0xc09</size>
         <contents>
            <object_component_ref idref="oc-154"/>
            <object_component_ref idref="oc-86"/>
            <object_component_ref idref="oc-152"/>
            <object_component_ref idref="oc-4b"/>
            <object_component_ref idref="oc-14f"/>
            <object_component_ref idref="oc-126"/>
            <object_component_ref idref="oc-14d"/>
            <object_component_ref idref="oc-14a"/>
            <object_component_ref idref="oc-121"/>
            <object_component_ref idref="oc-14e"/>
            <object_component_ref idref="oc-14c"/>
[...]
      </symbol>
      <symbol id="sm-21d">
         <name>_INT14_ISR</name>
         <value>0x966d</value>
         <object_component_ref idref="oc-86"/>
      </symbol>
      <symbol id="sm-21e">
         <name>_MXINTB_ISR</name>
         <value>0x984d</value>
         <object_component_ref idref="oc-86"/>
      </symbol>
      <symbol id="sm-21f">
         <name>_DINTCH5_ISR</name>
         <value>0x9893</value>
         <object_component_ref idref="oc-86"/>
      </symbol>
      <symbol id="sm-220">
         <name>_USER6_ISR</name>
         <value>0x96db</value>
         <object_component_ref idref="oc-86"/>
      </symbol>
      <symbol id="sm-221">
         <name>_ECAP4_INT_ISR</name>
         <value>0x97fd</value>
         <object_component_ref idref="oc-86"/>
      </symbol>
      <symbol id="sm-222">
         <name>_MRINTA_ISR</name>
         <value>0x9857</value>
         <object_component_ref idref="oc-86"/>
      </symbol>
      <symbol id="sm-223">
         <name>_DINTCH6_ISR</name>
         <value>0x989d</value>
         <object_component_ref idref="oc-86"/>
      </symbol>
      <symbol id="sm-224">
         <name>_USER12_ISR</name>
         <value>0x9717</value>
         <object_component_ref idref="oc-86"/>
      </symbol>
      <symbol id="sm-225">
         <name>_ADCINT_ISR</name>
         <value>0x9749</value>
         <object_component_ref idref="oc-86"/>
      </symbol>
      <symbol id="sm-226">
         <name>_USER1_ISR</name>
         <value>0x96a9</value>
         <object_component_ref idref="oc-86"/>
      </symbol>
      <symbol id="sm-227">
         <name>_XINT3_ISR</name>
         <value>0x991f</value>
         <object_component_ref idref="oc-86"/>
      </symbol>
      <symbol id="sm-228">
         <name>_EPWM5_INT_ISR</name>
         <value>0x97cb</value>
         <object_component_ref idref="oc-86"/>
      </symbol>
      <symbol id="sm-229">
         <name>_NMI_ISR</name>
         <value>0x9695</value>
         <object_component_ref idref="oc-86"/>
      </symbol>
      <symbol id="sm-22a">
         <name>_SCITXINTB_ISR</name>
         <value>0x98ed</value>
         <object_component_ref idref="oc-86"/>
      </symbol>
      <symbol id="sm-22b">
         <name>_SCIRXINTB_ISR</name>
         <value>0x98e3</value>
         <object_component_ref idref="oc-86"/>
      </symbol>
      <symbol id="sm-22c">
         <name>_ECAN1INTA_ISR</name>
         <value>0x9901</value>
         <object_component_ref idref="oc-86"/>
      </symbol>
      <symbol id="sm-22d">
         <name>_ECAP2_INT_ISR</name>
         <value>0x97e9</value>
         <object_component_ref idref="oc-86"/>
      </symbol>
      <symbol id="sm-22e">
         <name>_PIE_RESERVED</name>
         <value>0x9965</value>
         <object_component_ref idref="oc-86"/>
      </symbol>
      <symbol id="sm-22f">
         <name>_I2CINT1A_ISR</name>
         <value>0x98a7</value>
         <object_component_ref idref="oc-86"/>
      </symbol>
      <symbol id="sm-230">
         <name>_XINT2_ISR</name>
         <value>0x973f</value>
         <object_component_ref idref="oc-86"/>
      </symbol>
      <symbol id="sm-231">
         <name>_I2CINT2A_ISR</name>
         <value>0x98b1</value>
         <object_component_ref idref="oc-86"/>
      </symbol>
      <symbol id="sm-232">
         <name>_SCITXINTC_ISR</name>
         <value>0x98c5</value>
         <object_component_ref idref="oc-86"/>
      </symbol>
      <symbol id="sm-233">
         <name>_SCIRXINTC_ISR</name>
         <value>0x98bb</value>
         <object_component_ref idref="oc-86"/>
      </symbol>
      <symbol id="sm-234">
         <name>_RTOSINT_ISR</name>
         <value>0x9681</value>
         <object_component_ref idref="oc-86"/>
      </symbol>
      <symbol id="sm-235">
         <name>_EPWM3_INT_ISR</name>
         <value>0x97b7</value>
         <object_component_ref idref="oc-86"/>
      </symbol>
      <symbol id="sm-236">
         <name>_ECAN1INTB_ISR</name>
         <value>0x9915</value>
         <object_component_ref idref="oc-86"/>
      </symbol>
      <symbol id="sm-237">
         <name>_USER9_ISR</name>
         <value>0x96f9</value>
         <object_component_ref idref="oc-86"/>
      </symbol>
      <symbol id="sm-238">
         <name>_USER3_ISR</name>
         <value>0x96bd</value>
         <object_component_ref idref="oc-86"/>
      </symbol>
      <symbol id="sm-239">
         <name>_EQEP1_INT_ISR</name>
         <value>0x981b</value>
         <object_component_ref idref="oc-86"/>
      </symbol>
      <symbol id="sm-23a">
         <name>_MRINTB_ISR</name>
         <value>0x9843</value>
         <object_component_ref idref="oc-86"/>
      </symbol>
      <symbol id="sm-23b">
         <name>_DINTCH1_ISR</name>
         <value>0x986b</value>
         <object_component_ref idref="oc-86"/>
      </symbol>
      <symbol id="sm-23c">
         <name>_USER8_ISR</name>
         <value>0x96ef</value>
         <object_component_ref idref="oc-86"/>
      </symbol>
      <symbol id="sm-23d">
         <name>_EPWM1_INT_ISR</name>
         <value>0x97a3</value>
         <object_component_ref idref="oc-86"/>
      </symbol>
      <symbol id="sm-23e">
         <name>_SEQ2INT_ISR</name>
         <value>0x972b</value>
         <object_component_ref idref="oc-86"/>
      </symbol>
      <symbol id="sm-23f">
         <name>_USER2_ISR</name>
         <value>0x96b3</value>
         <object_component_ref idref="oc-86"/>
      </symbol>
      <symbol id="sm-240">
         <name>_LUF_ISR</name>
         <value>0x995b</value>
         <object_component_ref idref="oc-86"/>
      </symbol>
      <symbol id="sm-241">
         <name>_LVF_ISR</name>
         <value>0x9951</value>
         <object_component_ref idref="oc-86"/>
      </symbol>
      <symbol id="sm-242">
         <name>_SCITXINTA_ISR</name>
         <value>0x98d9</value>
         <object_component_ref idref="oc-86"/>
      </symbol>
      <symbol id="sm-243">
         <name>_SCIRXINTA_ISR</name>
         <value>0x98cf</value>
         <object_component_ref idref="oc-86"/>
      </symbol>
      <symbol id="sm-244">
         <name>_rsvd_ISR</name>
         <value>0x996f</value>
         <object_component_ref idref="oc-86"/>
      </symbol>
      <symbol id="sm-245">
         <name>_ECAP5_INT_ISR</name>
         <value>0x9807</value>
         <object_component_ref idref="oc-86"/>
      </symbol>
      <symbol id="sm-246">
         <name>_DINTCH2_ISR</name>
         <value>0x9875</value>
         <object_component_ref idref="oc-86"/>
      </symbol>
      <symbol id="sm-247">
         <name>_XINT5_ISR</name>
         <value>0x9933</value>
         <object_component_ref idref="oc-86"/>
      </symbol>
      <symbol id="sm-253">
         <name>_DSP28x_DisableInt</name>
         <value>0x9bfc</value>
         <object_component_ref idref="oc-8b"/>
      </symbol>
      <symbol id="sm-254">
         <name>_DSP28x_RestoreInt</name>
         <value>0x9c00</value>
         <object_component_ref idref="oc-8b"/>
      </symbol>
      <symbol id="sm-2d5">
         <name>_InitPll</name>
         <value>0x9994</value>
         <object_component_ref idref="oc-152"/>
      </symbol>
      <symbol id="sm-2d6">
         <name>_DisableDog</name>
         <value>0x998c</value>
         <object_component_ref idref="oc-152"/>
      </symbol>
      <symbol id="sm-2d7">
         <name>_InitPeripheralClocks</name>
         <value>0x99e5</value>
         <object_component_ref idref="oc-152"/>
      </symbol>
      <symbol id="sm-2d8">
         <name>_CsmUnlock</name>
         <value>0x9a40</value>
         <object_component_ref idref="oc-152"/>
      </symbol>
      <symbol id="sm-2d9">
         <name>_ServiceDog</name>
         <value>0x9982</value>
         <object_component_ref idref="oc-152"/>
      </symbol>
      <symbol id="sm-2da">
         <name>_InitSysCtrl</name>
         <value>0x9979</value>
         <object_component_ref idref="oc-152"/>
      </symbol>
      <symbol id="sm-2ef">
         <name>_DSP28x_usDelay</name>
         <value>0x81cd</value>
         <object_component_ref idref="oc-d6"/>
      </symbol>
      <symbol id="sm-359">
         <name>_GpioCtrlRegs</name>
         <value>0x6f80</value>
         <object_component_ref idref="oc-fe"/>
      </symbol>
      <symbol id="sm-35a">
         <name>_PieVectTable</name>
         <value>0xd00</value>
         <object_component_ref idref="oc-10d"/>
      </symbol>
      <symbol id="sm-35b">
         <name>_ECap4Regs</name>
         <value>0x6a60</value>
         <object_component_ref idref="oc-ee"/>
      </symbol>
      <symbol id="sm-35c">
         <name>_CsmRegs</name>
         <value>0xae0</value>
         <object_component_ref idref="oc-e7"/>
      </symbol>
      <symbol id="sm-35d">
         <name>_ECanaLAMRegs</name>
         <value>0x6040</value>
         <object_component_ref idref="oc-103"/>
      </symbol>
      <symbol id="sm-35e">
         <name>_ECanbMOTORegs</name>
         <value>0x62c0</value>
         <object_component_ref idref="oc-105"/>
      </symbol>
      <symbol id="sm-35f">
         <name>_EPwm4Regs</name>
         <value>0x68c0</value>
         <object_component_ref idref="oc-fb"/>
      </symbol>
      <symbol id="sm-360">
         <name>_ECap5Regs</name>
         <value>0x6a80</value>
         <object_component_ref idref="oc-f3"/>
      </symbol>
      <symbol id="sm-361">
         <name>_CpuTimer1Regs</name>
         <value>0xc08</value>
         <object_component_ref idref="oc-e1"/>
      </symbol>
      <symbol id="sm-362">
         <name>_SysCtrlRegs</name>
         <value>0x7010</value>
         <object_component_ref idref="oc-f2"/>
      </symbol>
      <symbol id="sm-363">
         <name>_EPwm5Regs</name>
         <value>0x6900</value>
         <object_component_ref idref="oc-f8"/>
      </symbol>
      <symbol id="sm-364">
         <name>_SpiaRegs</name>
         <value>0x7040</value>
         <object_component_ref idref="oc-e3"/>
      </symbol>
      <symbol id="sm-365">
         <name>_ECanaMOTSRegs</name>
         <value>0x6080</value>
         <object_component_ref idref="oc-104"/>
      </symbol>
      <symbol id="sm-366">
         <name>_ECap6Regs</name>
         <value>0x6aa0</value>
         <object_component_ref idref="oc-f4"/>
      </symbol>
      <symbol id="sm-367">
         <name>_DmaRegs</name>
         <value>0x1000</value>
         <object_component_ref idref="oc-10a"/>
      </symbol>
      <symbol id="sm-368">
         <name>_FlashRegs</name>
         <value>0xa80</value>
         <object_component_ref idref="oc-df"/>
      </symbol>
      <symbol id="sm-369">
         <name>_CpuTimer0Regs</name>
         <value>0xc00</value>
         <object_component_ref idref="oc-e0"/>
      </symbol>
      <symbol id="sm-36a">
         <name>_DevEmuRegs</name>
         <value>0x880</value>
         <object_component_ref idref="oc-109"/>
      </symbol>
      <symbol id="sm-36b">
         <name>_McbspbRegs</name>
         <value>0x5040</value>
         <object_component_ref idref="oc-fc"/>
      </symbol>
      <symbol id="sm-36c">
         <name>_EPwm6Regs</name>
         <value>0x6940</value>
         <object_component_ref idref="oc-f9"/>
      </symbol>
      <symbol id="sm-36d">
         <name>_SciaRegs</name>
         <value>0x7050</value>
         <object_component_ref idref="oc-e6"/>
      </symbol>
      <symbol id="sm-36e">
         <name>_GpioDataRegs</name>
         <value>0x6fc0</value>
         <object_component_ref idref="oc-f1"/>
      </symbol>
      <symbol id="sm-36f">
         <name>_CsmPwl</name>
         <value>0x33fff8</value>
         <object_component_ref idref="oc-de"/>
      </symbol>
      <symbol id="sm-370">
         <name>_AdcRegs</name>
         <value>0x7100</value>
         <object_component_ref idref="oc-eb"/>
      </symbol>
      <symbol id="sm-371">
         <name>_XIntruptRegs</name>
         <value>0x7070</value>
         <object_component_ref idref="oc-e9"/>
      </symbol>
      <symbol id="sm-372">
         <name>_CpuTimer2Regs</name>
         <value>0xc10</value>
         <object_component_ref idref="oc-dd"/>
      </symbol>
      <symbol id="sm-373">
         <name>_PieCtrlRegs</name>
         <value>0xce0</value>
         <object_component_ref idref="oc-ea"/>
      </symbol>
      <symbol id="sm-374">
         <name>_ECanbMOTSRegs</name>
         <value>0x6280</value>
         <object_component_ref idref="oc-102"/>
      </symbol>
      <symbol id="sm-375">
         <name>_ECanaRegs</name>
         <value>0x6000</value>
         <object_component_ref idref="oc-ff"/>
      </symbol>
      <symbol id="sm-376">
         <name>_AdcMirror</name>
         <value>0xb00</value>
         <object_component_ref idref="oc-e8"/>
      </symbol>
      <symbol id="sm-377">
         <name>_ECanbMboxes</name>
         <value>0x6300</value>
         <object_component_ref idref="oc-10b"/>
      </symbol>
      <symbol id="sm-378">
         <name>_XintfRegs</name>
         <value>0xb20</value>
         <object_component_ref idref="oc-ec"/>
      </symbol>
      <symbol id="sm-379">
         <name>_ScicRegs</name>
         <value>0x7770</value>
         <object_component_ref idref="oc-e5"/>
      </symbol>
      <symbol id="sm-37a">
         <name>_ECap1Regs</name>
         <value>0x6a00</value>
         <object_component_ref idref="oc-ef"/>
      </symbol>
      <symbol id="sm-37b">
         <name>_EQep1Regs</name>
         <value>0x6b00</value>
         <object_component_ref idref="oc-106"/>
      </symbol>
      <symbol id="sm-37c">
         <name>_McbspaRegs</name>
         <value>0x5000</value>
         <object_component_ref idref="oc-fd"/>
      </symbol>
      <symbol id="sm-37d">
         <name>_EPwm1Regs</name>
         <value>0x6800</value>
         <object_component_ref idref="oc-fa"/>
      </symbol>
      <symbol id="sm-37e">
         <name>_ECanbRegs</name>
         <value>0x6200</value>
         <object_component_ref idref="oc-100"/>
      </symbol>
      <symbol id="sm-37f">
         <name>_ScibRegs</name>
         <value>0x7750</value>
         <object_component_ref idref="oc-e4"/>
      </symbol>
      <symbol id="sm-380">
         <name>_ECap2Regs</name>
         <value>0x6a20</value>
         <object_component_ref idref="oc-f0"/>
      </symbol>
      <symbol id="sm-381">
         <name>_GpioIntRegs</name>
         <value>0x6fe0</value>
         <object_component_ref idref="oc-e2"/>
      </symbol>
      <symbol id="sm-382">
         <name>_EQep2Regs</name>
         <value>0x6b40</value>
         <object_component_ref idref="oc-107"/>
      </symbol>
      <symbol id="sm-383">
         <name>_PartIdRegs</name>
         <value>0x380090</value>
         <object_component_ref idref="oc-dc"/>
      </symbol>
      <symbol id="sm-384">
         <name>_EPwm2Regs</name>
         <value>0x6840</value>
         <object_component_ref idref="oc-f5"/>
      </symbol>
      <symbol id="sm-385">
         <name>_ECanaMboxes</name>
         <value>0x6100</value>
         <object_component_ref idref="oc-10c"/>
      </symbol>
      <symbol id="sm-386">
         <name>_ECap3Regs</name>
         <value>0x6a40</value>
         <object_component_ref idref="oc-ed"/>
      </symbol>
      <symbol id="sm-387">
         <name>_ECanaMOTORegs</name>
         <value>0x60c0</value>
         <object_component_ref idref="oc-101"/>
      </symbol>
      <symbol id="sm-388">
         <name>_EPwm3Regs</name>
         <value>0x6880</value>
         <object_component_ref idref="oc-f6"/>
      </symbol>
      <symbol id="sm-389">
         <name>_ECanbLAMRegs</name>
         <value>0x6240</value>
         <object_component_ref idref="oc-108"/>
      </symbol>
      <symbol id="sm-38a">
         <name>_I2caRegs</name>
         <value>0x7900</value>
         <object_component_ref idref="oc-f7"/>
      </symbol>
      <symbol id="sm-3a5">
         <name>_c_int00</name>
         <value>0x9a71</value>
         <object_component_ref idref="oc-4b"/>
      </symbol>
      <symbol id="sm-3a6">
         <name>__stack</name>
         <value>0x400</value>
         <object_component_ref idref="oc-10f"/>
      </symbol>
      <symbol id="sm-3b5">
         <name>_copy_in</name>
         <value>0x9b4a</value>
         <object_component_ref idref="oc-14a"/>
      </symbol>
      <symbol id="sm-3c9">
         <name>C$$EXIT</name>
         <value>0x9b21</value>
         <object_component_ref idref="oc-14d"/>
      </symbol>
      <symbol id="sm-3ca">
         <name>_exit</name>
         <value>0x9b23</value>
         <object_component_ref idref="oc-14d"/>
      </symbol>
      <symbol id="sm-3cb">
         <name>___TI_cleanup_ptr</name>
         <value>0xc1da</value>
         <object_component_ref idref="oc-11c"/>
      </symbol>
      <symbol id="sm-3cc">
         <name>___TI_enable_exit_profile_output</name>
         <value>0xc1d8</value>
         <object_component_ref idref="oc-11c"/>
      </symbol>
      <symbol id="sm-3cd">
         <name>_abort</name>
         <value>0x9b21</value>
         <object_component_ref idref="oc-14d"/>
      </symbol>
      <symbol id="sm-3ce">
         <name>___TI_dtors_ptr</name>
         <value>0xc1dc</value>
         <object_component_ref idref="oc-11c"/>
      </symbol>
      <symbol id="sm-3dc">
         <name>I$$MOD</name>
         <value>0x9b7f</value>
         <object_component_ref idref="oc-121"/>
      </symbol>
      <symbol id="sm-3dd">
         <name>I$$DIV</name>
         <value>0x9b6e</value>
         <object_component_ref idref="oc-121"/>
      </symbol>
      <symbol id="sm-3e9">
         <name>UL$$MOD</name>
         <value>0x9b1b</value>
         <object_component_ref idref="oc-126"/>
      </symbol>
      <symbol id="sm-3ea">
         <name>L$$MOD</name>
         <value>0x9b06</value>
         <object_component_ref idref="oc-126"/>
      </symbol>
      <symbol id="sm-3eb">
         <name>L$$DIV</name>
         <value>0x9af7</value>
         <object_component_ref idref="oc-126"/>
      </symbol>
      <symbol id="sm-3ec">
         <name>UL$$DIV</name>
         <value>0x9b14</value>
         <object_component_ref idref="oc-126"/>
      </symbol>
      <symbol id="sm-3fd">
         <name>_memcpy</name>
         <value>0x9b90</value>
         <object_component_ref idref="oc-14e"/>
      </symbol>
      <symbol id="sm-409">
         <name>__system_pre_init</name>
         <value>0x9c06</value>
         <object_component_ref idref="oc-149"/>
      </symbol>
      <symbol id="sm-415">
         <name>__system_post_cinit</name>
         <value>0x9c08</value>
         <object_component_ref idref="oc-14b"/>
      </symbol>
      <symbol id="sm-421">
         <name>U$$MOD</name>
         <value>0x9be5</value>
         <object_component_ref idref="oc-13a"/>
      </symbol>
      <symbol id="sm-422">
         <name>U$$DIV</name>
         <value>0x9be0</value>
         <object_component_ref idref="oc-13a"/>
      </symbol>
      <symbol id="sm-436">
         <name>__unlock</name>
         <value>0xc1e0</value>
         <object_component_ref idref="oc-15a"/>
      </symbol>
      <symbol id="sm-437">
         <name>__lock</name>
         <value>0xc1de</value>
         <object_component_ref idref="oc-150"/>
      </symbol>
      <symbol id="sm-438">
         <name>__register_lock</name>
         <value>0x9bef</value>
         <object_component_ref idref="oc-155"/>
      </symbol>
      <symbol id="sm-439">
         <name>__nop</name>
         <value>0x9bf3</value>
         <object_component_ref idref="oc-155"/>
      </symbol>
      <symbol id="sm-43a">
         <name>__register_unlock</name>
         <value>0x9beb</value>
         <object_component_ref idref="oc-155"/>
      </symbol>
      <symbol id="sm-449">
         <name>__args_main</name>
         <value>0x9bae</value>
         <object_component_ref idref="oc-14c"/>
      </symbol>
   </symbol_table>
   <title>Link successful</title>
</link_info>
