<?xml version="1.0"?>
<link_info>
   <banner>TMS320C2000 Linker PC v16.9.3.LTS</banner>
   <copyright>Copyright (c) 1996-2017 Texas Instruments Incorporated</copyright>
   <link_time>0x5d2aacb9</link_time>
   <link_errors>0x0</link_errors>
   <output_file>ModuleProject.out</output_file>
   <entry_point>
      <name>_c_int00</name>
      <address>0x33c379</address>
   </entry_point>
   <input_file_list>
      <input_file id="fl-2">
         <path>.\</path>
         <kind>object</kind>
         <file>main.obj</file>
         <name>main.obj</name>
      </input_file>
      <input_file id="fl-3">
         <path>.\APP\LED\</path>
         <kind>object</kind>
         <file>LED.obj</file>
         <name>LED.obj</name>
      </input_file>
      <input_file id="fl-4">
         <path>.\APP\MPU6050\eMPL\</path>
         <kind>object</kind>
         <file>inv_mpu.obj</file>
         <name>inv_mpu.obj</name>
      </input_file>
      <input_file id="fl-5">
         <path>.\APP\MPU6050\eMPL\</path>
         <kind>object</kind>
         <file>inv_mpu_dmp_motion_driver.obj</file>
         <name>inv_mpu_dmp_motion_driver.obj</name>
      </input_file>
      <input_file id="fl-6">
         <path>.\APP\MPU6050\</path>
         <kind>object</kind>
         <file>mpu6050.obj</file>
         <name>mpu6050.obj</name>
      </input_file>
      <input_file id="fl-7">
         <path>.\APP\MPU6050\</path>
         <kind>object</kind>
         <file>mpuiic.obj</file>
         <name>mpuiic.obj</name>
      </input_file>
      <input_file id="fl-8">
         <path>.\APP\Public\</path>
         <kind>object</kind>
         <file>public.obj</file>
         <name>public.obj</name>
      </input_file>
      <input_file id="fl-9">
         <path>.\APP\SPIOLED\</path>
         <kind>object</kind>
         <file>SPIOLED.obj</file>
         <name>SPIOLED.obj</name>
      </input_file>
      <input_file id="fl-a">
         <path>.\DSP2833x_common\source\</path>
         <kind>object</kind>
         <file>DSP2833x_ADC_cal.obj</file>
         <name>DSP2833x_ADC_cal.obj</name>
      </input_file>
      <input_file id="fl-b">
         <path>.\DSP2833x_common\source\</path>
         <kind>object</kind>
         <file>DSP2833x_Adc.obj</file>
         <name>DSP2833x_Adc.obj</name>
      </input_file>
      <input_file id="fl-c">
         <path>.\DSP2833x_common\source\</path>
         <kind>object</kind>
         <file>DSP2833x_CSMPasswords.obj</file>
         <name>DSP2833x_CSMPasswords.obj</name>
      </input_file>
      <input_file id="fl-d">
         <path>.\DSP2833x_common\source\</path>
         <kind>object</kind>
         <file>DSP2833x_CodeStartBranch.obj</file>
         <name>DSP2833x_CodeStartBranch.obj</name>
      </input_file>
      <input_file id="fl-e">
         <path>.\DSP2833x_common\source\</path>
         <kind>object</kind>
         <file>DSP2833x_CpuTimers.obj</file>
         <name>DSP2833x_CpuTimers.obj</name>
      </input_file>
      <input_file id="fl-f">
         <path>.\DSP2833x_common\source\</path>
         <kind>object</kind>
         <file>DSP2833x_DBGIER.obj</file>
         <name>DSP2833x_DBGIER.obj</name>
      </input_file>
      <input_file id="fl-10">
         <path>.\DSP2833x_common\source\</path>
         <kind>object</kind>
         <file>DSP2833x_DMA.obj</file>
         <name>DSP2833x_DMA.obj</name>
      </input_file>
      <input_file id="fl-11">
         <path>.\DSP2833x_common\source\</path>
         <kind>object</kind>
         <file>DSP2833x_DefaultIsr.obj</file>
         <name>DSP2833x_DefaultIsr.obj</name>
      </input_file>
      <input_file id="fl-12">
         <path>.\DSP2833x_common\source\</path>
         <kind>object</kind>
         <file>DSP2833x_DisInt.obj</file>
         <name>DSP2833x_DisInt.obj</name>
      </input_file>
      <input_file id="fl-13">
         <path>.\DSP2833x_common\source\</path>
         <kind>object</kind>
         <file>DSP2833x_ECan.obj</file>
         <name>DSP2833x_ECan.obj</name>
      </input_file>
      <input_file id="fl-14">
         <path>.\DSP2833x_common\source\</path>
         <kind>object</kind>
         <file>DSP2833x_ECap.obj</file>
         <name>DSP2833x_ECap.obj</name>
      </input_file>
      <input_file id="fl-15">
         <path>.\DSP2833x_common\source\</path>
         <kind>object</kind>
         <file>DSP2833x_EPwm.obj</file>
         <name>DSP2833x_EPwm.obj</name>
      </input_file>
      <input_file id="fl-16">
         <path>.\DSP2833x_common\source\</path>
         <kind>object</kind>
         <file>DSP2833x_EQep.obj</file>
         <name>DSP2833x_EQep.obj</name>
      </input_file>
      <input_file id="fl-17">
         <path>.\DSP2833x_common\source\</path>
         <kind>object</kind>
         <file>DSP2833x_Gpio.obj</file>
         <name>DSP2833x_Gpio.obj</name>
      </input_file>
      <input_file id="fl-18">
         <path>.\DSP2833x_common\source\</path>
         <kind>object</kind>
         <file>DSP2833x_I2C.obj</file>
         <name>DSP2833x_I2C.obj</name>
      </input_file>
      <input_file id="fl-19">
         <path>.\DSP2833x_common\source\</path>
         <kind>object</kind>
         <file>DSP2833x_Mcbsp.obj</file>
         <name>DSP2833x_Mcbsp.obj</name>
      </input_file>
      <input_file id="fl-1a">
         <path>.\DSP2833x_common\source\</path>
         <kind>object</kind>
         <file>DSP2833x_MemCopy.obj</file>
         <name>DSP2833x_MemCopy.obj</name>
      </input_file>
      <input_file id="fl-1b">
         <path>.\DSP2833x_common\source\</path>
         <kind>object</kind>
         <file>DSP2833x_PieCtrl.obj</file>
         <name>DSP2833x_PieCtrl.obj</name>
      </input_file>
      <input_file id="fl-1c">
         <path>.\DSP2833x_common\source\</path>
         <kind>object</kind>
         <file>DSP2833x_PieVect.obj</file>
         <name>DSP2833x_PieVect.obj</name>
      </input_file>
      <input_file id="fl-1d">
         <path>.\DSP2833x_common\source\</path>
         <kind>object</kind>
         <file>DSP2833x_Sci.obj</file>
         <name>DSP2833x_Sci.obj</name>
      </input_file>
      <input_file id="fl-1e">
         <path>.\DSP2833x_common\source\</path>
         <kind>object</kind>
         <file>DSP2833x_Spi.obj</file>
         <name>DSP2833x_Spi.obj</name>
      </input_file>
      <input_file id="fl-1f">
         <path>.\DSP2833x_common\source\</path>
         <kind>object</kind>
         <file>DSP2833x_SysCtrl.obj</file>
         <name>DSP2833x_SysCtrl.obj</name>
      </input_file>
      <input_file id="fl-20">
         <path>.\DSP2833x_common\source\</path>
         <kind>object</kind>
         <file>DSP2833x_Xintf.obj</file>
         <name>DSP2833x_Xintf.obj</name>
      </input_file>
      <input_file id="fl-21">
         <path>.\DSP2833x_common\source\</path>
         <kind>object</kind>
         <file>DSP2833x_usDelay.obj</file>
         <name>DSP2833x_usDelay.obj</name>
      </input_file>
      <input_file id="fl-22">
         <path>.\DSP2833x_headers\source\</path>
         <kind>object</kind>
         <file>DSP2833x_GlobalVariableDefs.obj</file>
         <name>DSP2833x_GlobalVariableDefs.obj</name>
      </input_file>
      <input_file id="fl-27">
         <kind>object</kind>
         <file>&lt;internal&gt;</file>
         <name>&lt;internal&gt;</name>
      </input_file>
      <input_file id="fl-35">
         <path>C:\ti\ccsv7\tools\compiler\ti-cgt-c2000_16.9.3.LTS\lib\</path>
         <kind>archive</kind>
         <file>rts2800_fpu32.lib</file>
         <name>boot28.obj</name>
      </input_file>
      <input_file id="fl-36">
         <path>C:\ti\ccsv7\tools\compiler\ti-cgt-c2000_16.9.3.LTS\lib\</path>
         <kind>archive</kind>
         <file>rts2800_fpu32.lib</file>
         <name>cpy_tbl.obj</name>
      </input_file>
      <input_file id="fl-37">
         <path>C:\ti\ccsv7\tools\compiler\ti-cgt-c2000_16.9.3.LTS\lib\</path>
         <kind>archive</kind>
         <file>rts2800_fpu32.lib</file>
         <name>e_asinf.obj</name>
      </input_file>
      <input_file id="fl-38">
         <path>C:\ti\ccsv7\tools\compiler\ti-cgt-c2000_16.9.3.LTS\lib\</path>
         <kind>archive</kind>
         <file>rts2800_fpu32.lib</file>
         <name>e_atan2f.obj</name>
      </input_file>
      <input_file id="fl-39">
         <path>C:\ti\ccsv7\tools\compiler\ti-cgt-c2000_16.9.3.LTS\lib\</path>
         <kind>archive</kind>
         <file>rts2800_fpu32.lib</file>
         <name>e_sqrt.obj</name>
      </input_file>
      <input_file id="fl-3a">
         <path>C:\ti\ccsv7\tools\compiler\ti-cgt-c2000_16.9.3.LTS\lib\</path>
         <kind>archive</kind>
         <file>rts2800_fpu32.lib</file>
         <name>errno.obj</name>
      </input_file>
      <input_file id="fl-3b">
         <path>C:\ti\ccsv7\tools\compiler\ti-cgt-c2000_16.9.3.LTS\lib\</path>
         <kind>archive</kind>
         <file>rts2800_fpu32.lib</file>
         <name>exit.obj</name>
      </input_file>
      <input_file id="fl-3c">
         <path>C:\ti\ccsv7\tools\compiler\ti-cgt-c2000_16.9.3.LTS\lib\</path>
         <kind>archive</kind>
         <file>rts2800_fpu32.lib</file>
         <name>fd_add28.obj</name>
      </input_file>
      <input_file id="fl-3d">
         <path>C:\ti\ccsv7\tools\compiler\ti-cgt-c2000_16.9.3.LTS\lib\</path>
         <kind>archive</kind>
         <file>rts2800_fpu32.lib</file>
         <name>fd_cmp28.obj</name>
      </input_file>
      <input_file id="fl-3e">
         <path>C:\ti\ccsv7\tools\compiler\ti-cgt-c2000_16.9.3.LTS\lib\</path>
         <kind>archive</kind>
         <file>rts2800_fpu32.lib</file>
         <name>fd_mpy28.obj</name>
      </input_file>
      <input_file id="fl-3f">
         <path>C:\ti\ccsv7\tools\compiler\ti-cgt-c2000_16.9.3.LTS\lib\</path>
         <kind>archive</kind>
         <file>rts2800_fpu32.lib</file>
         <name>fd_sub28.obj</name>
      </input_file>
      <input_file id="fl-40">
         <path>C:\ti\ccsv7\tools\compiler\ti-cgt-c2000_16.9.3.LTS\lib\</path>
         <kind>archive</kind>
         <file>rts2800_fpu32.lib</file>
         <name>fd_tofsfpu32.obj</name>
      </input_file>
      <input_file id="fl-41">
         <path>C:\ti\ccsv7\tools\compiler\ti-cgt-c2000_16.9.3.LTS\lib\</path>
         <kind>archive</kind>
         <file>rts2800_fpu32.lib</file>
         <name>fs_div28.obj</name>
      </input_file>
      <input_file id="fl-42">
         <path>C:\ti\ccsv7\tools\compiler\ti-cgt-c2000_16.9.3.LTS\lib\</path>
         <kind>archive</kind>
         <file>rts2800_fpu32.lib</file>
         <name>fs_tofdfpu32.obj</name>
      </input_file>
      <input_file id="fl-43">
         <path>C:\ti\ccsv7\tools\compiler\ti-cgt-c2000_16.9.3.LTS\lib\</path>
         <kind>archive</kind>
         <file>rts2800_fpu32.lib</file>
         <name>i_div28.obj</name>
      </input_file>
      <input_file id="fl-44">
         <path>C:\ti\ccsv7\tools\compiler\ti-cgt-c2000_16.9.3.LTS\lib\</path>
         <kind>archive</kind>
         <file>rts2800_fpu32.lib</file>
         <name>l_div28.obj</name>
      </input_file>
      <input_file id="fl-45">
         <path>C:\ti\ccsv7\tools\compiler\ti-cgt-c2000_16.9.3.LTS\lib\</path>
         <kind>archive</kind>
         <file>rts2800_fpu32.lib</file>
         <name>ll_div28.obj</name>
      </input_file>
      <input_file id="fl-46">
         <path>C:\ti\ccsv7\tools\compiler\ti-cgt-c2000_16.9.3.LTS\lib\</path>
         <kind>archive</kind>
         <file>rts2800_fpu32.lib</file>
         <name>ll_mpy28.obj</name>
      </input_file>
      <input_file id="fl-47">
         <path>C:\ti\ccsv7\tools\compiler\ti-cgt-c2000_16.9.3.LTS\lib\</path>
         <kind>archive</kind>
         <file>rts2800_fpu32.lib</file>
         <name>memcmp.obj</name>
      </input_file>
      <input_file id="fl-48">
         <path>C:\ti\ccsv7\tools\compiler\ti-cgt-c2000_16.9.3.LTS\lib\</path>
         <kind>archive</kind>
         <file>rts2800_fpu32.lib</file>
         <name>memcpy.obj</name>
      </input_file>
      <input_file id="fl-49">
         <path>C:\ti\ccsv7\tools\compiler\ti-cgt-c2000_16.9.3.LTS\lib\</path>
         <kind>archive</kind>
         <file>rts2800_fpu32.lib</file>
         <name>pre_init.obj</name>
      </input_file>
      <input_file id="fl-4a">
         <path>C:\ti\ccsv7\tools\compiler\ti-cgt-c2000_16.9.3.LTS\lib\</path>
         <kind>archive</kind>
         <file>rts2800_fpu32.lib</file>
         <name>printf.obj</name>
      </input_file>
      <input_file id="fl-4b">
         <path>C:\ti\ccsv7\tools\compiler\ti-cgt-c2000_16.9.3.LTS\lib\</path>
         <kind>archive</kind>
         <file>rts2800_fpu32.lib</file>
         <name>s_atanf.obj</name>
      </input_file>
      <input_file id="fl-4c">
         <path>C:\ti\ccsv7\tools\compiler\ti-cgt-c2000_16.9.3.LTS\lib\</path>
         <kind>archive</kind>
         <file>rts2800_fpu32.lib</file>
         <name>startup.obj</name>
      </input_file>
      <input_file id="fl-4d">
         <path>C:\ti\ccsv7\tools\compiler\ti-cgt-c2000_16.9.3.LTS\lib\</path>
         <kind>archive</kind>
         <file>rts2800_fpu32.lib</file>
         <name>u_div28.obj</name>
      </input_file>
      <input_file id="fl-4e">
         <path>C:\ti\ccsv7\tools\compiler\ti-cgt-c2000_16.9.3.LTS\lib\</path>
         <kind>archive</kind>
         <file>rts2800_fpu32.lib</file>
         <name>_lock.obj</name>
      </input_file>
      <input_file id="fl-4f">
         <path>C:\ti\ccsv7\tools\compiler\ti-cgt-c2000_16.9.3.LTS\lib\</path>
         <kind>archive</kind>
         <file>rts2800_fpu32.lib</file>
         <name>_printfi.obj</name>
      </input_file>
      <input_file id="fl-50">
         <path>C:\ti\ccsv7\tools\compiler\ti-cgt-c2000_16.9.3.LTS\lib\</path>
         <kind>archive</kind>
         <file>rts2800_fpu32.lib</file>
         <name>args_main.obj</name>
      </input_file>
      <input_file id="fl-51">
         <path>C:\ti\ccsv7\tools\compiler\ti-cgt-c2000_16.9.3.LTS\lib\</path>
         <kind>archive</kind>
         <file>rts2800_fpu32.lib</file>
         <name>atoi.obj</name>
      </input_file>
      <input_file id="fl-52">
         <path>C:\ti\ccsv7\tools\compiler\ti-cgt-c2000_16.9.3.LTS\lib\</path>
         <kind>archive</kind>
         <file>rts2800_fpu32.lib</file>
         <name>ctype.obj</name>
      </input_file>
      <input_file id="fl-53">
         <path>C:\ti\ccsv7\tools\compiler\ti-cgt-c2000_16.9.3.LTS\lib\</path>
         <kind>archive</kind>
         <file>rts2800_fpu32.lib</file>
         <name>defs.obj</name>
      </input_file>
      <input_file id="fl-54">
         <path>C:\ti\ccsv7\tools\compiler\ti-cgt-c2000_16.9.3.LTS\lib\</path>
         <kind>archive</kind>
         <file>rts2800_fpu32.lib</file>
         <name>fd_div28.obj</name>
      </input_file>
      <input_file id="fl-55">
         <path>C:\ti\ccsv7\tools\compiler\ti-cgt-c2000_16.9.3.LTS\lib\</path>
         <kind>archive</kind>
         <file>rts2800_fpu32.lib</file>
         <name>fd_neg28.obj</name>
      </input_file>
      <input_file id="fl-56">
         <path>C:\ti\ccsv7\tools\compiler\ti-cgt-c2000_16.9.3.LTS\lib\</path>
         <kind>archive</kind>
         <file>rts2800_fpu32.lib</file>
         <name>fd_toi28.obj</name>
      </input_file>
      <input_file id="fl-57">
         <path>C:\ti\ccsv7\tools\compiler\ti-cgt-c2000_16.9.3.LTS\lib\</path>
         <kind>archive</kind>
         <file>rts2800_fpu32.lib</file>
         <name>fd_tol28.obj</name>
      </input_file>
      <input_file id="fl-58">
         <path>C:\ti\ccsv7\tools\compiler\ti-cgt-c2000_16.9.3.LTS\lib\</path>
         <kind>archive</kind>
         <file>rts2800_fpu32.lib</file>
         <name>fputc.obj</name>
      </input_file>
      <input_file id="fl-59">
         <path>C:\ti\ccsv7\tools\compiler\ti-cgt-c2000_16.9.3.LTS\lib\</path>
         <kind>archive</kind>
         <file>rts2800_fpu32.lib</file>
         <name>fputs.obj</name>
      </input_file>
      <input_file id="fl-5a">
         <path>C:\ti\ccsv7\tools\compiler\ti-cgt-c2000_16.9.3.LTS\lib\</path>
         <kind>archive</kind>
         <file>rts2800_fpu32.lib</file>
         <name>i_tofd28.obj</name>
      </input_file>
      <input_file id="fl-5b">
         <path>C:\ti\ccsv7\tools\compiler\ti-cgt-c2000_16.9.3.LTS\lib\</path>
         <kind>archive</kind>
         <file>rts2800_fpu32.lib</file>
         <name>l_tofd28.obj</name>
      </input_file>
      <input_file id="fl-5c">
         <path>C:\ti\ccsv7\tools\compiler\ti-cgt-c2000_16.9.3.LTS\lib\</path>
         <kind>archive</kind>
         <file>rts2800_fpu32.lib</file>
         <name>ll_aox28.obj</name>
      </input_file>
      <input_file id="fl-5d">
         <path>C:\ti\ccsv7\tools\compiler\ti-cgt-c2000_16.9.3.LTS\lib\</path>
         <kind>archive</kind>
         <file>rts2800_fpu32.lib</file>
         <name>ll_cmp28.obj</name>
      </input_file>
      <input_file id="fl-5e">
         <path>C:\ti\ccsv7\tools\compiler\ti-cgt-c2000_16.9.3.LTS\lib\</path>
         <kind>archive</kind>
         <file>rts2800_fpu32.lib</file>
         <name>lowlev.obj</name>
      </input_file>
      <input_file id="fl-5f">
         <path>C:\ti\ccsv7\tools\compiler\ti-cgt-c2000_16.9.3.LTS\lib\</path>
         <kind>archive</kind>
         <file>rts2800_fpu32.lib</file>
         <name>ltoa.obj</name>
      </input_file>
      <input_file id="fl-60">
         <path>C:\ti\ccsv7\tools\compiler\ti-cgt-c2000_16.9.3.LTS\lib\</path>
         <kind>archive</kind>
         <file>rts2800_fpu32.lib</file>
         <name>memccpy.obj</name>
      </input_file>
      <input_file id="fl-61">
         <path>C:\ti\ccsv7\tools\compiler\ti-cgt-c2000_16.9.3.LTS\lib\</path>
         <kind>archive</kind>
         <file>rts2800_fpu32.lib</file>
         <name>memchr.obj</name>
      </input_file>
      <input_file id="fl-62">
         <path>C:\ti\ccsv7\tools\compiler\ti-cgt-c2000_16.9.3.LTS\lib\</path>
         <kind>archive</kind>
         <file>rts2800_fpu32.lib</file>
         <name>memset.obj</name>
      </input_file>
      <input_file id="fl-63">
         <path>C:\ti\ccsv7\tools\compiler\ti-cgt-c2000_16.9.3.LTS\lib\</path>
         <kind>archive</kind>
         <file>rts2800_fpu32.lib</file>
         <name>s_frexp.obj</name>
      </input_file>
      <input_file id="fl-64">
         <path>C:\ti\ccsv7\tools\compiler\ti-cgt-c2000_16.9.3.LTS\lib\</path>
         <kind>archive</kind>
         <file>rts2800_fpu32.lib</file>
         <name>s_scalbn.obj</name>
      </input_file>
      <input_file id="fl-65">
         <path>C:\ti\ccsv7\tools\compiler\ti-cgt-c2000_16.9.3.LTS\lib\</path>
         <kind>archive</kind>
         <file>rts2800_fpu32.lib</file>
         <name>strchr.obj</name>
      </input_file>
      <input_file id="fl-66">
         <path>C:\ti\ccsv7\tools\compiler\ti-cgt-c2000_16.9.3.LTS\lib\</path>
         <kind>archive</kind>
         <file>rts2800_fpu32.lib</file>
         <name>strcmp.obj</name>
      </input_file>
      <input_file id="fl-67">
         <path>C:\ti\ccsv7\tools\compiler\ti-cgt-c2000_16.9.3.LTS\lib\</path>
         <kind>archive</kind>
         <file>rts2800_fpu32.lib</file>
         <name>strcpy.obj</name>
      </input_file>
      <input_file id="fl-68">
         <path>C:\ti\ccsv7\tools\compiler\ti-cgt-c2000_16.9.3.LTS\lib\</path>
         <kind>archive</kind>
         <file>rts2800_fpu32.lib</file>
         <name>strlen.obj</name>
      </input_file>
      <input_file id="fl-69">
         <path>C:\ti\ccsv7\tools\compiler\ti-cgt-c2000_16.9.3.LTS\lib\</path>
         <kind>archive</kind>
         <file>rts2800_fpu32.lib</file>
         <name>strncpy.obj</name>
      </input_file>
      <input_file id="fl-6a">
         <path>C:\ti\ccsv7\tools\compiler\ti-cgt-c2000_16.9.3.LTS\lib\</path>
         <kind>archive</kind>
         <file>rts2800_fpu32.lib</file>
         <name>trgdrv.obj</name>
      </input_file>
      <input_file id="fl-6b">
         <path>C:\ti\ccsv7\tools\compiler\ti-cgt-c2000_16.9.3.LTS\lib\</path>
         <kind>archive</kind>
         <file>rts2800_fpu32.lib</file>
         <name>trgmsg.obj</name>
      </input_file>
      <input_file id="fl-6c">
         <path>C:\ti\ccsv7\tools\compiler\ti-cgt-c2000_16.9.3.LTS\lib\</path>
         <kind>archive</kind>
         <file>rts2800_fpu32.lib</file>
         <name>_io_perm.obj</name>
      </input_file>
      <input_file id="fl-6d">
         <path>C:\ti\ccsv7\tools\compiler\ti-cgt-c2000_16.9.3.LTS\lib\</path>
         <kind>archive</kind>
         <file>rts2800_fpu32.lib</file>
         <name>fflush.obj</name>
      </input_file>
      <input_file id="fl-6e">
         <path>C:\ti\ccsv7\tools\compiler\ti-cgt-c2000_16.9.3.LTS\lib\</path>
         <kind>archive</kind>
         <file>rts2800_fpu32.lib</file>
         <name>fseek.obj</name>
      </input_file>
      <input_file id="fl-6f">
         <path>C:\ti\ccsv7\tools\compiler\ti-cgt-c2000_16.9.3.LTS\lib\</path>
         <kind>archive</kind>
         <file>rts2800_fpu32.lib</file>
         <name>s_copysign.obj</name>
      </input_file>
      <input_file id="fl-70">
         <path>C:\ti\ccsv7\tools\compiler\ti-cgt-c2000_16.9.3.LTS\lib\</path>
         <kind>archive</kind>
         <file>rts2800_fpu32.lib</file>
         <name>setvbuf.obj</name>
      </input_file>
      <input_file id="fl-71">
         <path>C:\ti\ccsv7\tools\compiler\ti-cgt-c2000_16.9.3.LTS\lib\</path>
         <kind>archive</kind>
         <file>rts2800_fpu32.lib</file>
         <name>fopen.obj</name>
      </input_file>
      <input_file id="fl-72">
         <path>C:\ti\ccsv7\tools\compiler\ti-cgt-c2000_16.9.3.LTS\lib\</path>
         <kind>archive</kind>
         <file>rts2800_fpu32.lib</file>
         <name>memory.obj</name>
      </input_file>
      <input_file id="fl-73">
         <path>C:\ti\ccsv7\tools\compiler\ti-cgt-c2000_16.9.3.LTS\lib\</path>
         <kind>archive</kind>
         <file>rts2800_fpu32.lib</file>
         <name>fclose.obj</name>
      </input_file>
      <input_file id="fl-74">
         <path>C:\ti\ccsv7\tools\compiler\ti-cgt-c2000_16.9.3.LTS\lib\</path>
         <kind>archive</kind>
         <file>rts2800_fpu32.lib</file>
         <name>remove.obj</name>
      </input_file>
   </input_file_list>
   <object_component_list>
      <object_component id="oc-76">
         <name>.cinit</name>
         <load_address>0x33df26</load_address>
         <run_address>0x33df26</run_address>
         <size>0x1b3</size>
         <input_file_ref idref="fl-9"/>
      </object_component>
      <object_component id="oc-1fc">
         <name>.cinit</name>
         <load_address>0x33e0d9</load_address>
         <run_address>0x33e0d9</run_address>
         <size>0x31</size>
         <input_file_ref idref="fl-5e"/>
      </object_component>
      <object_component id="oc-1c5">
         <name>.cinit</name>
         <load_address>0x33e10a</load_address>
         <run_address>0x33e10a</run_address>
         <size>0x2a</size>
         <input_file_ref idref="fl-53"/>
      </object_component>
      <object_component id="oc-57">
         <name>.cinit</name>
         <load_address>0x33e134</load_address>
         <run_address>0x33e134</run_address>
         <size>0x19</size>
         <input_file_ref idref="fl-4"/>
      </object_component>
      <object_component id="oc-14b">
         <name>.cinit</name>
         <load_address>0x33e14d</load_address>
         <run_address>0x33e14d</run_address>
         <size>0xe</size>
         <input_file_ref idref="fl-3b"/>
      </object_component>
      <object_component id="oc-5f">
         <name>.cinit</name>
         <load_address>0x33e15b</load_address>
         <run_address>0x33e15b</run_address>
         <size>0xb</size>
         <input_file_ref idref="fl-5"/>
      </object_component>
      <object_component id="oc-285">
         <name>.cinit:__lock</name>
         <load_address>0x33e166</load_address>
         <run_address>0x33e166</run_address>
         <size>0x5</size>
         <input_file_ref idref="fl-4e"/>
      </object_component>
      <object_component id="oc-288">
         <name>.cinit:__unlock</name>
         <load_address>0x33e16b</load_address>
         <run_address>0x33e16b</run_address>
         <size>0x5</size>
         <input_file_ref idref="fl-4e"/>
      </object_component>
      <object_component id="oc-147">
         <name>.cinit</name>
         <load_address>0x33e170</load_address>
         <run_address>0x33e170</run_address>
         <size>0x4</size>
         <input_file_ref idref="fl-3a"/>
      </object_component>
      <object_component id="oc-261">
         <name>.cinit</name>
         <load_address>0x33e174</load_address>
         <run_address>0x33e174</run_address>
         <size>0x4</size>
         <input_file_ref idref="fl-71"/>
      </object_component>
      <object_component id="oc-268">
         <name>.cinit</name>
         <load_address>0x33e178</load_address>
         <run_address>0x33e178</run_address>
         <size>0x4</size>
         <input_file_ref idref="fl-72"/>
      </object_component>
      <object_component id="oc-291">
         <name>.text</name>
         <load_address>0x338000</load_address>
         <run_address>0x338000</run_address>
         <size>0x11e3</size>
         <input_file_ref idref="fl-4"/>
      </object_component>
      <object_component id="oc-27b">
         <name>.text</name>
         <load_address>0x3391e3</load_address>
         <run_address>0x3391e3</run_address>
         <size>0x1</size>
         <input_file_ref idref="fl-4c"/>
      </object_component>
      <object_component id="oc-29e">
         <name>.text</name>
         <load_address>0x3391e4</load_address>
         <run_address>0x3391e4</run_address>
         <size>0xc16</size>
         <input_file_ref idref="fl-4f"/>
      </object_component>
      <object_component id="oc-299">
         <name>.text</name>
         <load_address>0x339dfa</load_address>
         <run_address>0x339dfa</run_address>
         <size>0x75e</size>
         <input_file_ref idref="fl-5"/>
      </object_component>
      <object_component id="oc-28f">
         <name>.text</name>
         <load_address>0x33a558</load_address>
         <run_address>0x33a558</run_address>
         <size>0x463</size>
         <input_file_ref idref="fl-9"/>
      </object_component>
      <object_component id="oc-a0">
         <name>.text:retain</name>
         <load_address>0x33a9bb</load_address>
         <run_address>0x33a9bb</run_address>
         <size>0x316</size>
         <input_file_ref idref="fl-11"/>
      </object_component>
      <object_component id="oc-281">
         <name>.text</name>
         <load_address>0x33acd1</load_address>
         <run_address>0x33acd1</run_address>
         <size>0x27c</size>
         <input_file_ref idref="fl-6a"/>
      </object_component>
      <object_component id="oc-2ad">
         <name>.text</name>
         <load_address>0x33af4d</load_address>
         <run_address>0x33af4d</run_address>
         <size>0x21b</size>
         <input_file_ref idref="fl-5e"/>
      </object_component>
      <object_component id="oc-2bf">
         <name>.text</name>
         <load_address>0x33b168</load_address>
         <run_address>0x33b168</run_address>
         <size>0x1d2</size>
         <input_file_ref idref="fl-72"/>
      </object_component>
      <object_component id="oc-290">
         <name>.text</name>
         <load_address>0x33b33a</load_address>
         <run_address>0x33b33a</run_address>
         <size>0x1ba</size>
         <input_file_ref idref="fl-6"/>
      </object_component>
      <object_component id="oc-296">
         <name>.text</name>
         <load_address>0x33b4f4</load_address>
         <run_address>0x33b4f4</run_address>
         <size>0x11e</size>
         <input_file_ref idref="fl-7"/>
      </object_component>
      <object_component id="oc-17e">
         <name>.text</name>
         <load_address>0x33b612</load_address>
         <run_address>0x33b612</run_address>
         <size>0x107</size>
         <input_file_ref idref="fl-45"/>
      </object_component>
      <object_component id="oc-283">
         <name>.text</name>
         <load_address>0x33b719</load_address>
         <run_address>0x33b719</run_address>
         <size>0xfc</size>
         <input_file_ref idref="fl-2"/>
      </object_component>
      <object_component id="oc-2c0">
         <name>.text</name>
         <load_address>0x33b815</load_address>
         <run_address>0x33b815</run_address>
         <size>0xf9</size>
         <input_file_ref idref="fl-71"/>
      </object_component>
      <object_component id="oc-28b">
         <name>.text</name>
         <load_address>0x33b90e</load_address>
         <run_address>0x33b90e</run_address>
         <size>0xf8</size>
         <input_file_ref idref="fl-1f"/>
      </object_component>
      <object_component id="oc-29a">
         <name>.text</name>
         <load_address>0x33ba06</load_address>
         <run_address>0x33ba06</run_address>
         <size>0xf4</size>
         <input_file_ref idref="fl-37"/>
      </object_component>
      <object_component id="oc-29b">
         <name>.text</name>
         <load_address>0x33bafa</load_address>
         <run_address>0x33bafa</run_address>
         <size>0xd4</size>
         <input_file_ref idref="fl-38"/>
      </object_component>
      <object_component id="oc-2aa">
         <name>.text</name>
         <load_address>0x33bbce</load_address>
         <run_address>0x33bbce</run_address>
         <size>0xcb</size>
         <input_file_ref idref="fl-4b"/>
      </object_component>
      <object_component id="oc-2b2">
         <name>.text</name>
         <load_address>0x33bc99</load_address>
         <run_address>0x33bc99</run_address>
         <size>0xbc</size>
         <input_file_ref idref="fl-64"/>
      </object_component>
      <object_component id="oc-29d">
         <name>.text</name>
         <load_address>0x33bd55</load_address>
         <run_address>0x33bd55</run_address>
         <size>0xb0</size>
         <input_file_ref idref="fl-59"/>
      </object_component>
      <object_component id="oc-151">
         <name>.text</name>
         <load_address>0x33be05</load_address>
         <run_address>0x33be05</run_address>
         <size>0x9c</size>
         <input_file_ref idref="fl-3c"/>
      </object_component>
      <object_component id="oc-286">
         <name>.text</name>
         <load_address>0x33bea2</load_address>
         <run_address>0x33bea2</run_address>
         <size>0x94</size>
         <input_file_ref idref="fl-6b"/>
      </object_component>
      <object_component id="oc-2a9">
         <name>.text</name>
         <load_address>0x33bf36</load_address>
         <run_address>0x33bf36</run_address>
         <size>0x91</size>
         <input_file_ref idref="fl-39"/>
      </object_component>
      <object_component id="oc-1c8">
         <name>.text</name>
         <load_address>0x33bfc7</load_address>
         <run_address>0x33bfc7</run_address>
         <size>0x8b</size>
         <input_file_ref idref="fl-54"/>
      </object_component>
      <object_component id="oc-2ba">
         <name>.text</name>
         <load_address>0x33c052</load_address>
         <run_address>0x33c052</run_address>
         <size>0x89</size>
         <input_file_ref idref="fl-70"/>
      </object_component>
      <object_component id="oc-16a">
         <name>.text</name>
         <load_address>0x33c0db</load_address>
         <run_address>0x33c0db</run_address>
         <size>0x88</size>
         <input_file_ref idref="fl-41"/>
      </object_component>
      <object_component id="oc-15b">
         <name>.text</name>
         <load_address>0x33c163</load_address>
         <run_address>0x33c163</run_address>
         <size>0x83</size>
         <input_file_ref idref="fl-3e"/>
      </object_component>
      <object_component id="oc-2ac">
         <name>.text</name>
         <load_address>0x33c1e6</load_address>
         <run_address>0x33c1e6</run_address>
         <size>0x73</size>
         <input_file_ref idref="fl-6d"/>
      </object_component>
      <object_component id="oc-2ab">
         <name>.text</name>
         <load_address>0x33c259</load_address>
         <run_address>0x33c259</run_address>
         <size>0x67</size>
         <input_file_ref idref="fl-6c"/>
      </object_component>
      <object_component id="oc-2c1">
         <name>.text</name>
         <load_address>0x33c2c0</load_address>
         <run_address>0x33c2c0</run_address>
         <size>0x5f</size>
         <input_file_ref idref="fl-73"/>
      </object_component>
      <object_component id="oc-2b1">
         <name>.text</name>
         <load_address>0x33c31f</load_address>
         <run_address>0x33c31f</run_address>
         <size>0x5a</size>
         <input_file_ref idref="fl-63"/>
      </object_component>
      <object_component id="oc-4b">
         <name>.text</name>
         <load_address>0x33c379</load_address>
         <run_address>0x33c379</run_address>
         <size>0x56</size>
         <input_file_ref idref="fl-35"/>
      </object_component>
      <object_component id="oc-29c">
         <name>.text</name>
         <load_address>0x33c3cf</load_address>
         <run_address>0x33c3cf</run_address>
         <size>0x53</size>
         <input_file_ref idref="fl-58"/>
      </object_component>
      <object_component id="oc-2b9">
         <name>.text</name>
         <load_address>0x33c422</load_address>
         <run_address>0x33c422</run_address>
         <size>0x3d</size>
         <input_file_ref idref="fl-6e"/>
      </object_component>
      <object_component id="oc-297">
         <name>.text</name>
         <load_address>0x33c45f</load_address>
         <run_address>0x33c45f</run_address>
         <size>0x34</size>
         <input_file_ref idref="fl-4a"/>
      </object_component>
      <object_component id="oc-2af">
         <name>.text</name>
         <load_address>0x33c493</load_address>
         <run_address>0x33c493</run_address>
         <size>0x31</size>
         <input_file_ref idref="fl-51"/>
      </object_component>
      <object_component id="oc-2b0">
         <name>.text</name>
         <load_address>0x33c4c4</load_address>
         <run_address>0x33c4c4</run_address>
         <size>0x2e</size>
         <input_file_ref idref="fl-5f"/>
      </object_component>
      <object_component id="oc-156">
         <name>.text</name>
         <load_address>0x33c4f2</load_address>
         <run_address>0x33c4f2</run_address>
         <size>0x2a</size>
         <input_file_ref idref="fl-3d"/>
      </object_component>
      <object_component id="oc-179">
         <name>.text</name>
         <load_address>0x33c51c</load_address>
         <run_address>0x33c51c</run_address>
         <size>0x2a</size>
         <input_file_ref idref="fl-44"/>
      </object_component>
      <object_component id="oc-27d">
         <name>.text</name>
         <load_address>0x33c546</load_address>
         <run_address>0x33c546</run_address>
         <size>0x29</size>
         <input_file_ref idref="fl-3b"/>
      </object_component>
      <object_component id="oc-27a">
         <name>.text</name>
         <load_address>0x33c56f</load_address>
         <run_address>0x33c56f</run_address>
         <size>0x24</size>
         <input_file_ref idref="fl-36"/>
      </object_component>
      <object_component id="oc-2be">
         <name>.text</name>
         <load_address>0x33c593</load_address>
         <run_address>0x33c593</run_address>
         <size>0x24</size>
         <input_file_ref idref="fl-6f"/>
      </object_component>
      <object_component id="oc-165">
         <name>.text</name>
         <load_address>0x33c5b7</load_address>
         <run_address>0x33c5b7</run_address>
         <size>0x23</size>
         <input_file_ref idref="fl-40"/>
      </object_component>
      <object_component id="oc-174">
         <name>.text</name>
         <load_address>0x33c5da</load_address>
         <run_address>0x33c5da</run_address>
         <size>0x22</size>
         <input_file_ref idref="fl-43"/>
      </object_component>
      <object_component id="oc-1d2">
         <name>.text</name>
         <load_address>0x33c5fc</load_address>
         <run_address>0x33c5fc</run_address>
         <size>0x21</size>
         <input_file_ref idref="fl-56"/>
      </object_component>
      <object_component id="oc-293">
         <name>.text</name>
         <load_address>0x33c61d</load_address>
         <run_address>0x33c61d</run_address>
         <size>0x20</size>
         <input_file_ref idref="fl-8"/>
      </object_component>
      <object_component id="oc-1d7">
         <name>.text</name>
         <load_address>0x33c63d</load_address>
         <run_address>0x33c63d</run_address>
         <size>0x1f</size>
         <input_file_ref idref="fl-57"/>
      </object_component>
      <object_component id="oc-1f6">
         <name>.text</name>
         <load_address>0x33c65c</load_address>
         <run_address>0x33c65c</run_address>
         <size>0x1e</size>
         <input_file_ref idref="fl-5d"/>
      </object_component>
      <object_component id="oc-282">
         <name>.text</name>
         <load_address>0x33c67a</load_address>
         <run_address>0x33c67a</run_address>
         <size>0x1e</size>
         <input_file_ref idref="fl-48"/>
      </object_component>
      <object_component id="oc-2bc">
         <name>.text</name>
         <load_address>0x33c698</load_address>
         <run_address>0x33c698</run_address>
         <size>0x1e</size>
         <input_file_ref idref="fl-69"/>
      </object_component>
      <object_component id="oc-1e7">
         <name>.text</name>
         <load_address>0x33c6b6</load_address>
         <run_address>0x33c6b6</run_address>
         <size>0x1d</size>
         <input_file_ref idref="fl-5a"/>
      </object_component>
      <object_component id="oc-16f">
         <name>.text</name>
         <load_address>0x33c6d3</load_address>
         <run_address>0x33c6d3</run_address>
         <size>0x1c</size>
         <input_file_ref idref="fl-42"/>
      </object_component>
      <object_component id="oc-1ec">
         <name>.text</name>
         <load_address>0x33c6ef</load_address>
         <run_address>0x33c6ef</run_address>
         <size>0x1c</size>
         <input_file_ref idref="fl-5b"/>
      </object_component>
      <object_component id="oc-27c">
         <name>.text</name>
         <load_address>0x33c70b</load_address>
         <run_address>0x33c70b</run_address>
         <size>0x19</size>
         <input_file_ref idref="fl-50"/>
      </object_component>
      <object_component id="oc-1f1">
         <name>.text</name>
         <load_address>0x33c724</load_address>
         <run_address>0x33c724</run_address>
         <size>0x18</size>
         <input_file_ref idref="fl-5c"/>
      </object_component>
      <object_component id="oc-298">
         <name>.text</name>
         <load_address>0x33c73c</load_address>
         <run_address>0x33c73c</run_address>
         <size>0x15</size>
         <input_file_ref idref="fl-47"/>
      </object_component>
      <object_component id="oc-183">
         <name>.text</name>
         <load_address>0x33c751</load_address>
         <run_address>0x33c751</run_address>
         <size>0x14</size>
         <input_file_ref idref="fl-46"/>
      </object_component>
      <object_component id="oc-28c">
         <name>.text</name>
         <load_address>0x33c765</load_address>
         <run_address>0x33c765</run_address>
         <size>0x13</size>
         <input_file_ref idref="fl-1a"/>
      </object_component>
      <object_component id="oc-2ae">
         <name>.text</name>
         <load_address>0x33c778</load_address>
         <run_address>0x33c778</run_address>
         <size>0x10</size>
         <input_file_ref idref="fl-61"/>
      </object_component>
      <object_component id="oc-28e">
         <name>.text</name>
         <load_address>0x33c788</load_address>
         <run_address>0x33c788</run_address>
         <size>0xe</size>
         <input_file_ref idref="fl-3"/>
      </object_component>
      <object_component id="oc-160">
         <name>.text</name>
         <load_address>0x33c796</load_address>
         <run_address>0x33c796</run_address>
         <size>0xe</size>
         <input_file_ref idref="fl-3f"/>
      </object_component>
      <object_component id="oc-2b5">
         <name>.text</name>
         <load_address>0x33c7a4</load_address>
         <run_address>0x33c7a4</run_address>
         <size>0xd</size>
         <input_file_ref idref="fl-60"/>
      </object_component>
      <object_component id="oc-2b4">
         <name>.text</name>
         <load_address>0x33c7b1</load_address>
         <run_address>0x33c7b1</run_address>
         <size>0xc</size>
         <input_file_ref idref="fl-62"/>
      </object_component>
      <object_component id="oc-2b3">
         <name>.text</name>
         <load_address>0x33c7bd</load_address>
         <run_address>0x33c7bd</run_address>
         <size>0xc</size>
         <input_file_ref idref="fl-65"/>
      </object_component>
      <object_component id="oc-1a7">
         <name>.text</name>
         <load_address>0x33c7c9</load_address>
         <run_address>0x33c7c9</run_address>
         <size>0xb</size>
         <input_file_ref idref="fl-4d"/>
      </object_component>
      <object_component id="oc-2bb">
         <name>.text</name>
         <load_address>0x33c7d4</load_address>
         <run_address>0x33c7d4</run_address>
         <size>0xa</size>
         <input_file_ref idref="fl-66"/>
      </object_component>
      <object_component id="oc-292">
         <name>.text</name>
         <load_address>0x33c7de</load_address>
         <run_address>0x33c7de</run_address>
         <size>0x9</size>
         <input_file_ref idref="fl-4e"/>
      </object_component>
      <object_component id="oc-1cd">
         <name>.text</name>
         <load_address>0x33c7e7</load_address>
         <run_address>0x33c7e7</run_address>
         <size>0x9</size>
         <input_file_ref idref="fl-55"/>
      </object_component>
      <object_component id="oc-89">
         <name>.text</name>
         <load_address>0x33c7f0</load_address>
         <run_address>0x33c7f0</run_address>
         <size>0x8</size>
         <input_file_ref idref="fl-d"/>
      </object_component>
      <object_component id="oc-289">
         <name>.text</name>
         <load_address>0x33c7f8</load_address>
         <run_address>0x33c7f8</run_address>
         <size>0x8</size>
         <input_file_ref idref="fl-68"/>
      </object_component>
      <object_component id="oc-a5">
         <name>.text</name>
         <load_address>0x33c800</load_address>
         <run_address>0x33c800</run_address>
         <size>0x7</size>
         <input_file_ref idref="fl-12"/>
      </object_component>
      <object_component id="oc-28a">
         <name>.text</name>
         <load_address>0x33c807</load_address>
         <run_address>0x33c807</run_address>
         <size>0x5</size>
         <input_file_ref idref="fl-67"/>
      </object_component>
      <object_component id="oc-95">
         <name>.text</name>
         <load_address>0x33c80c</load_address>
         <run_address>0x33c80c</run_address>
         <size>0x3</size>
         <input_file_ref idref="fl-f"/>
      </object_component>
      <object_component id="oc-2c2">
         <name>.text</name>
         <load_address>0x33c80f</load_address>
         <run_address>0x33c80f</run_address>
         <size>0x3</size>
         <input_file_ref idref="fl-74"/>
      </object_component>
      <object_component id="oc-279">
         <name>.text</name>
         <load_address>0x33c812</load_address>
         <run_address>0x33c812</run_address>
         <size>0x2</size>
         <input_file_ref idref="fl-49"/>
      </object_component>
      <object_component id="oc-8a">
         <name>codestart</name>
         <load_address>0x33fff6</load_address>
         <run_address>0x33fff6</run_address>
         <size>0x2</size>
         <input_file_ref idref="fl-d"/>
      </object_component>
      <object_component id="oc-28d">
         <name>ramfuncs</name>
         <load_address>0x320000</load_address>
         <run_address>0x8000</run_address>
         <size>0x1b</size>
         <input_file_ref idref="fl-1f"/>
      </object_component>
      <object_component id="oc-f0">
         <name>ramfuncs</name>
         <load_address>0x32001b</load_address>
         <run_address>0x801b</run_address>
         <size>0x4</size>
         <input_file_ref idref="fl-21"/>
      </object_component>
      <object_component id="oc-87">
         <name>csmpasswds</name>
         <load_address>0x33fff8</load_address>
         <run_address>0x33fff8</run_address>
         <size>0x8</size>
         <input_file_ref idref="fl-c"/>
      </object_component>
      <object_component id="oc-88">
         <name>csm_rsvd</name>
         <load_address>0x33ff80</load_address>
         <run_address>0x33ff80</run_address>
         <size>0x76</size>
         <input_file_ref idref="fl-c"/>
      </object_component>
      <object_component id="oc-129">
         <name>.stack</name>
         <uninitialized>true</uninitialized>
         <run_address>0x50</run_address>
         <size>0x0</size>
         <input_file_ref idref="fl-35"/>
      </object_component>
      <object_component id="oc-31b">
         <name>.stack</name>
         <uninitialized>true</uninitialized>
         <run_address>0x50</run_address>
         <size>0x0</size>
      </object_component>
      <object_component id="oc-58">
         <name>.ebss</name>
         <uninitialized>true</uninitialized>
         <run_address>0xc3c8</run_address>
         <size>0x28</size>
         <input_file_ref idref="fl-4"/>
      </object_component>
      <object_component id="oc-61">
         <name>.ebss</name>
         <uninitialized>true</uninitialized>
         <run_address>0xc338</run_address>
         <size>0x8</size>
         <input_file_ref idref="fl-5"/>
      </object_component>
      <object_component id="oc-77">
         <name>.ebss</name>
         <uninitialized>true</uninitialized>
         <run_address>0xc000</run_address>
         <size>0x1c0</size>
         <input_file_ref idref="fl-9"/>
      </object_component>
      <object_component id="oc-90">
         <name>.ebss</name>
         <uninitialized>true</uninitialized>
         <run_address>0xc320</run_address>
         <size>0x18</size>
         <input_file_ref idref="fl-e"/>
      </object_component>
      <object_component id="oc-148">
         <name>.ebss</name>
         <uninitialized>true</uninitialized>
         <run_address>0xc40a</run_address>
         <size>0x1</size>
         <input_file_ref idref="fl-3a"/>
      </object_component>
      <object_component id="oc-14c">
         <name>.ebss</name>
         <uninitialized>true</uninitialized>
         <run_address>0xc400</run_address>
         <size>0x6</size>
         <input_file_ref idref="fl-3b"/>
      </object_component>
      <object_component id="oc-287">
         <name>.ebss:__unlock</name>
         <uninitialized>true</uninitialized>
         <run_address>0xc408</run_address>
         <size>0x2</size>
         <input_file_ref idref="fl-4e"/>
      </object_component>
      <object_component id="oc-284">
         <name>.ebss:__lock</name>
         <uninitialized>true</uninitialized>
         <run_address>0xc406</run_address>
         <size>0x2</size>
         <input_file_ref idref="fl-4e"/>
      </object_component>
      <object_component id="oc-1c6">
         <name>.ebss</name>
         <uninitialized>true</uninitialized>
         <run_address>0xc1c0</run_address>
         <size>0x160</size>
         <input_file_ref idref="fl-53"/>
      </object_component>
      <object_component id="oc-1fd">
         <name>.ebss</name>
         <uninitialized>true</uninitialized>
         <run_address>0xc340</run_address>
         <size>0x88</size>
         <input_file_ref idref="fl-5e"/>
      </object_component>
      <object_component id="oc-23c">
         <name>.ebss</name>
         <uninitialized>true</uninitialized>
         <run_address>0xc3f8</run_address>
         <size>0x8</size>
         <input_file_ref idref="fl-6a"/>
      </object_component>
      <object_component id="oc-262">
         <name>.ebss</name>
         <uninitialized>true</uninitialized>
         <run_address>0xc40b</run_address>
         <size>0x1</size>
         <input_file_ref idref="fl-71"/>
      </object_component>
      <object_component id="oc-26a">
         <name>.ebss</name>
         <uninitialized>true</uninitialized>
         <run_address>0xc3f0</run_address>
         <size>0x8</size>
         <input_file_ref idref="fl-72"/>
      </object_component>
      <object_component id="oc-29f">
         <name>.econst:.string:_dmp_memory</name>
         <load_address>0x33c814</load_address>
         <run_address>0x33c814</run_address>
         <size>0xbf6</size>
         <input_file_ref idref="fl-5"/>
      </object_component>
      <object_component id="oc-294">
         <name>.econst:.string:_F8X16</name>
         <load_address>0x33d40a</load_address>
         <run_address>0x33d40a</run_address>
         <size>0x5f0</size>
         <input_file_ref idref="fl-9"/>
      </object_component>
      <object_component id="oc-295">
         <name>.econst:_F6x8</name>
         <load_address>0x33d9fa</load_address>
         <run_address>0x33d9fa</run_address>
         <size>0x228</size>
         <input_file_ref idref="fl-9"/>
      </object_component>
      <object_component id="oc-2bd">
         <name>.econst:.string:__ctypes_</name>
         <load_address>0x33dc22</load_address>
         <run_address>0x33dc22</run_address>
         <size>0x101</size>
         <input_file_ref idref="fl-52"/>
      </object_component>
      <object_component id="oc-60">
         <name>.econst</name>
         <load_address>0x33dd23</load_address>
         <run_address>0x33dd23</run_address>
         <size>0x1</size>
         <input_file_ref idref="fl-5"/>
      </object_component>
      <object_component id="oc-59">
         <name>.econst:.string</name>
         <load_address>0x33dd24</load_address>
         <run_address>0x33dd24</run_address>
         <size>0xa0</size>
         <input_file_ref idref="fl-4"/>
      </object_component>
      <object_component id="oc-78">
         <name>.econst:.string</name>
         <load_address>0x33ddc4</load_address>
         <run_address>0x33ddc4</run_address>
         <size>0x38</size>
         <input_file_ref idref="fl-9"/>
      </object_component>
      <object_component id="oc-1b3">
         <name>.econst:.string</name>
         <load_address>0x33ddfc</load_address>
         <run_address>0x33ddfc</run_address>
         <size>0x26</size>
         <input_file_ref idref="fl-4f"/>
      </object_component>
      <object_component id="oc-1b2">
         <name>.econst</name>
         <load_address>0x33de22</load_address>
         <run_address>0x33de22</run_address>
         <size>0x1c</size>
         <input_file_ref idref="fl-4f"/>
      </object_component>
      <object_component id="oc-21d">
         <name>.econst</name>
         <load_address>0x33de3e</load_address>
         <run_address>0x33de3e</run_address>
         <size>0x1c</size>
         <input_file_ref idref="fl-64"/>
      </object_component>
      <object_component id="oc-27e">
         <name>.econst:_reg</name>
         <load_address>0x33de5a</load_address>
         <run_address>0x33de5a</run_address>
         <size>0x1b</size>
         <input_file_ref idref="fl-4"/>
      </object_component>
      <object_component id="oc-280">
         <name>.econst:_test</name>
         <load_address>0x33de76</load_address>
         <run_address>0x33de76</run_address>
         <size>0x16</size>
         <input_file_ref idref="fl-4"/>
      </object_component>
      <object_component id="oc-135">
         <name>.econst</name>
         <load_address>0x33de8c</load_address>
         <run_address>0x33de8c</run_address>
         <size>0x14</size>
         <input_file_ref idref="fl-37"/>
      </object_component>
      <object_component id="oc-2a4">
         <name>.econst:.string:_$P$T4$5</name>
         <load_address>0x33dea0</load_address>
         <run_address>0x33dea0</run_address>
         <size>0xc</size>
         <input_file_ref idref="fl-5"/>
      </object_component>
      <object_component id="oc-13b">
         <name>.econst</name>
         <load_address>0x33deac</load_address>
         <run_address>0x33deac</run_address>
         <size>0xc</size>
         <input_file_ref idref="fl-38"/>
      </object_component>
      <object_component id="oc-141">
         <name>.econst</name>
         <load_address>0x33deb8</load_address>
         <run_address>0x33deb8</run_address>
         <size>0xc</size>
         <input_file_ref idref="fl-39"/>
      </object_component>
      <object_component id="oc-2a7">
         <name>.econst:.string:_$P$T7$8</name>
         <load_address>0x33dec4</load_address>
         <run_address>0x33dec4</run_address>
         <size>0xb</size>
         <input_file_ref idref="fl-5"/>
      </object_component>
      <object_component id="oc-2a8">
         <name>.econst:.string:_$P$T8$9</name>
         <load_address>0x33decf</load_address>
         <run_address>0x33decf</run_address>
         <size>0xb</size>
         <input_file_ref idref="fl-5"/>
      </object_component>
      <object_component id="oc-2b8">
         <name>.econst:_aT</name>
         <load_address>0x33deda</load_address>
         <run_address>0x33deda</run_address>
         <size>0xa</size>
         <input_file_ref idref="fl-4b"/>
      </object_component>
      <object_component id="oc-2a5">
         <name>.econst:.string:_$P$T5$6</name>
         <load_address>0x33dee4</load_address>
         <run_address>0x33dee4</run_address>
         <size>0x9</size>
         <input_file_ref idref="fl-5"/>
      </object_component>
      <object_component id="oc-2a6">
         <name>.econst:.string:_$P$T6$7</name>
         <load_address>0x33deed</load_address>
         <run_address>0x33deed</run_address>
         <size>0x9</size>
         <input_file_ref idref="fl-5"/>
      </object_component>
      <object_component id="oc-2b6">
         <name>.econst:_atanhi</name>
         <load_address>0x33def6</load_address>
         <run_address>0x33def6</run_address>
         <size>0x8</size>
         <input_file_ref idref="fl-4b"/>
      </object_component>
      <object_component id="oc-2b7">
         <name>.econst:_atanlo</name>
         <load_address>0x33defe</load_address>
         <run_address>0x33defe</run_address>
         <size>0x8</size>
         <input_file_ref idref="fl-4b"/>
      </object_component>
      <object_component id="oc-217">
         <name>.econst</name>
         <load_address>0x33df06</load_address>
         <run_address>0x33df06</run_address>
         <size>0x8</size>
         <input_file_ref idref="fl-63"/>
      </object_component>
      <object_component id="oc-27f">
         <name>.econst:_hw</name>
         <load_address>0x33df0e</load_address>
         <run_address>0x33df0e</run_address>
         <size>0x6</size>
         <input_file_ref idref="fl-4"/>
      </object_component>
      <object_component id="oc-19d">
         <name>.econst</name>
         <load_address>0x33df14</load_address>
         <run_address>0x33df14</run_address>
         <size>0x4</size>
         <input_file_ref idref="fl-4b"/>
      </object_component>
      <object_component id="oc-2a0">
         <name>.econst:.string:_$P$T0$1</name>
         <load_address>0x33df18</load_address>
         <run_address>0x33df18</run_address>
         <size>0x3</size>
         <input_file_ref idref="fl-5"/>
      </object_component>
      <object_component id="oc-2a1">
         <name>.econst:.string:_$P$T1$2</name>
         <load_address>0x33df1b</load_address>
         <run_address>0x33df1b</run_address>
         <size>0x3</size>
         <input_file_ref idref="fl-5"/>
      </object_component>
      <object_component id="oc-2a2">
         <name>.econst:.string:_$P$T2$3</name>
         <load_address>0x33df1e</load_address>
         <run_address>0x33df1e</run_address>
         <size>0x3</size>
         <input_file_ref idref="fl-5"/>
      </object_component>
      <object_component id="oc-2a3">
         <name>.econst:.string:_$P$T3$4</name>
         <load_address>0x33df21</load_address>
         <run_address>0x33df21</run_address>
         <size>0x3</size>
         <input_file_ref idref="fl-5"/>
      </object_component>
      <object_component id="oc-1e2">
         <name>.econst:.string</name>
         <load_address>0x33df24</load_address>
         <run_address>0x33df24</run_address>
         <size>0x2</size>
         <input_file_ref idref="fl-59"/>
      </object_component>
      <object_component id="oc-12a">
         <name>.reset</name>
         <load_address>0x3fffc0</load_address>
         <run_address>0x3fffc0</run_address>
         <size>0x2</size>
         <input_file_ref idref="fl-35"/>
      </object_component>
      <object_component id="oc-7d">
         <name>.adc_cal</name>
         <load_address>0x380080</load_address>
         <run_address>0x380080</run_address>
         <size>0x7</size>
         <input_file_ref idref="fl-a"/>
      </object_component>
      <object_component id="oc-127">
         <name>PieVectTableFile</name>
         <uninitialized>true</uninitialized>
         <run_address>0xd00</run_address>
         <size>0x100</size>
         <input_file_ref idref="fl-22"/>
      </object_component>
      <object_component id="oc-123">
         <name>DevEmuRegsFile</name>
         <uninitialized>true</uninitialized>
         <run_address>0x880</run_address>
         <size>0xd0</size>
         <input_file_ref idref="fl-22"/>
      </object_component>
      <object_component id="oc-f9">
         <name>FlashRegsFile</name>
         <uninitialized>true</uninitialized>
         <run_address>0xa80</run_address>
         <size>0x8</size>
         <input_file_ref idref="fl-22"/>
      </object_component>
      <object_component id="oc-101">
         <name>CsmRegsFile</name>
         <uninitialized>true</uninitialized>
         <run_address>0xae0</run_address>
         <size>0x10</size>
         <input_file_ref idref="fl-22"/>
      </object_component>
      <object_component id="oc-102">
         <name>AdcMirrorFile</name>
         <uninitialized>true</uninitialized>
         <run_address>0xb00</run_address>
         <size>0x10</size>
         <input_file_ref idref="fl-22"/>
      </object_component>
      <object_component id="oc-106">
         <name>XintfRegsFile</name>
         <uninitialized>true</uninitialized>
         <run_address>0xb20</run_address>
         <size>0x1e</size>
         <input_file_ref idref="fl-22"/>
      </object_component>
      <object_component id="oc-fa">
         <name>CpuTimer0RegsFile</name>
         <uninitialized>true</uninitialized>
         <run_address>0xc00</run_address>
         <size>0x8</size>
         <input_file_ref idref="fl-22"/>
      </object_component>
      <object_component id="oc-fb">
         <name>CpuTimer1RegsFile</name>
         <uninitialized>true</uninitialized>
         <run_address>0xc08</run_address>
         <size>0x8</size>
         <input_file_ref idref="fl-22"/>
      </object_component>
      <object_component id="oc-f7">
         <name>CpuTimer2RegsFile</name>
         <uninitialized>true</uninitialized>
         <run_address>0xc10</run_address>
         <size>0x8</size>
         <input_file_ref idref="fl-22"/>
      </object_component>
      <object_component id="oc-104">
         <name>PieCtrlRegsFile</name>
         <uninitialized>true</uninitialized>
         <run_address>0xce0</run_address>
         <size>0x1a</size>
         <input_file_ref idref="fl-22"/>
      </object_component>
      <object_component id="oc-124">
         <name>DmaRegsFile</name>
         <uninitialized>true</uninitialized>
         <run_address>0x1000</run_address>
         <size>0xe0</size>
         <input_file_ref idref="fl-22"/>
      </object_component>
      <object_component id="oc-117">
         <name>McbspaRegsFile</name>
         <uninitialized>true</uninitialized>
         <run_address>0x5000</run_address>
         <size>0x25</size>
         <input_file_ref idref="fl-22"/>
      </object_component>
      <object_component id="oc-116">
         <name>McbspbRegsFile</name>
         <uninitialized>true</uninitialized>
         <run_address>0x5040</run_address>
         <size>0x25</size>
         <input_file_ref idref="fl-22"/>
      </object_component>
      <object_component id="oc-119">
         <name>ECanaRegsFile</name>
         <uninitialized>true</uninitialized>
         <run_address>0x6000</run_address>
         <size>0x34</size>
         <input_file_ref idref="fl-22"/>
      </object_component>
      <object_component id="oc-11d">
         <name>ECanaLAMRegsFile</name>
         <uninitialized>true</uninitialized>
         <run_address>0x6040</run_address>
         <size>0x40</size>
         <input_file_ref idref="fl-22"/>
      </object_component>
      <object_component id="oc-126">
         <name>ECanaMboxesFile</name>
         <uninitialized>true</uninitialized>
         <run_address>0x6100</run_address>
         <size>0x100</size>
         <input_file_ref idref="fl-22"/>
      </object_component>
      <object_component id="oc-11e">
         <name>ECanaMOTSRegsFile</name>
         <uninitialized>true</uninitialized>
         <run_address>0x6080</run_address>
         <size>0x40</size>
         <input_file_ref idref="fl-22"/>
      </object_component>
      <object_component id="oc-11b">
         <name>ECanaMOTORegsFile</name>
         <uninitialized>true</uninitialized>
         <run_address>0x60c0</run_address>
         <size>0x40</size>
         <input_file_ref idref="fl-22"/>
      </object_component>
      <object_component id="oc-11a">
         <name>ECanbRegsFile</name>
         <uninitialized>true</uninitialized>
         <run_address>0x6200</run_address>
         <size>0x34</size>
         <input_file_ref idref="fl-22"/>
      </object_component>
      <object_component id="oc-122">
         <name>ECanbLAMRegsFile</name>
         <uninitialized>true</uninitialized>
         <run_address>0x6240</run_address>
         <size>0x40</size>
         <input_file_ref idref="fl-22"/>
      </object_component>
      <object_component id="oc-125">
         <name>ECanbMboxesFile</name>
         <uninitialized>true</uninitialized>
         <run_address>0x6300</run_address>
         <size>0x100</size>
         <input_file_ref idref="fl-22"/>
      </object_component>
      <object_component id="oc-11c">
         <name>ECanbMOTSRegsFile</name>
         <uninitialized>true</uninitialized>
         <run_address>0x6280</run_address>
         <size>0x40</size>
         <input_file_ref idref="fl-22"/>
      </object_component>
      <object_component id="oc-11f">
         <name>ECanbMOTORegsFile</name>
         <uninitialized>true</uninitialized>
         <run_address>0x62c0</run_address>
         <size>0x40</size>
         <input_file_ref idref="fl-22"/>
      </object_component>
      <object_component id="oc-114">
         <name>EPwm1RegsFile</name>
         <uninitialized>true</uninitialized>
         <run_address>0x6800</run_address>
         <size>0x22</size>
         <input_file_ref idref="fl-22"/>
      </object_component>
      <object_component id="oc-10f">
         <name>EPwm2RegsFile</name>
         <uninitialized>true</uninitialized>
         <run_address>0x6840</run_address>
         <size>0x22</size>
         <input_file_ref idref="fl-22"/>
      </object_component>
      <object_component id="oc-110">
         <name>EPwm3RegsFile</name>
         <uninitialized>true</uninitialized>
         <run_address>0x6880</run_address>
         <size>0x22</size>
         <input_file_ref idref="fl-22"/>
      </object_component>
      <object_component id="oc-115">
         <name>EPwm4RegsFile</name>
         <uninitialized>true</uninitialized>
         <run_address>0x68c0</run_address>
         <size>0x22</size>
         <input_file_ref idref="fl-22"/>
      </object_component>
      <object_component id="oc-112">
         <name>EPwm5RegsFile</name>
         <uninitialized>true</uninitialized>
         <run_address>0x6900</run_address>
         <size>0x22</size>
         <input_file_ref idref="fl-22"/>
      </object_component>
      <object_component id="oc-113">
         <name>EPwm6RegsFile</name>
         <uninitialized>true</uninitialized>
         <run_address>0x6940</run_address>
         <size>0x22</size>
         <input_file_ref idref="fl-22"/>
      </object_component>
      <object_component id="oc-109">
         <name>ECap1RegsFile</name>
         <uninitialized>true</uninitialized>
         <run_address>0x6a00</run_address>
         <size>0x20</size>
         <input_file_ref idref="fl-22"/>
      </object_component>
      <object_component id="oc-10a">
         <name>ECap2RegsFile</name>
         <uninitialized>true</uninitialized>
         <run_address>0x6a20</run_address>
         <size>0x20</size>
         <input_file_ref idref="fl-22"/>
      </object_component>
      <object_component id="oc-107">
         <name>ECap3RegsFile</name>
         <uninitialized>true</uninitialized>
         <run_address>0x6a40</run_address>
         <size>0x20</size>
         <input_file_ref idref="fl-22"/>
      </object_component>
      <object_component id="oc-108">
         <name>ECap4RegsFile</name>
         <uninitialized>true</uninitialized>
         <run_address>0x6a60</run_address>
         <size>0x20</size>
         <input_file_ref idref="fl-22"/>
      </object_component>
      <object_component id="oc-10d">
         <name>ECap5RegsFile</name>
         <uninitialized>true</uninitialized>
         <run_address>0x6a80</run_address>
         <size>0x20</size>
         <input_file_ref idref="fl-22"/>
      </object_component>
      <object_component id="oc-10e">
         <name>ECap6RegsFile</name>
         <uninitialized>true</uninitialized>
         <run_address>0x6aa0</run_address>
         <size>0x20</size>
         <input_file_ref idref="fl-22"/>
      </object_component>
      <object_component id="oc-120">
         <name>EQep1RegsFile</name>
         <uninitialized>true</uninitialized>
         <run_address>0x6b00</run_address>
         <size>0x40</size>
         <input_file_ref idref="fl-22"/>
      </object_component>
      <object_component id="oc-121">
         <name>EQep2RegsFile</name>
         <uninitialized>true</uninitialized>
         <run_address>0x6b40</run_address>
         <size>0x40</size>
         <input_file_ref idref="fl-22"/>
      </object_component>
      <object_component id="oc-118">
         <name>GpioCtrlRegsFile</name>
         <uninitialized>true</uninitialized>
         <run_address>0x6f80</run_address>
         <size>0x2e</size>
         <input_file_ref idref="fl-22"/>
      </object_component>
      <object_component id="oc-10b">
         <name>GpioDataRegsFile</name>
         <uninitialized>true</uninitialized>
         <run_address>0x6fc0</run_address>
         <size>0x20</size>
         <input_file_ref idref="fl-22"/>
      </object_component>
      <object_component id="oc-fc">
         <name>GpioIntRegsFile</name>
         <uninitialized>true</uninitialized>
         <run_address>0x6fe0</run_address>
         <size>0xa</size>
         <input_file_ref idref="fl-22"/>
      </object_component>
      <object_component id="oc-10c">
         <name>SysCtrlRegsFile</name>
         <uninitialized>true</uninitialized>
         <run_address>0x7010</run_address>
         <size>0x20</size>
         <input_file_ref idref="fl-22"/>
      </object_component>
      <object_component id="oc-fd">
         <name>SpiaRegsFile</name>
         <uninitialized>true</uninitialized>
         <run_address>0x7040</run_address>
         <size>0x10</size>
         <input_file_ref idref="fl-22"/>
      </object_component>
      <object_component id="oc-100">
         <name>SciaRegsFile</name>
         <uninitialized>true</uninitialized>
         <run_address>0x7050</run_address>
         <size>0x10</size>
         <input_file_ref idref="fl-22"/>
      </object_component>
      <object_component id="oc-103">
         <name>XIntruptRegsFile</name>
         <uninitialized>true</uninitialized>
         <run_address>0x7070</run_address>
         <size>0x10</size>
         <input_file_ref idref="fl-22"/>
      </object_component>
      <object_component id="oc-105">
         <name>AdcRegsFile</name>
         <uninitialized>true</uninitialized>
         <run_address>0x7100</run_address>
         <size>0x1e</size>
         <input_file_ref idref="fl-22"/>
      </object_component>
      <object_component id="oc-fe">
         <name>ScibRegsFile</name>
         <uninitialized>true</uninitialized>
         <run_address>0x7750</run_address>
         <size>0x10</size>
         <input_file_ref idref="fl-22"/>
      </object_component>
      <object_component id="oc-ff">
         <name>ScicRegsFile</name>
         <uninitialized>true</uninitialized>
         <run_address>0x7770</run_address>
         <size>0x10</size>
         <input_file_ref idref="fl-22"/>
      </object_component>
      <object_component id="oc-111">
         <name>I2caRegsFile</name>
         <uninitialized>true</uninitialized>
         <run_address>0x7900</run_address>
         <size>0x22</size>
         <input_file_ref idref="fl-22"/>
      </object_component>
      <object_component id="oc-f8">
         <name>CsmPwlFile</name>
         <uninitialized>true</uninitialized>
         <run_address>0x33fff8</run_address>
         <size>0x8</size>
         <input_file_ref idref="fl-22"/>
      </object_component>
      <object_component id="oc-f6">
         <name>PartIdRegsFile</name>
         <uninitialized>true</uninitialized>
         <run_address>0x380090</run_address>
         <size>0x1</size>
         <input_file_ref idref="fl-22"/>
      </object_component>
      <object_component id="oc-4c">
         <name>.debug_info</name>
         <load_address>0x0</load_address>
         <run_address>0x0</run_address>
         <size>0xa8b</size>
         <input_file_ref idref="fl-2"/>
      </object_component>
      <object_component id="oc-51">
         <name>.debug_info</name>
         <load_address>0xa8b</load_address>
         <run_address>0xa8b</run_address>
         <size>0x2791</size>
         <input_file_ref idref="fl-3"/>
      </object_component>
      <object_component id="oc-56">
         <name>.debug_info</name>
         <load_address>0x321c</load_address>
         <run_address>0x321c</run_address>
         <size>0x5198</size>
         <input_file_ref idref="fl-4"/>
      </object_component>
      <object_component id="oc-5e">
         <name>.debug_info</name>
         <load_address>0x83b4</load_address>
         <run_address>0x83b4</run_address>
         <size>0x2bfd</size>
         <input_file_ref idref="fl-5"/>
      </object_component>
      <object_component id="oc-66">
         <name>.debug_info</name>
         <load_address>0xafb1</load_address>
         <run_address>0xafb1</run_address>
         <size>0x2ccf</size>
         <input_file_ref idref="fl-6"/>
      </object_component>
      <object_component id="oc-6b">
         <name>.debug_info</name>
         <load_address>0xdc80</load_address>
         <run_address>0xdc80</run_address>
         <size>0x2e64</size>
         <input_file_ref idref="fl-7"/>
      </object_component>
      <object_component id="oc-70">
         <name>.debug_info</name>
         <load_address>0x10ae4</load_address>
         <run_address>0x10ae4</run_address>
         <size>0x495</size>
         <input_file_ref idref="fl-8"/>
      </object_component>
      <object_component id="oc-75">
         <name>.debug_info</name>
         <load_address>0x10f79</load_address>
         <run_address>0x10f79</run_address>
         <size>0x3639</size>
         <input_file_ref idref="fl-9"/>
      </object_component>
      <object_component id="oc-7e">
         <name>.debug_info</name>
         <load_address>0x145b2</load_address>
         <run_address>0x145b2</run_address>
         <size>0x115</size>
         <input_file_ref idref="fl-a"/>
      </object_component>
      <object_component id="oc-82">
         <name>.debug_info</name>
         <load_address>0x146c7</load_address>
         <run_address>0x146c7</run_address>
         <size>0x1eb1</size>
         <input_file_ref idref="fl-b"/>
      </object_component>
      <object_component id="oc-8b">
         <name>.debug_info</name>
         <load_address>0x16578</load_address>
         <run_address>0x16578</run_address>
         <size>0x165</size>
         <input_file_ref idref="fl-d"/>
      </object_component>
      <object_component id="oc-8f">
         <name>.debug_info</name>
         <load_address>0x166dd</load_address>
         <run_address>0x166dd</run_address>
         <size>0x853</size>
         <input_file_ref idref="fl-e"/>
      </object_component>
      <object_component id="oc-96">
         <name>.debug_info</name>
         <load_address>0x16f30</load_address>
         <run_address>0x16f30</run_address>
         <size>0x113</size>
         <input_file_ref idref="fl-f"/>
      </object_component>
      <object_component id="oc-9a">
         <name>.debug_info</name>
         <load_address>0x17043</load_address>
         <run_address>0x17043</run_address>
         <size>0x1742</size>
         <input_file_ref idref="fl-10"/>
      </object_component>
      <object_component id="oc-9f">
         <name>.debug_info</name>
         <load_address>0x18785</load_address>
         <run_address>0x18785</run_address>
         <size>0x2e64</size>
         <input_file_ref idref="fl-11"/>
      </object_component>
      <object_component id="oc-a6">
         <name>.debug_info</name>
         <load_address>0x1b5e9</load_address>
         <run_address>0x1b5e9</run_address>
         <size>0x119</size>
         <input_file_ref idref="fl-12"/>
      </object_component>
      <object_component id="oc-aa">
         <name>.debug_info</name>
         <load_address>0x1b702</load_address>
         <run_address>0x1b702</run_address>
         <size>0x5da9</size>
         <input_file_ref idref="fl-13"/>
      </object_component>
      <object_component id="oc-af">
         <name>.debug_info</name>
         <load_address>0x214ab</load_address>
         <run_address>0x214ab</run_address>
         <size>0x1bb7</size>
         <input_file_ref idref="fl-14"/>
      </object_component>
      <object_component id="oc-b4">
         <name>.debug_info</name>
         <load_address>0x23062</load_address>
         <run_address>0x23062</run_address>
         <size>0x1bb7</size>
         <input_file_ref idref="fl-15"/>
      </object_component>
      <object_component id="oc-b9">
         <name>.debug_info</name>
         <load_address>0x24c19</load_address>
         <run_address>0x24c19</run_address>
         <size>0x1bb7</size>
         <input_file_ref idref="fl-16"/>
      </object_component>
      <object_component id="oc-be">
         <name>.debug_info</name>
         <load_address>0x267d0</load_address>
         <run_address>0x267d0</run_address>
         <size>0x1bb7</size>
         <input_file_ref idref="fl-17"/>
      </object_component>
      <object_component id="oc-c3">
         <name>.debug_info</name>
         <load_address>0x28387</load_address>
         <run_address>0x28387</run_address>
         <size>0x1bb6</size>
         <input_file_ref idref="fl-18"/>
      </object_component>
      <object_component id="oc-c8">
         <name>.debug_info</name>
         <load_address>0x29f3d</load_address>
         <run_address>0x29f3d</run_address>
         <size>0x49d6</size>
         <input_file_ref idref="fl-19"/>
      </object_component>
      <object_component id="oc-cd">
         <name>.debug_info</name>
         <load_address>0x2e913</load_address>
         <run_address>0x2e913</run_address>
         <size>0x4a8</size>
         <input_file_ref idref="fl-1a"/>
      </object_component>
      <object_component id="oc-d2">
         <name>.debug_info</name>
         <load_address>0x2edbb</load_address>
         <run_address>0x2edbb</run_address>
         <size>0xa93</size>
         <input_file_ref idref="fl-1b"/>
      </object_component>
      <object_component id="oc-d7">
         <name>.debug_info</name>
         <load_address>0x2f84e</load_address>
         <run_address>0x2f84e</run_address>
         <size>0x2218</size>
         <input_file_ref idref="fl-1c"/>
      </object_component>
      <object_component id="oc-dc">
         <name>.debug_info</name>
         <load_address>0x31a66</load_address>
         <run_address>0x31a66</run_address>
         <size>0x1bb6</size>
         <input_file_ref idref="fl-1d"/>
      </object_component>
      <object_component id="oc-e1">
         <name>.debug_info</name>
         <load_address>0x3361c</load_address>
         <run_address>0x3361c</run_address>
         <size>0x1bb6</size>
         <input_file_ref idref="fl-1e"/>
      </object_component>
      <object_component id="oc-e6">
         <name>.debug_info</name>
         <load_address>0x351d2</load_address>
         <run_address>0x351d2</run_address>
         <size>0x2213</size>
         <input_file_ref idref="fl-1f"/>
      </object_component>
      <object_component id="oc-eb">
         <name>.debug_info</name>
         <load_address>0x373e5</load_address>
         <run_address>0x373e5</run_address>
         <size>0x216e</size>
         <input_file_ref idref="fl-20"/>
      </object_component>
      <object_component id="oc-f1">
         <name>.debug_info</name>
         <load_address>0x39553</load_address>
         <run_address>0x39553</run_address>
         <size>0x116</size>
         <input_file_ref idref="fl-21"/>
      </object_component>
      <object_component id="oc-f5">
         <name>.debug_info</name>
         <load_address>0x39669</load_address>
         <run_address>0x39669</run_address>
         <size>0x1342f</size>
         <input_file_ref idref="fl-22"/>
      </object_component>
      <object_component id="oc-12b">
         <name>.debug_info</name>
         <load_address>0x4ca98</load_address>
         <run_address>0x4ca98</run_address>
         <size>0x16b</size>
         <input_file_ref idref="fl-35"/>
      </object_component>
      <object_component id="oc-12f">
         <name>.debug_info</name>
         <load_address>0x4cc03</load_address>
         <run_address>0x4cc03</run_address>
         <size>0x5c1</size>
         <input_file_ref idref="fl-36"/>
      </object_component>
      <object_component id="oc-134">
         <name>.debug_info</name>
         <load_address>0x4d1c4</load_address>
         <run_address>0x4d1c4</run_address>
         <size>0x5f0</size>
         <input_file_ref idref="fl-37"/>
      </object_component>
      <object_component id="oc-13a">
         <name>.debug_info</name>
         <load_address>0x4d7b4</load_address>
         <run_address>0x4d7b4</run_address>
         <size>0x590</size>
         <input_file_ref idref="fl-38"/>
      </object_component>
      <object_component id="oc-140">
         <name>.debug_info</name>
         <load_address>0x4dd44</load_address>
         <run_address>0x4dd44</run_address>
         <size>0x4e7</size>
         <input_file_ref idref="fl-39"/>
      </object_component>
      <object_component id="oc-146">
         <name>.debug_info</name>
         <load_address>0x4e22b</load_address>
         <run_address>0x4e22b</run_address>
         <size>0x1bb</size>
         <input_file_ref idref="fl-3a"/>
      </object_component>
      <object_component id="oc-14a">
         <name>.debug_info</name>
         <load_address>0x4e3e6</load_address>
         <run_address>0x4e3e6</run_address>
         <size>0x5ab</size>
[...]
         <object_component_ref idref="oc-111"/>
      </symbol>
      <symbol id="sm-679">
         <name>_c_int00</name>
         <value>0x33c379</value>
         <object_component_ref idref="oc-4b"/>
      </symbol>
      <symbol id="sm-67a">
         <name>__stack</name>
         <value>0x50</value>
         <object_component_ref idref="oc-129"/>
      </symbol>
      <symbol id="sm-689">
         <name>_copy_in</name>
         <value>0x33c56f</value>
         <object_component_ref idref="oc-27a"/>
      </symbol>
      <symbol id="sm-6a5">
         <name>_asin</name>
         <value>0x33ba06</value>
         <object_component_ref idref="oc-29a"/>
      </symbol>
      <symbol id="sm-6a6">
         <name>_asinf</name>
         <value>0x33ba06</value>
         <object_component_ref idref="oc-29a"/>
      </symbol>
      <symbol id="sm-6d5">
         <name>_atan2f</name>
         <value>0x33bafa</value>
         <object_component_ref idref="oc-29b"/>
      </symbol>
      <symbol id="sm-6d6">
         <name>_atan2</name>
         <value>0x33bafa</value>
         <object_component_ref idref="oc-29b"/>
      </symbol>
      <symbol id="sm-6ee">
         <name>_sqrtl</name>
         <value>0x33bf36</value>
         <object_component_ref idref="oc-2a9"/>
      </symbol>
      <symbol id="sm-6f8">
         <name>_errno</name>
         <value>0xc40a</value>
         <object_component_ref idref="oc-148"/>
      </symbol>
      <symbol id="sm-70c">
         <name>C$$EXIT</name>
         <value>0x33c546</value>
         <object_component_ref idref="oc-27d"/>
      </symbol>
      <symbol id="sm-70d">
         <name>_exit</name>
         <value>0x33c548</value>
         <object_component_ref idref="oc-27d"/>
      </symbol>
      <symbol id="sm-70e">
         <name>___TI_cleanup_ptr</name>
         <value>0xc402</value>
         <object_component_ref idref="oc-14c"/>
      </symbol>
      <symbol id="sm-70f">
         <name>___TI_enable_exit_profile_output</name>
         <value>0xc400</value>
         <object_component_ref idref="oc-14c"/>
      </symbol>
      <symbol id="sm-710">
         <name>_abort</name>
         <value>0x33c546</value>
         <object_component_ref idref="oc-27d"/>
      </symbol>
      <symbol id="sm-711">
         <name>___TI_dtors_ptr</name>
         <value>0xc404</value>
         <object_component_ref idref="oc-14c"/>
      </symbol>
      <symbol id="sm-72c">
         <name>FD$$ADD</name>
         <value>0x33be05</value>
         <object_component_ref idref="oc-151"/>
      </symbol>
      <symbol id="sm-73c">
         <name>FD$$CMP</name>
         <value>0x33c4f2</value>
         <object_component_ref idref="oc-156"/>
      </symbol>
      <symbol id="sm-74e">
         <name>FD$$MPY</name>
         <value>0x33c163</value>
         <object_component_ref idref="oc-15b"/>
      </symbol>
      <symbol id="sm-75a">
         <name>FD$$SUB</name>
         <value>0x33c796</value>
         <object_component_ref idref="oc-160"/>
      </symbol>
      <symbol id="sm-76a">
         <name>FD$$TOFS</name>
         <value>0x33c5b7</value>
         <object_component_ref idref="oc-165"/>
      </symbol>
      <symbol id="sm-77b">
         <name>FS$$DIV</name>
         <value>0x33c0db</value>
         <object_component_ref idref="oc-16a"/>
      </symbol>
      <symbol id="sm-78b">
         <name>FS$$TOFD</name>
         <value>0x33c6d3</value>
         <object_component_ref idref="oc-16f"/>
      </symbol>
      <symbol id="sm-799">
         <name>I$$MOD</name>
         <value>0x33c5eb</value>
         <object_component_ref idref="oc-174"/>
      </symbol>
      <symbol id="sm-79a">
         <name>I$$DIV</name>
         <value>0x33c5da</value>
         <object_component_ref idref="oc-174"/>
      </symbol>
      <symbol id="sm-7a6">
         <name>UL$$MOD</name>
         <value>0x33c540</value>
         <object_component_ref idref="oc-179"/>
      </symbol>
      <symbol id="sm-7a7">
         <name>L$$MOD</name>
         <value>0x33c52b</value>
         <object_component_ref idref="oc-179"/>
      </symbol>
      <symbol id="sm-7a8">
         <name>L$$DIV</name>
         <value>0x33c51c</value>
         <object_component_ref idref="oc-179"/>
      </symbol>
      <symbol id="sm-7a9">
         <name>UL$$DIV</name>
         <value>0x33c539</value>
         <object_component_ref idref="oc-179"/>
      </symbol>
      <symbol id="sm-7d5">
         <name>ULL$$MOD</name>
         <value>0x33b6b7</value>
         <object_component_ref idref="oc-17e"/>
      </symbol>
      <symbol id="sm-7d6">
         <name>ULL$$DIV</name>
         <value>0x33b688</value>
         <object_component_ref idref="oc-17e"/>
      </symbol>
      <symbol id="sm-7d7">
         <name>LL$$MOD</name>
         <value>0x33b64e</value>
         <object_component_ref idref="oc-17e"/>
      </symbol>
      <symbol id="sm-7d8">
         <name>LL$$DIV</name>
         <value>0x33b612</value>
         <object_component_ref idref="oc-17e"/>
      </symbol>
      <symbol id="sm-7e4">
         <name>LL$$MPY</name>
         <value>0x33c751</value>
         <object_component_ref idref="oc-183"/>
      </symbol>
      <symbol id="sm-7f3">
         <name>_memcmp</name>
         <value>0x33c73c</value>
         <object_component_ref idref="oc-298"/>
      </symbol>
      <symbol id="sm-804">
         <name>_memcpy</name>
         <value>0x33c67a</value>
         <object_component_ref idref="oc-282"/>
      </symbol>
      <symbol id="sm-810">
         <name>__system_pre_init</name>
         <value>0x33c812</value>
         <object_component_ref idref="oc-279"/>
      </symbol>
      <symbol id="sm-820">
         <name>_printf</name>
         <value>0x33c465</value>
         <object_component_ref idref="oc-297"/>
      </symbol>
      <symbol id="sm-845">
         <name>_atan</name>
         <value>0x33bbce</value>
         <object_component_ref idref="oc-2aa"/>
      </symbol>
      <symbol id="sm-846">
         <name>_atanf</name>
         <value>0x33bbce</value>
         <object_component_ref idref="oc-2aa"/>
      </symbol>
      <symbol id="sm-852">
         <name>__system_post_cinit</name>
         <value>0x3391e3</value>
         <object_component_ref idref="oc-27b"/>
      </symbol>
      <symbol id="sm-85e">
         <name>U$$MOD</name>
         <value>0x33c7ce</value>
         <object_component_ref idref="oc-1a7"/>
      </symbol>
      <symbol id="sm-85f">
         <name>U$$DIV</name>
         <value>0x33c7c9</value>
         <object_component_ref idref="oc-1a7"/>
      </symbol>
      <symbol id="sm-873">
         <name>__unlock</name>
         <value>0xc408</value>
         <object_component_ref idref="oc-287"/>
      </symbol>
      <symbol id="sm-874">
         <name>__lock</name>
         <value>0xc406</value>
         <object_component_ref idref="oc-284"/>
      </symbol>
      <symbol id="sm-875">
         <name>__register_lock</name>
         <value>0x33c7e2</value>
         <object_component_ref idref="oc-292"/>
      </symbol>
      <symbol id="sm-876">
         <name>__nop</name>
         <value>0x33c7e6</value>
         <object_component_ref idref="oc-292"/>
      </symbol>
      <symbol id="sm-877">
         <name>__register_unlock</name>
         <value>0x33c7de</value>
         <object_component_ref idref="oc-292"/>
      </symbol>
      <symbol id="sm-9a2">
         <name>___TI_printfi</name>
         <value>0x339cc7</value>
         <object_component_ref idref="oc-29e"/>
      </symbol>
      <symbol id="sm-9b1">
         <name>__args_main</name>
         <value>0x33c70b</value>
         <object_component_ref idref="oc-27c"/>
      </symbol>
      <symbol id="sm-9c5">
         <name>_atoi</name>
         <value>0x33c493</value>
         <object_component_ref idref="oc-2af"/>
      </symbol>
      <symbol id="sm-9cd">
         <name>__ctypes_</name>
         <value>0x33dc22</value>
         <object_component_ref idref="oc-2bd"/>
      </symbol>
      <symbol id="sm-9d8">
         <name>___TI_ft_end</name>
         <value>0xc1c0</value>
         <object_component_ref idref="oc-1c6"/>
      </symbol>
      <symbol id="sm-9d9">
         <name>___TI_tmpnams</name>
         <value>0xc280</value>
         <object_component_ref idref="oc-1c6"/>
      </symbol>
      <symbol id="sm-9da">
         <name>__ftable</name>
         <value>0xc200</value>
         <object_component_ref idref="oc-1c6"/>
      </symbol>
      <symbol id="sm-9f1">
         <name>FD$$DIV</name>
         <value>0x33bfc7</value>
         <object_component_ref idref="oc-1c8"/>
      </symbol>
      <symbol id="sm-9fe">
         <name>FD$$NEG</name>
         <value>0x33c7e7</value>
         <object_component_ref idref="oc-1cd"/>
      </symbol>
      <symbol id="sm-a0d">
         <name>FD$$TOI</name>
         <value>0x33c5fc</value>
         <object_component_ref idref="oc-1d2"/>
      </symbol>
      <symbol id="sm-a1c">
         <name>FD$$TOL</name>
         <value>0x33c63d</value>
         <object_component_ref idref="oc-1d7"/>
      </symbol>
      <symbol id="sm-a2f">
         <name>_putchar</name>
         <value>0x33c41d</value>
         <object_component_ref idref="oc-29c"/>
      </symbol>
      <symbol id="sm-a30">
         <name>_putc</name>
         <value>0x33c3cf</value>
         <object_component_ref idref="oc-29c"/>
      </symbol>
      <symbol id="sm-a31">
         <name>_fputc</name>
         <value>0x33c3cf</value>
         <object_component_ref idref="oc-29c"/>
      </symbol>
      <symbol id="sm-a4e">
         <name>_puts</name>
         <value>0x33bdf2</value>
         <object_component_ref idref="oc-29d"/>
      </symbol>
      <symbol id="sm-a4f">
         <name>_fputs</name>
         <value>0x33bd55</value>
         <object_component_ref idref="oc-29d"/>
      </symbol>
      <symbol id="sm-a5f">
         <name>I$$TOFD</name>
         <value>0x33c6b6</value>
         <object_component_ref idref="oc-1e7"/>
      </symbol>
      <symbol id="sm-a6f">
         <name>L$$TOFD</name>
         <value>0x33c6ef</value>
         <object_component_ref idref="oc-1ec"/>
      </symbol>
      <symbol id="sm-a7b">
         <name>LL$$AND</name>
         <value>0x33c724</value>
         <object_component_ref idref="oc-1f1"/>
      </symbol>
      <symbol id="sm-a7c">
         <name>LL$$OR</name>
         <value>0x33c72c</value>
         <object_component_ref idref="oc-1f1"/>
      </symbol>
      <symbol id="sm-a7d">
         <name>LL$$XOR</name>
         <value>0x33c734</value>
         <object_component_ref idref="oc-1f1"/>
      </symbol>
      <symbol id="sm-a8b">
         <name>ULL$$CMP</name>
         <value>0x33c66e</value>
         <object_component_ref idref="oc-1f6"/>
      </symbol>
      <symbol id="sm-a8c">
         <name>LL$$CMP</name>
         <value>0x33c65c</value>
         <object_component_ref idref="oc-1f6"/>
      </symbol>
      <symbol id="sm-ac6">
         <name>_add_device</name>
         <value>0x33b0ea</value>
         <object_component_ref idref="oc-2ad"/>
      </symbol>
      <symbol id="sm-ac7">
         <name>_rename</name>
         <value>0x33afcd</value>
         <object_component_ref idref="oc-2ad"/>
      </symbol>
      <symbol id="sm-ac8">
         <name>_read</name>
         <value>0x33b015</value>
         <object_component_ref idref="oc-2ad"/>
      </symbol>
      <symbol id="sm-ac9">
         <name>_unlink</name>
         <value>0x33afb4</value>
         <object_component_ref idref="oc-2ad"/>
      </symbol>
      <symbol id="sm-aca">
         <name>_remove_device</name>
         <value>0x33affb</value>
         <object_component_ref idref="oc-2ad"/>
      </symbol>
      <symbol id="sm-acb">
         <name>_open</name>
         <value>0x33b02e</value>
         <object_component_ref idref="oc-2ad"/>
      </symbol>
      <symbol id="sm-acc">
         <name>_lseek</name>
         <value>0x33b09f</value>
         <object_component_ref idref="oc-2ad"/>
      </symbol>
      <symbol id="sm-acd">
         <name>_close</name>
         <value>0x33b0b7</value>
         <object_component_ref idref="oc-2ad"/>
      </symbol>
      <symbol id="sm-ace">
         <name>_write</name>
         <value>0x33af4d</value>
         <object_component_ref idref="oc-2ad"/>
      </symbol>
      <symbol id="sm-adc">
         <name>_ltoa</name>
         <value>0x33c4c4</value>
         <object_component_ref idref="oc-2b0"/>
      </symbol>
      <symbol id="sm-aeb">
         <name>_memccpy</name>
         <value>0x33c7a4</value>
         <object_component_ref idref="oc-2b5"/>
      </symbol>
      <symbol id="sm-afa">
         <name>_memchr</name>
         <value>0x33c778</value>
         <object_component_ref idref="oc-2ae"/>
      </symbol>
      <symbol id="sm-b08">
         <name>_memset</name>
         <value>0x33c7b1</value>
         <object_component_ref idref="oc-2b4"/>
      </symbol>
      <symbol id="sm-b1b">
         <name>_frexpl</name>
         <value>0x33c31f</value>
         <object_component_ref idref="oc-2b1"/>
      </symbol>
      <symbol id="sm-b38">
         <name>_scalbnl</name>
         <value>0x33bc99</value>
         <object_component_ref idref="oc-2b2"/>
      </symbol>
      <symbol id="sm-b39">
         <name>_ldexpl</name>
         <value>0x33bc99</value>
         <object_component_ref idref="oc-2b2"/>
      </symbol>
      <symbol id="sm-b48">
         <name>_strchr</name>
         <value>0x33c7bd</value>
         <object_component_ref idref="oc-2b3"/>
      </symbol>
      <symbol id="sm-b56">
         <name>_strcmp</name>
         <value>0x33c7d4</value>
         <object_component_ref idref="oc-2bb"/>
      </symbol>
      <symbol id="sm-b63">
         <name>_strcpy</name>
         <value>0x33c807</value>
         <object_component_ref idref="oc-28a"/>
      </symbol>
      <symbol id="sm-b70">
         <name>_strlen</name>
         <value>0x33c7f8</value>
         <object_component_ref idref="oc-289"/>
      </symbol>
      <symbol id="sm-b80">
         <name>_strncpy</name>
         <value>0x33c698</value>
         <object_component_ref idref="oc-2bc"/>
      </symbol>
      <symbol id="sm-b93">
         <name>_HOSTopen</name>
         <value>0x33ae25</value>
         <object_component_ref idref="oc-281"/>
      </symbol>
      <symbol id="sm-b94">
         <name>_HOSTread</name>
         <value>0x33ade6</value>
         <object_component_ref idref="oc-281"/>
      </symbol>
      <symbol id="sm-b95">
         <name>_HOSTgetenv</name>
         <value>0x33aec6</value>
         <object_component_ref idref="oc-281"/>
      </symbol>
      <symbol id="sm-b96">
         <name>_HOSTtime</name>
         <value>0x33ad72</value>
         <object_component_ref idref="oc-281"/>
      </symbol>
      <symbol id="sm-b97">
         <name>_HOSTtime64</name>
         <value>0x33ad2d</value>
         <object_component_ref idref="oc-281"/>
      </symbol>
      <symbol id="sm-b98">
         <name>_HOSTrename</name>
         <value>0x33ada8</value>
         <object_component_ref idref="oc-281"/>
      </symbol>
      <symbol id="sm-b99">
         <name>_HOSTclock</name>
         <value>0x33af17</value>
         <object_component_ref idref="oc-281"/>
      </symbol>
      <symbol id="sm-b9a">
         <name>_HOSTwrite</name>
         <value>0x33acd1</value>
         <object_component_ref idref="oc-281"/>
      </symbol>
      <symbol id="sm-b9b">
         <name>_HOSTlseek</name>
         <value>0x33ae65</value>
         <object_component_ref idref="oc-281"/>
      </symbol>
      <symbol id="sm-b9c">
         <name>_HOSTunlink</name>
         <value>0x33ad09</value>
         <object_component_ref idref="oc-281"/>
      </symbol>
      <symbol id="sm-b9d">
         <name>_HOSTclose</name>
         <value>0x33aeee</value>
         <object_component_ref idref="oc-281"/>
      </symbol>
      <symbol id="sm-bb6">
         <name>___TI_readmsg</name>
         <value>0x33befa</value>
         <object_component_ref idref="oc-286"/>
      </symbol>
      <symbol id="sm-bb7">
         <name>C$$IO$$</name>
         <value>0x33bef5</value>
         <object_component_ref idref="oc-286"/>
      </symbol>
      <symbol id="sm-bb8">
         <name>__CIOBUF_</name>
         <value>0x380</value>
         <object_component_ref idref="oc-242"/>
      </symbol>
      <symbol id="sm-bb9">
         <name>___TI_writemsg</name>
         <value>0x33bea2</value>
         <object_component_ref idref="oc-286"/>
      </symbol>
      <symbol id="sm-bd0">
         <name>___TI_rd_ok</name>
         <value>0x33c294</value>
         <object_component_ref idref="oc-2ab"/>
      </symbol>
      <symbol id="sm-bd1">
         <name>___TI_wrt_ok</name>
         <value>0x33c259</value>
         <object_component_ref idref="oc-2ab"/>
      </symbol>
      <symbol id="sm-be7">
         <name>___TI_doflush</name>
         <value>0x33c1e6</value>
         <object_component_ref idref="oc-2ac"/>
      </symbol>
      <symbol id="sm-be8">
         <name>_fflush</name>
         <value>0x33c215</value>
         <object_component_ref idref="oc-2ac"/>
      </symbol>
      <symbol id="sm-bf8">
         <name>_fseek</name>
         <value>0x33c422</value>
         <object_component_ref idref="oc-2b9"/>
      </symbol>
      <symbol id="sm-c05">
         <name>_copysignl</name>
         <value>0x33c593</value>
         <object_component_ref idref="oc-2be"/>
      </symbol>
      <symbol id="sm-c1b">
         <name>_setvbuf</name>
         <value>0x33c052</value>
         <object_component_ref idref="oc-2ba"/>
      </symbol>
      <symbol id="sm-c50">
         <name>_fopen</name>
         <value>0x33b8c8</value>
         <object_component_ref idref="oc-2c0"/>
      </symbol>
      <symbol id="sm-c51">
         <name>___TI_cleanup</name>
         <value>0x33b88d</value>
         <object_component_ref idref="oc-2c0"/>
      </symbol>
      <symbol id="sm-c52">
         <name>_freopen</name>
         <value>0x33b8aa</value>
         <object_component_ref idref="oc-2c0"/>
      </symbol>
      <symbol id="sm-c99">
         <name>__sys_memory</name>
         <value>0xc40c</value>
         <object_component_ref idref="oc-269"/>
      </symbol>
      <symbol id="sm-c9a">
         <name>_chkheap</name>
         <value>0x33b321</value>
         <object_component_ref idref="oc-2bf"/>
      </symbol>
      <symbol id="sm-c9b">
         <name>_realloc</name>
         <value>0x33b22f</value>
         <object_component_ref idref="oc-2bf"/>
      </symbol>
      <symbol id="sm-c9c">
         <name>_free_memory</name>
         <value>0x33b303</value>
         <object_component_ref idref="oc-2bf"/>
      </symbol>
      <symbol id="sm-c9d">
         <name>_max_free</name>
         <value>0x33b2e1</value>
         <object_component_ref idref="oc-2bf"/>
      </symbol>
      <symbol id="sm-c9e">
         <name>_free</name>
         <value>0x33b168</value>
         <object_component_ref idref="oc-2bf"/>
      </symbol>
      <symbol id="sm-c9f">
         <name>_calloc</name>
         <value>0x33b323</value>
         <object_component_ref idref="oc-2bf"/>
      </symbol>
      <symbol id="sm-ca0">
         <name>_malloc</name>
         <value>0x33b1d1</value>
         <object_component_ref idref="oc-2bf"/>
      </symbol>
      <symbol id="sm-ca1">
         <name>_minit</name>
         <value>0x33b1ac</value>
         <object_component_ref idref="oc-2bf"/>
      </symbol>
      <symbol id="sm-cb2">
         <name>___TI_closefile</name>
         <value>0x33c2c0</value>
         <object_component_ref idref="oc-2c1"/>
      </symbol>
      <symbol id="sm-cb3">
         <name>_fclose</name>
         <value>0x33c304</value>
         <object_component_ref idref="oc-2c1"/>
      </symbol>
      <symbol id="sm-cbf">
         <name>_remove</name>
         <value>0x33c80f</value>
         <object_component_ref idref="oc-2c2"/>
      </symbol>
   </symbol_table>
   <title>Link successful</title>
</link_info>
