<?xml version="1.0"?>
<link_info>
   <banner>TMS320C2000 Linker PC v16.9.3.LTS</banner>
   <copyright>Copyright (c) 1996-2017 Texas Instruments Incorporated</copyright>
   <link_time>0x5cf888c7</link_time>
   <link_errors>0x0</link_errors>
   <output_file>DSP28335.out</output_file>
   <entry_point>
      <name>_c_int00</name>
      <address>0x972d</address>
   </entry_point>
   <input_file_list>
      <input_file id="fl-2">
         <path>.\</path>
         <kind>object</kind>
         <file>main.obj</file>
         <name>main.obj</name>
      </input_file>
      <input_file id="fl-3">
         <path>.\APP\oled\</path>
         <kind>object</kind>
         <file>oled.obj</file>
         <name>oled.obj</name>
      </input_file>
      <input_file id="fl-4">
         <path>.\Source\</path>
         <kind>object</kind>
         <file>DSP2833x_ADC_cal.obj</file>
         <name>DSP2833x_ADC_cal.obj</name>
      </input_file>
      <input_file id="fl-5">
         <path>.\Source\</path>
         <kind>object</kind>
         <file>DSP2833x_CodeStartBranch.obj</file>
         <name>DSP2833x_CodeStartBranch.obj</name>
      </input_file>
      <input_file id="fl-6">
         <path>.\Source\</path>
         <kind>object</kind>
         <file>DSP2833x_GlobalVariableDefs.obj</file>
         <name>DSP2833x_GlobalVariableDefs.obj</name>
      </input_file>
      <input_file id="fl-7">
         <path>.\Source\</path>
         <kind>object</kind>
         <file>DSP2833x_Gpio.obj</file>
         <name>DSP2833x_Gpio.obj</name>
      </input_file>
      <input_file id="fl-8">
         <path>.\Source\</path>
         <kind>object</kind>
         <file>DSP2833x_PieVect.obj</file>
         <name>DSP2833x_PieVect.obj</name>
      </input_file>
      <input_file id="fl-9">
         <path>.\Source\</path>
         <kind>object</kind>
         <file>DSP2833x_SysCtrl.obj</file>
         <name>DSP2833x_SysCtrl.obj</name>
      </input_file>
      <input_file id="fl-a">
         <path>.\Source\</path>
         <kind>object</kind>
         <file>DSP2833x_usDelay.obj</file>
         <name>DSP2833x_usDelay.obj</name>
      </input_file>
      <input_file id="fl-f">
         <kind>object</kind>
         <file>&lt;internal&gt;</file>
         <name>&lt;internal&gt;</name>
      </input_file>
      <input_file id="fl-1d">
         <path>C:\ti\ccsv7\tools\compiler\ti-cgt-c2000_16.9.3.LTS\lib\</path>
         <kind>archive</kind>
         <file>rts2800_fpu32.lib</file>
         <name>boot28.obj</name>
      </input_file>
      <input_file id="fl-1e">
         <path>C:\ti\ccsv7\tools\compiler\ti-cgt-c2000_16.9.3.LTS\lib\</path>
         <kind>archive</kind>
         <file>rts2800_fpu32.lib</file>
         <name>cpy_tbl.obj</name>
      </input_file>
      <input_file id="fl-1f">
         <path>C:\ti\ccsv7\tools\compiler\ti-cgt-c2000_16.9.3.LTS\lib\</path>
         <kind>archive</kind>
         <file>rts2800_fpu32.lib</file>
         <name>exit.obj</name>
      </input_file>
      <input_file id="fl-20">
         <path>C:\ti\ccsv7\tools\compiler\ti-cgt-c2000_16.9.3.LTS\lib\</path>
         <kind>archive</kind>
         <file>rts2800_fpu32.lib</file>
         <name>i_div28.obj</name>
      </input_file>
      <input_file id="fl-21">
         <path>C:\ti\ccsv7\tools\compiler\ti-cgt-c2000_16.9.3.LTS\lib\</path>
         <kind>archive</kind>
         <file>rts2800_fpu32.lib</file>
         <name>l_div28.obj</name>
      </input_file>
      <input_file id="fl-22">
         <path>C:\ti\ccsv7\tools\compiler\ti-cgt-c2000_16.9.3.LTS\lib\</path>
         <kind>archive</kind>
         <file>rts2800_fpu32.lib</file>
         <name>memcpy.obj</name>
      </input_file>
      <input_file id="fl-23">
         <path>C:\ti\ccsv7\tools\compiler\ti-cgt-c2000_16.9.3.LTS\lib\</path>
         <kind>archive</kind>
         <file>rts2800_fpu32.lib</file>
         <name>pre_init.obj</name>
      </input_file>
      <input_file id="fl-24">
         <path>C:\ti\ccsv7\tools\compiler\ti-cgt-c2000_16.9.3.LTS\lib\</path>
         <kind>archive</kind>
         <file>rts2800_fpu32.lib</file>
         <name>startup.obj</name>
      </input_file>
      <input_file id="fl-25">
         <path>C:\ti\ccsv7\tools\compiler\ti-cgt-c2000_16.9.3.LTS\lib\</path>
         <kind>archive</kind>
         <file>rts2800_fpu32.lib</file>
         <name>u_div28.obj</name>
      </input_file>
      <input_file id="fl-26">
         <path>C:\ti\ccsv7\tools\compiler\ti-cgt-c2000_16.9.3.LTS\lib\</path>
         <kind>archive</kind>
         <file>rts2800_fpu32.lib</file>
         <name>_lock.obj</name>
      </input_file>
      <input_file id="fl-27">
         <path>C:\ti\ccsv7\tools\compiler\ti-cgt-c2000_16.9.3.LTS\lib\</path>
         <kind>archive</kind>
         <file>rts2800_fpu32.lib</file>
         <name>args_main.obj</name>
      </input_file>
   </input_file_list>
   <object_component_list>
      <object_component id="oc-5f">
         <name>codestart</name>
         <load_address>0x0</load_address>
         <run_address>0x0</run_address>
         <size>0x2</size>
         <input_file_ref idref="fl-5"/>
      </object_component>
      <object_component id="oc-f0">
         <name>.text</name>
         <load_address>0x9000</load_address>
         <run_address>0x9000</run_address>
         <size>0x635</size>
         <input_file_ref idref="fl-3"/>
      </object_component>
      <object_component id="oc-ef">
         <name>.text</name>
         <load_address>0x9635</load_address>
         <run_address>0x9635</run_address>
         <size>0xf8</size>
         <input_file_ref idref="fl-9"/>
      </object_component>
      <object_component id="oc-4b">
         <name>.text</name>
         <load_address>0x972d</load_address>
         <run_address>0x972d</run_address>
         <size>0x56</size>
         <input_file_ref idref="fl-1d"/>
      </object_component>
      <object_component id="oc-ec">
         <name>.text</name>
         <load_address>0x9783</load_address>
         <run_address>0x9783</run_address>
         <size>0x3b</size>
         <input_file_ref idref="fl-2"/>
      </object_component>
      <object_component id="oc-c3">
         <name>.text</name>
         <load_address>0x97be</load_address>
         <run_address>0x97be</run_address>
         <size>0x2a</size>
         <input_file_ref idref="fl-21"/>
      </object_component>
      <object_component id="oc-ea">
         <name>.text</name>
         <load_address>0x97e8</load_address>
         <run_address>0x97e8</run_address>
         <size>0x29</size>
         <input_file_ref idref="fl-1f"/>
      </object_component>
      <object_component id="oc-e7">
         <name>.text</name>
         <load_address>0x9811</load_address>
         <run_address>0x9811</run_address>
         <size>0x24</size>
         <input_file_ref idref="fl-1e"/>
      </object_component>
      <object_component id="oc-be">
         <name>.text</name>
         <load_address>0x9835</load_address>
         <run_address>0x9835</run_address>
         <size>0x22</size>
         <input_file_ref idref="fl-20"/>
      </object_component>
      <object_component id="oc-eb">
         <name>.text</name>
         <load_address>0x9857</load_address>
         <run_address>0x9857</run_address>
         <size>0x1e</size>
         <input_file_ref idref="fl-22"/>
      </object_component>
      <object_component id="oc-e9">
         <name>.text</name>
         <load_address>0x9875</load_address>
         <run_address>0x9875</run_address>
         <size>0x19</size>
         <input_file_ref idref="fl-27"/>
      </object_component>
      <object_component id="oc-d7">
         <name>.text</name>
         <load_address>0x988e</load_address>
         <run_address>0x988e</run_address>
         <size>0xb</size>
         <input_file_ref idref="fl-25"/>
      </object_component>
      <object_component id="oc-f1">
         <name>.text</name>
         <load_address>0x9899</load_address>
         <run_address>0x9899</run_address>
         <size>0x9</size>
         <input_file_ref idref="fl-26"/>
      </object_component>
      <object_component id="oc-5e">
         <name>.text</name>
         <load_address>0x98a2</load_address>
         <run_address>0x98a2</run_address>
         <size>0x8</size>
         <input_file_ref idref="fl-5"/>
      </object_component>
      <object_component id="oc-e6">
         <name>.text</name>
         <load_address>0x98aa</load_address>
         <run_address>0x98aa</run_address>
         <size>0x2</size>
         <input_file_ref idref="fl-23"/>
      </object_component>
      <object_component id="oc-e8">
         <name>.text</name>
         <load_address>0x98ac</load_address>
         <run_address>0x98ac</run_address>
         <size>0x1</size>
         <input_file_ref idref="fl-24"/>
      </object_component>
      <object_component id="oc-52">
         <name>.cinit</name>
         <load_address>0x8000</load_address>
         <run_address>0x8000</run_address>
         <size>0x1b3</size>
         <input_file_ref idref="fl-3"/>
      </object_component>
      <object_component id="oc-b8">
         <name>.cinit</name>
         <load_address>0x81b3</load_address>
         <run_address>0x81b3</run_address>
         <size>0xe</size>
         <input_file_ref idref="fl-1f"/>
      </object_component>
      <object_component id="oc-ee">
         <name>.cinit:__lock</name>
         <load_address>0x81c1</load_address>
         <run_address>0x81c1</run_address>
         <size>0x5</size>
         <input_file_ref idref="fl-26"/>
      </object_component>
      <object_component id="oc-f2">
         <name>.cinit:__unlock</name>
         <load_address>0x81c6</load_address>
         <run_address>0x81c6</run_address>
         <size>0x5</size>
         <input_file_ref idref="fl-26"/>
      </object_component>
      <object_component id="oc-ac">
         <name>.stack</name>
         <uninitialized>true</uninitialized>
         <run_address>0x400</run_address>
         <size>0x0</size>
         <input_file_ref idref="fl-1d"/>
      </object_component>
      <object_component id="oc-14c">
         <name>.stack</name>
         <uninitialized>true</uninitialized>
         <run_address>0x400</run_address>
         <size>0x0</size>
      </object_component>
      <object_component id="oc-53">
         <name>.ebss</name>
         <uninitialized>true</uninitialized>
         <run_address>0xc000</run_address>
         <size>0x1c0</size>
         <input_file_ref idref="fl-3"/>
      </object_component>
      <object_component id="oc-b9">
         <name>.ebss</name>
         <uninitialized>true</uninitialized>
         <run_address>0xc1c0</run_address>
         <size>0x6</size>
         <input_file_ref idref="fl-1f"/>
      </object_component>
      <object_component id="oc-f5">
         <name>.ebss:__unlock</name>
         <uninitialized>true</uninitialized>
         <run_address>0xc1c8</run_address>
         <size>0x2</size>
         <input_file_ref idref="fl-26"/>
      </object_component>
      <object_component id="oc-ed">
         <name>.ebss:__lock</name>
         <uninitialized>true</uninitialized>
         <run_address>0xc1c6</run_address>
         <size>0x2</size>
         <input_file_ref idref="fl-26"/>
      </object_component>
      <object_component id="oc-f3">
         <name>.econst:.string:_F8X16</name>
         <load_address>0xd000</load_address>
         <run_address>0xd000</run_address>
         <size>0x5f0</size>
         <input_file_ref idref="fl-3"/>
      </object_component>
      <object_component id="oc-f4">
         <name>.econst:_F6x8</name>
         <load_address>0xd5f0</load_address>
         <run_address>0xd5f0</run_address>
         <size>0x228</size>
         <input_file_ref idref="fl-3"/>
      </object_component>
      <object_component id="oc-54">
         <name>.econst:.string</name>
         <load_address>0xd818</load_address>
         <run_address>0xd818</run_address>
         <size>0x1a</size>
         <input_file_ref idref="fl-3"/>
      </object_component>
      <object_component id="oc-ad">
         <name>.reset</name>
         <load_address>0x3fffc0</load_address>
         <run_address>0x3fffc0</run_address>
         <size>0x2</size>
         <input_file_ref idref="fl-1d"/>
      </object_component>
      <object_component id="oc-59">
         <name>.adc_cal</name>
         <load_address>0x380080</load_address>
         <run_address>0x380080</run_address>
         <size>0x7</size>
         <input_file_ref idref="fl-4"/>
      </object_component>
      <object_component id="oc-96">
         <name>PieVectTableFile</name>
         <uninitialized>true</uninitialized>
         <run_address>0xd00</run_address>
         <size>0x100</size>
         <input_file_ref idref="fl-6"/>
      </object_component>
      <object_component id="oc-92">
         <name>DevEmuRegsFile</name>
         <uninitialized>true</uninitialized>
         <run_address>0x880</run_address>
         <size>0xd0</size>
         <input_file_ref idref="fl-6"/>
      </object_component>
      <object_component id="oc-68">
         <name>FlashRegsFile</name>
         <uninitialized>true</uninitialized>
         <run_address>0xa80</run_address>
         <size>0x8</size>
         <input_file_ref idref="fl-6"/>
      </object_component>
      <object_component id="oc-70">
         <name>CsmRegsFile</name>
         <uninitialized>true</uninitialized>
         <run_address>0xae0</run_address>
         <size>0x10</size>
         <input_file_ref idref="fl-6"/>
      </object_component>
      <object_component id="oc-71">
         <name>AdcMirrorFile</name>
         <uninitialized>true</uninitialized>
         <run_address>0xb00</run_address>
         <size>0x10</size>
         <input_file_ref idref="fl-6"/>
      </object_component>
      <object_component id="oc-75">
         <name>XintfRegsFile</name>
         <uninitialized>true</uninitialized>
         <run_address>0xb20</run_address>
         <size>0x1e</size>
         <input_file_ref idref="fl-6"/>
      </object_component>
      <object_component id="oc-69">
         <name>CpuTimer0RegsFile</name>
         <uninitialized>true</uninitialized>
         <run_address>0xc00</run_address>
         <size>0x8</size>
         <input_file_ref idref="fl-6"/>
      </object_component>
      <object_component id="oc-6a">
         <name>CpuTimer1RegsFile</name>
         <uninitialized>true</uninitialized>
         <run_address>0xc08</run_address>
         <size>0x8</size>
         <input_file_ref idref="fl-6"/>
      </object_component>
      <object_component id="oc-66">
         <name>CpuTimer2RegsFile</name>
         <uninitialized>true</uninitialized>
         <run_address>0xc10</run_address>
         <size>0x8</size>
         <input_file_ref idref="fl-6"/>
      </object_component>
      <object_component id="oc-73">
         <name>PieCtrlRegsFile</name>
         <uninitialized>true</uninitialized>
         <run_address>0xce0</run_address>
         <size>0x1a</size>
         <input_file_ref idref="fl-6"/>
      </object_component>
      <object_component id="oc-93">
         <name>DmaRegsFile</name>
         <uninitialized>true</uninitialized>
         <run_address>0x1000</run_address>
         <size>0xe0</size>
         <input_file_ref idref="fl-6"/>
      </object_component>
      <object_component id="oc-86">
         <name>McbspaRegsFile</name>
         <uninitialized>true</uninitialized>
         <run_address>0x5000</run_address>
         <size>0x25</size>
         <input_file_ref idref="fl-6"/>
      </object_component>
      <object_component id="oc-85">
         <name>McbspbRegsFile</name>
         <uninitialized>true</uninitialized>
         <run_address>0x5040</run_address>
         <size>0x25</size>
         <input_file_ref idref="fl-6"/>
      </object_component>
      <object_component id="oc-88">
         <name>ECanaRegsFile</name>
         <uninitialized>true</uninitialized>
         <run_address>0x6000</run_address>
         <size>0x34</size>
         <input_file_ref idref="fl-6"/>
      </object_component>
      <object_component id="oc-8c">
         <name>ECanaLAMRegsFile</name>
         <uninitialized>true</uninitialized>
         <run_address>0x6040</run_address>
         <size>0x40</size>
         <input_file_ref idref="fl-6"/>
      </object_component>
      <object_component id="oc-95">
         <name>ECanaMboxesFile</name>
         <uninitialized>true</uninitialized>
         <run_address>0x6100</run_address>
         <size>0x100</size>
         <input_file_ref idref="fl-6"/>
      </object_component>
      <object_component id="oc-8d">
         <name>ECanaMOTSRegsFile</name>
         <uninitialized>true</uninitialized>
         <run_address>0x6080</run_address>
         <size>0x40</size>
         <input_file_ref idref="fl-6"/>
      </object_component>
      <object_component id="oc-8a">
         <name>ECanaMOTORegsFile</name>
         <uninitialized>true</uninitialized>
         <run_address>0x60c0</run_address>
         <size>0x40</size>
         <input_file_ref idref="fl-6"/>
      </object_component>
      <object_component id="oc-89">
         <name>ECanbRegsFile</name>
         <uninitialized>true</uninitialized>
         <run_address>0x6200</run_address>
         <size>0x34</size>
         <input_file_ref idref="fl-6"/>
      </object_component>
      <object_component id="oc-91">
         <name>ECanbLAMRegsFile</name>
         <uninitialized>true</uninitialized>
         <run_address>0x6240</run_address>
         <size>0x40</size>
         <input_file_ref idref="fl-6"/>
      </object_component>
      <object_component id="oc-94">
         <name>ECanbMboxesFile</name>
         <uninitialized>true</uninitialized>
         <run_address>0x6300</run_address>
         <size>0x100</size>
         <input_file_ref idref="fl-6"/>
      </object_component>
      <object_component id="oc-8b">
         <name>ECanbMOTSRegsFile</name>
         <uninitialized>true</uninitialized>
         <run_address>0x6280</run_address>
         <size>0x40</size>
         <input_file_ref idref="fl-6"/>
      </object_component>
      <object_component id="oc-8e">
         <name>ECanbMOTORegsFile</name>
         <uninitialized>true</uninitialized>
         <run_address>0x62c0</run_address>
         <size>0x40</size>
         <input_file_ref idref="fl-6"/>
      </object_component>
      <object_component id="oc-83">
         <name>EPwm1RegsFile</name>
         <uninitialized>true</uninitialized>
         <run_address>0x6800</run_address>
         <size>0x22</size>
         <input_file_ref idref="fl-6"/>
      </object_component>
      <object_component id="oc-7e">
         <name>EPwm2RegsFile</name>
         <uninitialized>true</uninitialized>
         <run_address>0x6840</run_address>
         <size>0x22</size>
         <input_file_ref idref="fl-6"/>
      </object_component>
      <object_component id="oc-7f">
         <name>EPwm3RegsFile</name>
         <uninitialized>true</uninitialized>
         <run_address>0x6880</run_address>
         <size>0x22</size>
         <input_file_ref idref="fl-6"/>
      </object_component>
      <object_component id="oc-84">
         <name>EPwm4RegsFile</name>
         <uninitialized>true</uninitialized>
         <run_address>0x68c0</run_address>
         <size>0x22</size>
         <input_file_ref idref="fl-6"/>
      </object_component>
      <object_component id="oc-81">
         <name>EPwm5RegsFile</name>
         <uninitialized>true</uninitialized>
         <run_address>0x6900</run_address>
         <size>0x22</size>
         <input_file_ref idref="fl-6"/>
      </object_component>
      <object_component id="oc-82">
         <name>EPwm6RegsFile</name>
         <uninitialized>true</uninitialized>
         <run_address>0x6940</run_address>
         <size>0x22</size>
         <input_file_ref idref="fl-6"/>
      </object_component>
      <object_component id="oc-78">
         <name>ECap1RegsFile</name>
         <uninitialized>true</uninitialized>
         <run_address>0x6a00</run_address>
         <size>0x20</size>
         <input_file_ref idref="fl-6"/>
      </object_component>
      <object_component id="oc-79">
         <name>ECap2RegsFile</name>
         <uninitialized>true</uninitialized>
         <run_address>0x6a20</run_address>
         <size>0x20</size>
         <input_file_ref idref="fl-6"/>
      </object_component>
      <object_component id="oc-76">
         <name>ECap3RegsFile</name>
         <uninitialized>true</uninitialized>
         <run_address>0x6a40</run_address>
         <size>0x20</size>
         <input_file_ref idref="fl-6"/>
      </object_component>
      <object_component id="oc-77">
         <name>ECap4RegsFile</name>
         <uninitialized>true</uninitialized>
         <run_address>0x6a60</run_address>
         <size>0x20</size>
         <input_file_ref idref="fl-6"/>
      </object_component>
      <object_component id="oc-7c">
         <name>ECap5RegsFile</name>
         <uninitialized>true</uninitialized>
         <run_address>0x6a80</run_address>
         <size>0x20</size>
         <input_file_ref idref="fl-6"/>
      </object_component>
      <object_component id="oc-7d">
         <name>ECap6RegsFile</name>
         <uninitialized>true</uninitialized>
         <run_address>0x6aa0</run_address>
         <size>0x20</size>
         <input_file_ref idref="fl-6"/>
      </object_component>
      <object_component id="oc-8f">
         <name>EQep1RegsFile</name>
         <uninitialized>true</uninitialized>
         <run_address>0x6b00</run_address>
         <size>0x40</size>
         <input_file_ref idref="fl-6"/>
      </object_component>
      <object_component id="oc-90">
         <name>EQep2RegsFile</name>
         <uninitialized>true</uninitialized>
         <run_address>0x6b40</run_address>
         <size>0x40</size>
         <input_file_ref idref="fl-6"/>
      </object_component>
      <object_component id="oc-87">
         <name>GpioCtrlRegsFile</name>
         <uninitialized>true</uninitialized>
         <run_address>0x6f80</run_address>
         <size>0x2e</size>
         <input_file_ref idref="fl-6"/>
      </object_component>
      <object_component id="oc-7a">
         <name>GpioDataRegsFile</name>
         <uninitialized>true</uninitialized>
         <run_address>0x6fc0</run_address>
         <size>0x20</size>
         <input_file_ref idref="fl-6"/>
      </object_component>
      <object_component id="oc-6b">
         <name>GpioIntRegsFile</name>
         <uninitialized>true</uninitialized>
         <run_address>0x6fe0</run_address>
         <size>0xa</size>
         <input_file_ref idref="fl-6"/>
      </object_component>
      <object_component id="oc-7b">
         <name>SysCtrlRegsFile</name>
         <uninitialized>true</uninitialized>
         <run_address>0x7010</run_address>
         <size>0x20</size>
         <input_file_ref idref="fl-6"/>
      </object_component>
      <object_component id="oc-6c">
         <name>SpiaRegsFile</name>
         <uninitialized>true</uninitialized>
         <run_address>0x7040</run_address>
         <size>0x10</size>
         <input_file_ref idref="fl-6"/>
      </object_component>
      <object_component id="oc-6f">
         <name>SciaRegsFile</name>
         <uninitialized>true</uninitialized>
         <run_address>0x7050</run_address>
         <size>0x10</size>
         <input_file_ref idref="fl-6"/>
      </object_component>
      <object_component id="oc-72">
         <name>XIntruptRegsFile</name>
         <uninitialized>true</uninitialized>
         <run_address>0x7070</run_address>
         <size>0x10</size>
         <input_file_ref idref="fl-6"/>
      </object_component>
      <object_component id="oc-74">
         <name>AdcRegsFile</name>
         <uninitialized>true</uninitialized>
         <run_address>0x7100</run_address>
         <size>0x1e</size>
         <input_file_ref idref="fl-6"/>
      </object_component>
      <object_component id="oc-6d">
         <name>ScibRegsFile</name>
         <uninitialized>true</uninitialized>
         <run_address>0x7750</run_address>
         <size>0x10</size>
         <input_file_ref idref="fl-6"/>
      </object_component>
      <object_component id="oc-6e">
         <name>ScicRegsFile</name>
         <uninitialized>true</uninitialized>
         <run_address>0x7770</run_address>
         <size>0x10</size>
         <input_file_ref idref="fl-6"/>
      </object_component>
      <object_component id="oc-80">
         <name>I2caRegsFile</name>
         <uninitialized>true</uninitialized>
         <run_address>0x7900</run_address>
         <size>0x22</size>
         <input_file_ref idref="fl-6"/>
      </object_component>
      <object_component id="oc-67">
         <name>CsmPwlFile</name>
         <uninitialized>true</uninitialized>
         <run_address>0x33fff8</run_address>
         <size>0x8</size>
         <input_file_ref idref="fl-6"/>
      </object_component>
      <object_component id="oc-65">
         <name>PartIdRegsFile</name>
         <uninitialized>true</uninitialized>
         <run_address>0x380090</run_address>
         <size>0x1</size>
         <input_file_ref idref="fl-6"/>
      </object_component>
      <object_component id="oc-4c">
         <name>.debug_info</name>
         <load_address>0x0</load_address>
         <run_address>0x0</run_address>
         <size>0x2a65</size>
         <input_file_ref idref="fl-2"/>
      </object_component>
      <object_component id="oc-51">
         <name>.debug_info</name>
         <load_address>0x2a65</load_address>
         <run_address>0x2a65</run_address>
         <size>0x40d4</size>
         <input_file_ref idref="fl-3"/>
      </object_component>
      <object_component id="oc-5a">
         <name>.debug_info</name>
         <load_address>0x6b39</load_address>
         <run_address>0x6b39</run_address>
         <size>0xf0</size>
         <input_file_ref idref="fl-4"/>
      </object_component>
      <object_component id="oc-60">
         <name>.debug_info</name>
         <load_address>0x6c29</load_address>
         <run_address>0x6c29</run_address>
         <size>0x130</size>
         <input_file_ref idref="fl-5"/>
      </object_component>
      <object_component id="oc-64">
         <name>.debug_info</name>
         <load_address>0x6d59</load_address>
         <run_address>0x6d59</run_address>
         <size>0x13419</size>
         <input_file_ref idref="fl-6"/>
      </object_component>
      <object_component id="oc-98">
         <name>.debug_info</name>
         <load_address>0x1a172</load_address>
         <run_address>0x1a172</run_address>
         <size>0x1ba2</size>
         <input_file_ref idref="fl-7"/>
      </object_component>
      <object_component id="oc-9d">
         <name>.debug_info</name>
         <load_address>0x1bd14</load_address>
         <run_address>0x1bd14</run_address>
         <size>0x223e</size>
         <input_file_ref idref="fl-8"/>
      </object_component>
      <object_component id="oc-a2">
         <name>.debug_info</name>
         <load_address>0x1df52</load_address>
         <run_address>0x1df52</run_address>
         <size>0x20b5</size>
         <input_file_ref idref="fl-9"/>
      </object_component>
      <object_component id="oc-a8">
         <name>.debug_info</name>
         <load_address>0x20007</load_address>
         <run_address>0x20007</run_address>
         <size>0x167</size>
         <input_file_ref idref="fl-a"/>
      </object_component>
      <object_component id="oc-ae">
         <name>.debug_info</name>
         <load_address>0x2016e</load_address>
         <run_address>0x2016e</run_address>
         <size>0x16b</size>
         <input_file_ref idref="fl-1d"/>
      </object_component>
      <object_component id="oc-b2">
         <name>.debug_info</name>
         <load_address>0x202d9</load_address>
         <run_address>0x202d9</run_address>
         <size>0x5c1</size>
         <input_file_ref idref="fl-1e"/>
      </object_component>
      <object_component id="oc-b7">
         <name>.debug_info</name>
         <load_address>0x2089a</load_address>
         <run_address>0x2089a</run_address>
         <size>0x5ab</size>
         <input_file_ref idref="fl-1f"/>
      </object_component>
      <object_component id="oc-bf">
         <name>.debug_info</name>
         <load_address>0x20e45</load_address>
         <run_address>0x20e45</run_address>
         <size>0x139</size>
         <input_file_ref idref="fl-20"/>
      </object_component>
      <object_component id="oc-c4">
         <name>.debug_info</name>
         <load_address>0x20f7e</load_address>
         <run_address>0x20f7e</run_address>
         <size>0x19d</size>
         <input_file_ref idref="fl-21"/>
      </object_component>
      <object_component id="oc-c8">
         <name>.debug_info</name>
         <load_address>0x2111b</load_address>
         <run_address>0x2111b</run_address>
         <size>0x46f</size>
         <input_file_ref idref="fl-22"/>
      </object_component>
      <object_component id="oc-cd">
         <name>.debug_info</name>
         <load_address>0x2158a</load_address>
         <run_address>0x2158a</run_address>
         <size>0x3e2</size>
         <input_file_ref idref="fl-23"/>
      </object_component>
      <object_component id="oc-d2">
         <name>.debug_info</name>
         <load_address>0x2196c</load_address>
         <run_address>0x2196c</run_address>
         <size>0x3df</size>
         <input_file_ref idref="fl-24"/>
      </object_component>
      <object_component id="oc-d8">
         <name>.debug_info</name>
         <load_address>0x21d4b</load_address>
         <run_address>0x21d4b</run_address>
         <size>0x139</size>
         <input_file_ref idref="fl-25"/>
      </object_component>
      <object_component id="oc-dc">
         <name>.debug_info</name>
         <load_address>0x21e84</load_address>
         <run_address>0x21e84</run_address>
         <size>0x501</size>
         <input_file_ref idref="fl-26"/>
      </object_component>
      <object_component id="oc-e1">
         <name>.debug_info</name>
         <load_address>0x22385</load_address>
         <run_address>0x22385</run_address>
         <size>0x4ce</size>
         <input_file_ref idref="fl-27"/>
      </object_component>
      <object_component id="oc-14d">
         <name>.debug_info</name>
         <load_address>0x22853</load_address>
         <run_address>0x22853</run_address>
         <size>0x9b</size>
      </object_component>
      <object_component id="oc-4d">
         <name>.debug_frame</name>
         <load_address>0x0</load_address>
         <run_address>0x0</run_address>
         <size>0x5e</size>
         <input_file_ref idref="fl-2"/>
      </object_component>
      <object_component id="oc-55">
         <name>.debug_frame</name>
         <load_address>0x5e</load_address>
         <run_address>0x5e</run_address>
         <size>0x36b</size>
         <input_file_ref idref="fl-3"/>
      </object_component>
      <object_component id="oc-99">
         <name>.debug_frame</name>
         <load_address>0x3c9</load_address>
         <run_address>0x3c9</run_address>
         <size>0x2e</size>
         <input_file_ref idref="fl-7"/>
      </object_component>
      <object_component id="oc-9e">
         <name>.debug_frame</name>
         <load_address>0x3f7</load_address>
         <run_address>0x3f7</run_address>
         <size>0x2e</size>
         <input_file_ref idref="fl-8"/>
      </object_component>
      <object_component id="oc-a3">
         <name>.debug_frame</name>
         <load_address>0x425</load_address>
         <run_address>0x425</run_address>
         <size>0xba</size>
         <input_file_ref idref="fl-9"/>
      </object_component>
      <object_component id="oc-b3">
         <name>.debug_frame</name>
         <load_address>0x4df</load_address>
         <run_address>0x4df</run_address>
         <size>0x64</size>
         <input_file_ref idref="fl-1e"/>
      </object_component>
      <object_component id="oc-ba">
         <name>.debug_frame</name>
         <load_address>0x543</load_address>
         <run_address>0x543</run_address>
         <size>0x61</size>
         <input_file_ref idref="fl-1f"/>
      </object_component>
      <object_component id="oc-c9">
         <name>.debug_frame</name>
         <load_address>0x5a4</load_address>
         <run_address>0x5a4</run_address>
         <size>0x43</size>
         <input_file_ref idref="fl-22"/>
      </object_component>
      <object_component id="oc-ce">
         <name>.debug_frame</name>
         <load_address>0x5e7</load_address>
         <run_address>0x5e7</run_address>
         <size>0x43</size>
         <input_file_ref idref="fl-23"/>
      </object_component>
      <object_component id="oc-d3">
         <name>.debug_frame</name>
         <load_address>0x62a</load_address>
         <run_address>0x62a</run_address>
         <size>0x43</size>
         <input_file_ref idref="fl-24"/>
      </object_component>
      <object_component id="oc-dd">
         <name>.debug_frame</name>
         <load_address>0x66d</load_address>
         <run_address>0x66d</run_address>
         <size>0x6d</size>
         <input_file_ref idref="fl-26"/>
      </object_component>
      <object_component id="oc-e2">
         <name>.debug_frame</name>
         <load_address>0x6da</load_address>
         <run_address>0x6da</run_address>
         <size>0x43</size>
         <input_file_ref idref="fl-27"/>
      </object_component>
      <object_component id="oc-4e">
         <name>.debug_line</name>
         <load_address>0x0</load_address>
         <run_address>0x0</run_address>
         <size>0x82</size>
         <input_file_ref idref="fl-2"/>
      </object_component>
      <object_component id="oc-56">
         <name>.debug_line</name>
         <load_address>0x82</load_address>
         <run_address>0x82</run_address>
         <size>0x654</size>
         <input_file_ref idref="fl-3"/>
      </object_component>
      <object_component id="oc-5b">
         <name>.debug_line</name>
         <load_address>0x6d6</load_address>
         <run_address>0x6d6</run_address>
         <size>0x50</size>
         <input_file_ref idref="fl-4"/>
      </object_component>
      <object_component id="oc-61">
         <name>.debug_line</name>
         <load_address>0x726</load_address>
         <run_address>0x726</run_address>
         <size>0x6e</size>
         <input_file_ref idref="fl-5"/>
      </object_component>
      <object_component id="oc-9a">
         <name>.debug_line</name>
         <load_address>0x794</load_address>
         <run_address>0x794</run_address>
         <size>0x3a</size>
         <input_file_ref idref="fl-7"/>
      </object_component>
      <object_component id="oc-9f">
         <name>.debug_line</name>
         <load_address>0x7ce</load_address>
         <run_address>0x7ce</run_address>
         <size>0x78</size>
         <input_file_ref idref="fl-8"/>
      </object_component>
      <object_component id="oc-a4">
         <name>.debug_line</name>
         <load_address>0x846</load_address>
         <run_address>0x846</run_address>
         <size>0x149</size>
         <input_file_ref idref="fl-9"/>
      </object_component>
      <object_component id="oc-a9">
         <name>.debug_line</name>
         <load_address>0x98f</load_address>
         <run_address>0x98f</run_address>
         <size>0x8d</size>
         <input_file_ref idref="fl-a"/>
      </object_component>
      <object_component id="oc-af">
         <name>.debug_line</name>
         <load_address>0xa1c</load_address>
         <run_address>0xa1c</run_address>
         <size>0x7e</size>
         <input_file_ref idref="fl-1d"/>
      </object_component>
      <object_component id="oc-b4">
         <name>.debug_line</name>
         <load_address>0xa9a</load_address>
         <run_address>0xa9a</run_address>
         <size>0x50</size>
         <input_file_ref idref="fl-1e"/>
      </object_component>
      <object_component id="oc-bb">
         <name>.debug_line</name>
         <load_address>0xaea</load_address>
         <run_address>0xaea</run_address>
         <size>0x65</size>
         <input_file_ref idref="fl-1f"/>
      </object_component>
      <object_component id="oc-c0">
         <name>.debug_line</name>
         <load_address>0xb4f</load_address>
         <run_address>0xb4f</run_address>
         <size>0x69</size>
         <input_file_ref idref="fl-20"/>
      </object_component>
      <object_component id="oc-c5">
         <name>.debug_line</name>
         <load_address>0xbb8</load_address>
         <run_address>0xbb8</run_address>
         <size>0x8e</size>
         <input_file_ref idref="fl-21"/>
      </object_component>
      <object_component id="oc-ca">
         <name>.debug_line</name>
         <load_address>0xc46</load_address>
         <run_address>0xc46</run_address>
         <size>0x62</size>
         <input_file_ref idref="fl-22"/>
      </object_component>
      <object_component id="oc-cf">
         <name>.debug_line</name>
         <load_address>0xca8</load_address>
         <run_address>0xca8</run_address>
         <size>0x3e</size>
         <input_file_ref idref="fl-23"/>
      </object_component>
      <object_component id="oc-d4">
         <name>.debug_line</name>
         <load_address>0xce6</load_address>
         <run_address>0xce6</run_address>
         <size>0x3a</size>
         <input_file_ref idref="fl-24"/>
      </object_component>
      <object_component id="oc-d9">
         <name>.debug_line</name>
         <load_address>0xd20</load_address>
         <run_address>0xd20</run_address>
         <size>0x52</size>
         <input_file_ref idref="fl-25"/>
      </object_component>
      <object_component id="oc-de">
         <name>.debug_line</name>
         <load_address>0xd72</load_address>
         <run_address>0xd72</run_address>
         <size>0x5e</size>
         <input_file_ref idref="fl-26"/>
      </object_component>
      <object_component id="oc-e3">
         <name>.debug_line</name>
         <load_address>0xdd0</load_address>
         <run_address>0xdd0</run_address>
         <size>0x55</size>
         <input_file_ref idref="fl-27"/>
      </object_component>
      <object_component id="oc-4f">
         <name>.debug_abbrev</name>
         <load_address>0x0</load_address>
         <run_address>0x0</run_address>
         <size>0x114</size>
         <input_file_ref idref="fl-2"/>
      </object_component>
      <object_component id="oc-57">
         <name>.debug_abbrev</name>
         <load_address>0x114</load_address>
         <run_address>0x114</run_address>
         <size>0x1b1</size>
         <input_file_ref idref="fl-3"/>
      </object_component>
      <object_component id="oc-5c">
         <name>.debug_abbrev</name>
         <load_address>0x2c5</load_address>
         <run_address>0x2c5</run_address>
         <size>0x2f</size>
         <input_file_ref idref="fl-4"/>
      </object_component>
      <object_component id="oc-62">
         <name>.debug_abbrev</name>
         <load_address>0x2f4</load_address>
         <run_address>0x2f4</run_address>
         <size>0x21</size>
         <input_file_ref idref="fl-5"/>
      </object_component>
      <object_component id="oc-97">
         <name>.debug_abbrev</name>
         <load_address>0x315</load_address>
         <run_address>0x315</run_address>
         <size>0xb7</size>
         <input_file_ref idref="fl-6"/>
      </object_component>
      <object_component id="oc-9b">
         <name>.debug_abbrev</name>
         <load_address>0x3cc</load_address>
         <run_address>0x3cc</run_address>
         <size>0xdc</size>
         <input_file_ref idref="fl-7"/>
      </object_component>
      <object_component id="oc-a0">
         <name>.debug_abbrev</name>
         <load_address>0x4a8</load_address>
         <run_address>0x4a8</run_address>
         <size>0x116</size>
         <input_file_ref idref="fl-8"/>
      </object_component>
      <object_component id="oc-a5">
         <name>.debug_abbrev</name>
         <load_address>0x5be</load_address>
         <run_address>0x5be</run_address>
         <size>0x1a2</size>
         <input_file_ref idref="fl-9"/>
      </object_component>
      <object_component id="oc-aa">
         <name>.debug_abbrev</name>
         <load_address>0x760</load_address>
         <run_address>0x760</run_address>
         <size>0x2f</size>
         <input_file_ref idref="fl-a"/>
      </object_component>
      <object_component id="oc-b0">
         <name>.debug_abbrev</name>
         <load_address>0x78f</load_address>
         <run_address>0x78f</run_address>
         <size>0x46</size>
         <input_file_ref idref="fl-1d"/>
      </object_component>
      <object_component id="oc-b5">
         <name>.debug_abbrev</name>
         <load_address>0x7d5</load_address>
         <run_address>0x7d5</run_address>
         <size>0xfc</size>
         <input_file_ref idref="fl-1e"/>
      </object_component>
      <object_component id="oc-bc">
         <name>.debug_abbrev</name>
         <load_address>0x8d1</load_address>
         <run_address>0x8d1</run_address>
         <size>0x142</size>
         <input_file_ref idref="fl-1f"/>
      </object_component>
      <object_component id="oc-c1">
         <name>.debug_abbrev</name>
         <load_address>0xa13</load_address>
         <run_address>0xa13</run_address>
         <size>0x38</size>
         <input_file_ref idref="fl-20"/>
      </object_component>
      <object_component id="oc-c6">
         <name>.debug_abbrev</name>
         <load_address>0xa4b</load_address>
         <run_address>0xa4b</run_address>
         <size>0x38</size>
         <input_file_ref idref="fl-21"/>
      </object_component>
      <object_component id="oc-cb">
         <name>.debug_abbrev</name>
         <load_address>0xa83</load_address>
         <run_address>0xa83</run_address>
         <size>0xa8</size>
         <input_file_ref idref="fl-22"/>
      </object_component>
      <object_component id="oc-d0">
         <name>.debug_abbrev</name>
         <load_address>0xb2b</load_address>
         <run_address>0xb2b</run_address>
         <size>0x68</size>
         <input_file_ref idref="fl-23"/>
      </object_component>
      <object_component id="oc-d5">
         <name>.debug_abbrev</name>
         <load_address>0xb93</load_address>
         <run_address>0xb93</run_address>
         <size>0x66</size>
         <input_file_ref idref="fl-24"/>
      </object_component>
      <object_component id="oc-da">
         <name>.debug_abbrev</name>
         <load_address>0xbf9</load_address>
         <run_address>0xbf9</run_address>
         <size>0x38</size>
         <input_file_ref idref="fl-25"/>
      </object_component>
      <object_component id="oc-df">
         <name>.debug_abbrev</name>
         <load_address>0xc31</load_address>
         <run_address>0xc31</run_address>
         <size>0xb2</size>
         <input_file_ref idref="fl-26"/>
      </object_component>
      <object_component id="oc-e4">
         <name>.debug_abbrev</name>
         <load_address>0xce3</load_address>
         <run_address>0xce3</run_address>
         <size>0xfe</size>
         <input_file_ref idref="fl-27"/>
      </object_component>
      <object_component id="oc-14e">
         <name>.debug_abbrev</name>
         <load_address>0xde1</load_address>
         <run_address>0xde1</run_address>
         <size>0xf</size>
      </object_component>
      <object_component id="oc-50">
         <name>.debug_aranges</name>
         <load_address>0x0</load_address>
         <run_address>0x0</run_address>
         <size>0x28</size>
         <input_file_ref idref="fl-2"/>
      </object_component>
      <object_component id="oc-58">
         <name>.debug_aranges</name>
         <load_address>0x28</load_address>
         <run_address>0x28</run_address>
         <size>0x118</size>
         <input_file_ref idref="fl-3"/>
      </object_component>
      <object_component id="oc-5d">
         <name>.debug_aranges</name>
         <load_address>0x140</load_address>
         <run_address>0x140</run_address>
         <size>0x20</size>
         <input_file_ref idref="fl-4"/>
      </object_component>
      <object_component id="oc-63">
         <name>.debug_aranges</name>
         <load_address>0x160</load_address>
         <run_address>0x160</run_address>
         <size>0x28</size>
         <input_file_ref idref="fl-5"/>
      </object_component>
      <object_component id="oc-9c">
         <name>.debug_aranges</name>
         <load_address>0x188</load_address>
         <run_address>0x188</run_address>
         <size>0x18</size>
         <input_file_ref idref="fl-7"/>
      </object_component>
      <object_component id="oc-a1">
         <name>.debug_aranges</name>
         <load_address>0x1a0</load_address>
         <run_address>0x1a0</run_address>
         <size>0x18</size>
         <input_file_ref idref="fl-8"/>
      </object_component>
      <object_component id="oc-a6">
         <name>.debug_aranges</name>
         <load_address>0x1b8</load_address>
         <run_address>0x1b8</run_address>
         <size>0x48</size>
         <input_file_ref idref="fl-9"/>
      </object_component>
      <object_component id="oc-ab">
         <name>.debug_aranges</name>
         <load_address>0x200</load_address>
         <run_address>0x200</run_address>
         <size>0x20</size>
         <input_file_ref idref="fl-a"/>
      </object_component>
      <object_component id="oc-b1">
         <name>.debug_aranges</name>
         <load_address>0x220</load_address>
         <run_address>0x220</run_address>
         <size>0x20</size>
         <input_file_ref idref="fl-1d"/>
      </object_component>
      <object_component id="oc-b6">
         <name>.debug_aranges</name>
         <load_address>0x240</load_address>
         <run_address>0x240</run_address>
         <size>0x20</size>
         <input_file_ref idref="fl-1e"/>
      </object_component>
      <object_component id="oc-bd">
         <name>.debug_aranges</name>
         <load_address>0x260</load_address>
         <run_address>0x260</run_address>
         <size>0x28</size>
         <input_file_ref idref="fl-1f"/>
      </object_component>
      <object_component id="oc-c2">
         <name>.debug_aranges</name>
         <load_address>0x288</load_address>
         <run_address>0x288</run_address>
         <size>0x28</size>
         <input_file_ref idref="fl-20"/>
      </object_component>
      <object_component id="oc-c7">
         <name>.debug_aranges</name>
         <load_address>0x2b0</load_address>
         <run_address>0x2b0</run_address>
         <size>0x38</size>
         <input_file_ref idref="fl-21"/>
      </object_component>
      <object_component id="oc-cc">
         <name>.debug_aranges</name>
         <load_address>0x2e8</load_address>
         <run_address>0x2e8</run_address>
         <size>0x20</size>
         <input_file_ref idref="fl-22"/>
      </object_component>
      <object_component id="oc-d1">
         <name>.debug_aranges</name>
         <load_address>0x308</load_address>
         <run_address>0x308</run_address>
         <size>0x20</size>
         <input_file_ref idref="fl-23"/>
      </object_component>
      <object_component id="oc-d6">
         <name>.debug_aranges</name>
         <load_address>0x328</load_address>
         <run_address>0x328</run_address>
         <size>0x20</size>
         <input_file_ref idref="fl-24"/>
      </object_component>
      <object_component id="oc-db">
         <name>.debug_aranges</name>
         <load_address>0x348</load_address>
         <run_address>0x348</run_address>
         <size>0x28</size>
         <input_file_ref idref="fl-25"/>
      </object_component>
      <object_component id="oc-e0">
         <name>.debug_aranges</name>
         <load_address>0x370</load_address>
         <run_address>0x370</run_address>
         <size>0x30</size>
         <input_file_ref idref="fl-26"/>
      </object_component>
      <object_component id="oc-e5">
         <name>.debug_aranges</name>
         <load_address>0x3a0</load_address>
         <run_address>0x3a0</run_address>
         <size>0x20</size>
         <input_file_ref idref="fl-27"/>
      </object_component>
      <object_component id="oc-a7">
         <name>ramfuncs</name>
         <load_address>0x50</load_address>
         <run_address>0x50</run_address>
         <size>0x4</size>
         <input_file_ref idref="fl-a"/>
      </object_component>
   </object_component_list>
   <logical_group_list>
      <logical_group id="lg-2" display="no" color="cyan">
         <name>codestart</name>
         <load_address>0x0</load_address>
         <run_address>0x0</run_address>
         <size>0x2</size>
         <contents>
            <object_component_ref idref="oc-5f"/>
         </contents>
      </logical_group>
      <logical_group id="lg-3" display="no" color="cyan">
         <name>.TI.ramfunc</name>
         <run_address>0x0</run_address>
         <size>0x0</size>
         <contents>
         </contents>
      </logical_group>
      <logical_group id="lg-4" display="no" color="cyan">
         <name>.text</name>
         <load_address>0x9000</load_address>
         <run_address>0x9000</run_address>
         <size>0x8ad</size>
         <contents>
            <object_component_ref idref="oc-f0"/>
            <object_component_ref idref="oc-ef"/>
            <object_component_ref idref="oc-4b"/>
            <object_component_ref idref="oc-ec"/>
            <object_component_ref idref="oc-c3"/>
            <object_component_ref idref="oc-ea"/>
            <object_component_ref idref="oc-e7"/>
            <object_component_ref idref="oc-be"/>
            <object_component_ref idref="oc-eb"/>
            <object_component_ref idref="oc-e9"/>
            <object_component_ref idref="oc-d7"/>
            <object_component_ref idref="oc-f1"/>
            <object_component_ref idref="oc-5e"/>
            <object_component_ref idref="oc-e6"/>
            <object_component_ref idref="oc-e8"/>
         </contents>
      </logical_group>
      <logical_group id="lg-5" display="no" color="cyan">
         <name>.cinit</name>
         <load_address>0x8000</load_address>
         <run_address>0x8000</run_address>
         <size>0x1cd</size>
         <contents>
            <object_component_ref idref="oc-52"/>
            <object_component_ref idref="oc-b8"/>
            <object_component_ref idref="oc-ee"/>
            <object_component_ref idref="oc-f2"/>
         </contents>
      </logical_group>
      <logical_group id="lg-6" display="no" color="cyan">
         <name>.pinit</name>
         <run_address>0x0</run_address>
         <size>0x0</size>
         <contents>
         </contents>
      </logical_group>
      <logical_group id="lg-7" display="no" color="cyan">
         <name>.switch</name>
         <run_address>0x0</run_address>
         <size>0x0</size>
         <contents>
         </contents>
      </logical_group>
      <logical_group id="lg-8" display="no" color="cyan">
         <name>.stack</name>
         <run_address>0x400</run_address>
         <size>0x300</size>
         <contents>
            <object_component_ref idref="oc-ac"/>
            <object_component_ref idref="oc-14c"/>
         </contents>
      </logical_group>
      <logical_group id="lg-9" display="no" color="cyan">
         <name>.ebss</name>
         <run_address>0xc000</run_address>
         <size>0x1ca</size>
         <contents>
            <object_component_ref idref="oc-53"/>
            <object_component_ref idref="oc-b9"/>
            <object_component_ref idref="oc-f5"/>
            <object_component_ref idref="oc-ed"/>
         </contents>
      </logical_group>
      <logical_group id="lg-a" display="no" color="cyan">
         <name>.econst</name>
         <load_address>0xd000</load_address>
         <run_address>0xd000</run_address>
         <size>0x832</size>
         <contents>
            <object_component_ref idref="oc-f3"/>
            <object_component_ref idref="oc-f4"/>
            <object_component_ref idref="oc-54"/>
         </contents>
      </logical_group>
      <logical_group id="lg-b" display="no" color="cyan">
         <name>.esysmem</name>
         <run_address>0x0</run_address>
         <size>0x0</size>
         <contents>
         </contents>
      </logical_group>
      <logical_group id="lg-c" display="no" color="cyan">
         <name>IQmath</name>
         <run_address>0x0</run_address>
         <size>0x0</size>
         <contents>
         </contents>
      </logical_group>
      <logical_group id="lg-d" display="no" color="cyan">
         <name>IQmathTables</name>
         <run_address>0x0</run_address>
         <size>0x0</size>
         <contents>
         </contents>
      </logical_group>
      <logical_group id="lg-e" display="no" color="cyan">
         <name>FPUmathTables</name>
         <run_address>0x0</run_address>
         <size>0x0</size>
         <contents>
         </contents>
      </logical_group>
      <logical_group id="lg-f" display="no" color="cyan">
         <name>DMARAML4</name>
         <run_address>0x0</run_address>
         <size>0x0</size>
         <contents>
         </contents>
      </logical_group>
      <logical_group id="lg-10" display="no" color="cyan">
         <name>DMARAML5</name>
         <run_address>0x0</run_address>
         <size>0x0</size>
         <contents>
         </contents>
      </logical_group>
      <logical_group id="lg-11" display="no" color="cyan">
         <name>DMARAML6</name>
         <run_address>0x0</run_address>
         <size>0x0</size>
         <contents>
         </contents>
      </logical_group>
      <logical_group id="lg-12" display="no" color="cyan">
         <name>DMARAML7</name>
         <run_address>0x0</run_address>
         <size>0x0</size>
         <contents>
         </contents>
      </logical_group>
      <logical_group id="lg-13" display="no" color="cyan">
         <name>ZONE7DATA</name>
         <run_address>0x0</run_address>
         <size>0x0</size>
         <contents>
         </contents>
      </logical_group>
      <logical_group id="lg-14" display="no" color="cyan">
         <name>.reset</name>
         <load_address>0x3fffc0</load_address>
         <run_address>0x3fffc0</run_address>
         <size>0x2</size>
         <contents>
            <object_component_ref idref="oc-ad"/>
         </contents>
      </logical_group>
      <logical_group id="lg-15" display="no" color="cyan">
         <name>csm_rsvd</name>
         <run_address>0x33ff80</run_address>
         <size>0x0</size>
         <contents>
         </contents>
      </logical_group>
      <logical_group id="lg-16" display="no" color="cyan">
         <name>csmpasswds</name>
         <run_address>0x33fff8</run_address>
         <size>0x0</size>
         <contents>
         </contents>
      </logical_group>
      <logical_group id="lg-17" display="no" color="cyan">
         <name>.adc_cal</name>
         <load_address>0x380080</load_address>
         <run_address>0x380080</run_address>
         <size>0x7</size>
         <contents>
            <object_component_ref idref="oc-59"/>
         </contents>
      </logical_group>
      <logical_group id="lg-18" display="no" color="cyan">
         <name>PieVectTableFile</name>
         <run_address>0xd00</run_address>
         <size>0x100</size>
         <contents>
            <object_component_ref idref="oc-96"/>
         </contents>
      </logical_group>
      <logical_group id="lg-19" display="no" color="cyan">
         <name>DevEmuRegsFile</name>
         <run_address>0x880</run_address>
         <size>0xd0</size>
         <contents>
            <object_component_ref idref="oc-92"/>
         </contents>
      </logical_group>
      <logical_group id="lg-1a" display="no" color="cyan">
         <name>FlashRegsFile</name>
         <run_address>0xa80</run_address>
         <size>0x8</size>
         <contents>
            <object_component_ref idref="oc-68"/>
         </contents>
      </logical_group>
      <logical_group id="lg-1b" display="no" color="cyan">
         <name>CsmRegsFile</name>
         <run_address>0xae0</run_address>
         <size>0x10</size>
         <contents>
            <object_component_ref idref="oc-70"/>
         </contents>
      </logical_group>
      <logical_group id="lg-1c" display="no" color="cyan">
         <name>AdcMirrorFile</name>
         <run_address>0xb00</run_address>
         <size>0x10</size>
         <contents>
            <object_component_ref idref="oc-71"/>
         </contents>
      </logical_group>
      <logical_group id="lg-1d" display="no" color="cyan">
         <name>XintfRegsFile</name>
         <run_address>0xb20</run_address>
         <size>0x1e</size>
         <contents>
            <object_component_ref idref="oc-75"/>
         </contents>
      </logical_group>
      <logical_group id="lg-1e" display="no" color="cyan">
         <name>CpuTimer0RegsFile</name>
         <run_address>0xc00</run_address>
         <size>0x8</size>
         <contents>
            <object_component_ref idref="oc-69"/>
         </contents>
      </logical_group>
      <logical_group id="lg-1f" display="no" color="cyan">
         <name>CpuTimer1RegsFile</name>
         <run_address>0xc08</run_address>
         <size>0x8</size>
         <contents>
            <object_component_ref idref="oc-6a"/>
         </contents>
      </logical_group>
      <logical_group id="lg-20" display="no" color="cyan">
         <name>CpuTimer2RegsFile</name>
         <run_address>0xc10</run_address>
         <size>0x8</size>
         <contents>
            <object_component_ref idref="oc-66"/>
         </contents>
      </logical_group>
      <logical_group id="lg-21" display="no" color="cyan">
         <name>PieCtrlRegsFile</name>
         <run_address>0xce0</run_address>
         <size>0x1a</size>
         <contents>
            <object_component_ref idref="oc-73"/>
         </contents>
      </logical_group>
      <logical_group id="lg-22" display="no" color="cyan">
         <name>DmaRegsFile</name>
         <run_address>0x1000</run_address>
         <size>0xe0</size>
         <contents>
            <object_component_ref idref="oc-93"/>
         </contents>
      </logical_group>
      <logical_group id="lg-23" display="no" color="cyan">
         <name>McbspaRegsFile</name>
         <run_address>0x5000</run_address>
         <size>0x25</size>
         <contents>
            <object_component_ref idref="oc-86"/>
         </contents>
      </logical_group>
      <logical_group id="lg-24" display="no" color="cyan">
         <name>McbspbRegsFile</name>
         <run_address>0x5040</run_address>
         <size>0x25</size>
         <contents>
            <object_component_ref idref="oc-85"/>
         </contents>
      </logical_group>
      <logical_group id="lg-25" display="no" color="cyan">
         <name>ECanaRegsFile</name>
         <run_address>0x6000</run_address>
         <size>0x34</size>
         <contents>
            <object_component_ref idref="oc-88"/>
         </contents>
      </logical_group>
      <logical_group id="lg-26" display="no" color="cyan">
         <name>ECanaLAMRegsFile</name>
         <run_address>0x6040</run_address>
         <size>0x40</size>
         <contents>
            <object_component_ref idref="oc-8c"/>
         </contents>
      </logical_group>
      <logical_group id="lg-27" display="no" color="cyan">
         <name>ECanaMboxesFile</name>
         <run_address>0x6100</run_address>
         <size>0x100</size>
         <contents>
            <object_component_ref idref="oc-95"/>
         </contents>
      </logical_group>
      <logical_group id="lg-28" display="no" color="cyan">
         <name>ECanaMOTSRegsFile</name>
         <run_address>0x6080</run_address>
         <size>0x40</size>
         <contents>
            <object_component_ref idref="oc-8d"/>
         </contents>
      </logical_group>
      <logical_group id="lg-29" display="no" color="cyan">
         <name>ECanaMOTORegsFile</name>
         <run_address>0x60c0</run_address>
         <size>0x40</size>
         <contents>
            <object_component_ref idref="oc-8a"/>
         </contents>
      </logical_group>
      <logical_group id="lg-2a" display="no" color="cyan">
         <name>ECanbRegsFile</name>
         <run_address>0x6200</run_address>
         <size>0x34</size>
         <contents>
            <object_component_ref idref="oc-89"/>
         </contents>
      </logical_group>
      <logical_group id="lg-2b" display="no" color="cyan">
         <name>ECanbLAMRegsFile</name>
         <run_address>0x6240</run_address>
         <size>0x40</size>
         <contents>
            <object_component_ref idref="oc-91"/>
         </contents>
      </logical_group>
      <logical_group id="lg-2c" display="no" color="cyan">
         <name>ECanbMboxesFile</name>
         <run_address>0x6300</run_address>
         <size>0x100</size>
         <contents>
            <object_component_ref idref="oc-94"/>
         </contents>
      </logical_group>
      <logical_group id="lg-2d" display="no" color="cyan">
         <name>ECanbMOTSRegsFile</name>
         <run_address>0x6280</run_address>
         <size>0x40</size>
         <contents>
            <object_component_ref idref="oc-8b"/>
         </contents>
      </logical_group>
      <logical_group id="lg-2e" display="no" color="cyan">
         <name>ECanbMOTORegsFile</name>
         <run_address>0x62c0</run_address>
         <size>0x40</size>
         <contents>
            <object_component_ref idref="oc-8e"/>
         </contents>
      </logical_group>
      <logical_group id="lg-2f" display="no" color="cyan">
         <name>EPwm1RegsFile</name>
         <run_address>0x6800</run_address>
         <size>0x22</size>
         <contents>
            <object_component_ref idref="oc-83"/>
         </contents>
      </logical_group>
      <logical_group id="lg-30" display="no" color="cyan">
         <name>EPwm2RegsFile</name>
         <run_address>0x6840</run_address>
         <size>0x22</size>
         <contents>
            <object_component_ref idref="oc-7e"/>
         </contents>
      </logical_group>
      <logical_group id="lg-31" display="no" color="cyan">
         <name>EPwm3RegsFile</name>
         <run_address>0x6880</run_address>
         <size>0x22</size>
         <contents>
            <object_component_ref idref="oc-7f"/>
         </contents>
      </logical_group>
      <logical_group id="lg-32" display="no" color="cyan">
         <name>EPwm4RegsFile</name>
         <run_address>0x68c0</run_address>
         <size>0x22</size>
         <contents>
            <object_component_ref idref="oc-84"/>
         </contents>
      </logical_group>
      <logical_group id="lg-33" display="no" color="cyan">
         <name>EPwm5RegsFile</name>
         <run_address>0x6900</run_address>
         <size>0x22</size>
         <contents>
            <object_component_ref idref="oc-81"/>
         </contents>
      </logical_group>
      <logical_group id="lg-34" display="no" color="cyan">
         <name>EPwm6RegsFile</name>
         <run_address>0x6940</run_address>
         <size>0x22</size>
         <contents>
            <object_component_ref idref="oc-82"/>
         </contents>
      </logical_group>
      <logical_group id="lg-35" display="no" color="cyan">
         <name>ECap1RegsFile</name>
         <run_address>0x6a00</run_address>
         <size>0x20</size>
         <contents>
            <object_component_ref idref="oc-78"/>
         </contents>
      </logical_group>
      <logical_group id="lg-36" display="no" color="cyan">
         <name>ECap2RegsFile</name>
         <run_address>0x6a20</run_address>
         <size>0x20</size>
         <contents>
            <object_component_ref idref="oc-79"/>
         </contents>
      </logical_group>
      <logical_group id="lg-37" display="no" color="cyan">
         <name>ECap3RegsFile</name>
         <run_address>0x6a40</run_address>
         <size>0x20</size>
         <contents>
            <object_component_ref idref="oc-76"/>
         </contents>
      </logical_group>
      <logical_group id="lg-38" display="no" color="cyan">
         <name>ECap4RegsFile</name>
         <run_address>0x6a60</run_address>
         <size>0x20</size>
         <contents>
            <object_component_ref idref="oc-77"/>
         </contents>
      </logical_group>
      <logical_group id="lg-39" display="no" color="cyan">
         <name>ECap5RegsFile</name>
         <run_address>0x6a80</run_address>
         <size>0x20</size>
         <contents>
            <object_component_ref idref="oc-7c"/>
         </contents>
      </logical_group>
      <logical_group id="lg-3a" display="no" color="cyan">
         <name>ECap6RegsFile</name>
         <run_address>0x6aa0</run_address>
         <size>0x20</size>
         <contents>
            <object_component_ref idref="oc-7d"/>
         </contents>
      </logical_group>
      <logical_group id="lg-3b" display="no" color="cyan">
         <name>EQep1RegsFile</name>
         <run_address>0x6b00</run_address>
         <size>0x40</size>
         <contents>
            <object_component_ref idref="oc-8f"/>
         </contents>
      </logical_group>
      <logical_group id="lg-3c" display="no" color="cyan">
         <name>EQep2RegsFile</name>
         <run_address>0x6b40</run_address>
         <size>0x40</size>
         <contents>
            <object_component_ref idref="oc-90"/>
         </contents>
      </logical_group>
      <logical_group id="lg-3d" display="no" color="cyan">
         <name>GpioCtrlRegsFile</name>
         <run_address>0x6f80</run_address>
         <size>0x2e</size>
         <contents>
            <object_component_ref idref="oc-87"/>
         </contents>
      </logical_group>
      <logical_group id="lg-3e" display="no" color="cyan">
         <name>GpioDataRegsFile</name>
         <run_address>0x6fc0</run_address>
         <size>0x20</size>
         <contents>
            <object_component_ref idref="oc-7a"/>
         </contents>
      </logical_group>
      <logical_group id="lg-3f" display="no" color="cyan">
         <name>GpioIntRegsFile</name>
         <run_address>0x6fe0</run_address>
         <size>0xa</size>
         <contents>
            <object_component_ref idref="oc-6b"/>
         </contents>
      </logical_group>
      <logical_group id="lg-40" display="no" color="cyan">
         <name>SysCtrlRegsFile</name>
         <run_address>0x7010</run_address>
         <size>0x20</size>
         <contents>
            <object_component_ref idref="oc-7b"/>
         </contents>
      </logical_group>
      <logical_group id="lg-41" display="no" color="cyan">
         <name>SpiaRegsFile</name>
         <run_address>0x7040</run_address>
         <size>0x10</size>
         <contents>
            <object_component_ref idref="oc-6c"/>
         </contents>
      </logical_group>
      <logical_group id="lg-42" display="no" color="cyan">
         <name>SciaRegsFile</name>
         <run_address>0x7050</run_address>
         <size>0x10</size>
         <contents>
            <object_component_ref idref="oc-6f"/>
         </contents>
      </logical_group>
      <logical_group id="lg-43" display="no" color="cyan">
         <name>XIntruptRegsFile</name>
         <run_address>0x7070</run_address>
         <size>0x10</size>
         <contents>
            <object_component_ref idref="oc-72"/>
         </contents>
      </logical_group>
      <logical_group id="lg-44" display="no" color="cyan">
         <name>AdcRegsFile</name>
         <run_address>0x7100</run_address>
         <size>0x1e</size>
         <contents>
            <object_component_ref idref="oc-74"/>
         </contents>
      </logical_group>
      <logical_group id="lg-45" display="no" color="cyan">
         <name>ScibRegsFile</name>
         <run_address>0x7750</run_address>
         <size>0x10</size>
         <contents>
            <object_component_ref idref="oc-6d"/>
         </contents>
      </logical_group>
      <logical_group id="lg-46" display="no" color="cyan">
         <name>ScicRegsFile</name>
         <run_address>0x7770</run_address>
         <size>0x10</size>
         <contents>
            <object_component_ref idref="oc-6e"/>
         </contents>
      </logical_group>
      <logical_group id="lg-47" display="no" color="cyan">
         <name>I2caRegsFile</name>
         <run_address>0x7900</run_address>
         <size>0x22</size>
         <contents>
            <object_component_ref idref="oc-80"/>
         </contents>
      </logical_group>
      <logical_group id="lg-48" display="no" color="cyan">
         <name>CsmPwlFile</name>
         <run_address>0x33fff8</run_address>
         <size>0x8</size>
         <contents>
            <object_component_ref idref="oc-67"/>
         </contents>
      </logical_group>
      <logical_group id="lg-49" display="no" color="cyan">
         <name>PartIdRegsFile</name>
         <run_address>0x380090</run_address>
         <size>0x1</size>
         <contents>
            <object_component_ref idref="oc-65"/>
         </contents>
      </logical_group>
      <logical_group id="lg-13e" display="never" color="cyan">
         <name>.debug_info</name>
         <load_address>0x0</load_address>
         <run_address>0x0</run_address>
         <size>0x228ee</size>
         <contents>
            <object_component_ref idref="oc-4c"/>
            <object_component_ref idref="oc-51"/>
            <object_component_ref idref="oc-5a"/>
            <object_component_ref idref="oc-60"/>
            <object_component_ref idref="oc-64"/>
            <object_component_ref idref="oc-98"/>
            <object_component_ref idref="oc-9d"/>
            <object_component_ref idref="oc-a2"/>
            <object_component_ref idref="oc-a8"/>
            <object_component_ref idref="oc-ae"/>
            <object_component_ref idref="oc-b2"/>
            <object_component_ref idref="oc-b7"/>
            <object_component_ref idref="oc-bf"/>
            <object_component_ref idref="oc-c4"/>
            <object_component_ref idref="oc-c8"/>
            <object_component_ref idref="oc-cd"/>
            <object_component_ref idref="oc-d2"/>
            <object_component_ref idref="oc-d8"/>
            <object_component_ref idref="oc-dc"/>
            <object_component_ref idref="oc-e1"/>
            <object_component_ref idref="oc-14d"/>
         </contents>
      </logical_group>
      <logical_group id="lg-140" display="never" color="cyan">
         <name>.debug_frame</name>
         <load_address>0x0</load_address>
         <run_address>0x0</run_address>
         <size>0x71d</size>
         <contents>
            <object_component_ref idref="oc-4d"/>
            <object_component_ref idref="oc-55"/>
            <object_component_ref idref="oc-99"/>
            <object_component_ref idref="oc-9e"/>
            <object_component_ref idref="oc-a3"/>
            <object_component_ref idref="oc-b3"/>
            <object_component_ref idref="oc-ba"/>
            <object_component_ref idref="oc-c9"/>
            <object_component_ref idref="oc-ce"/>
            <object_component_ref idref="oc-d3"/>
            <object_component_ref idref="oc-dd"/>
            <object_component_ref idref="oc-e2"/>
         </contents>
      </logical_group>
      <logical_group id="lg-142" display="never" color="cyan">
         <name>.debug_line</name>
         <load_address>0x0</load_address>
         <run_address>0x0</run_address>
         <size>0xe25</size>
         <contents>
            <object_component_ref idref="oc-4e"/>
            <object_component_ref idref="oc-56"/>
            <object_component_ref idref="oc-5b"/>
            <object_component_ref idref="oc-61"/>
            <object_component_ref idref="oc-9a"/>
            <object_component_ref idref="oc-9f"/>
            <object_component_ref idref="oc-a4"/>
            <object_component_ref idref="oc-a9"/>
            <object_component_ref idref="oc-af"/>
            <object_component_ref idref="oc-b4"/>
            <object_component_ref idref="oc-bb"/>
            <object_component_ref idref="oc-c0"/>
            <object_component_ref idref="oc-c5"/>
            <object_component_ref idref="oc-ca"/>
            <object_component_ref idref="oc-cf"/>
            <object_component_ref idref="oc-d4"/>
            <object_component_ref idref="oc-d9"/>
            <object_component_ref idref="oc-de"/>
            <object_component_ref idref="oc-e3"/>
         </contents>
      </logical_group>
      <logical_group id="lg-144" display="never" color="cyan">
         <name>.debug_abbrev</name>
         <load_address>0x0</load_address>
         <run_address>0x0</run_address>
         <size>0xdf0</size>
         <contents>
            <object_component_ref idref="oc-4f"/>
            <object_component_ref idref="oc-57"/>
            <object_component_ref idref="oc-5c"/>
            <object_component_ref idref="oc-62"/>
            <object_component_ref idref="oc-97"/>
            <object_component_ref idref="oc-9b"/>
            <object_component_ref idref="oc-a0"/>
            <object_component_ref idref="oc-a5"/>
            <object_component_ref idref="oc-aa"/>
            <object_component_ref idref="oc-b0"/>
            <object_component_ref idref="oc-b5"/>
            <object_component_ref idref="oc-bc"/>
            <object_component_ref idref="oc-c1"/>
            <object_component_ref idref="oc-c6"/>
            <object_component_ref idref="oc-cb"/>
            <object_component_ref idref="oc-d0"/>
            <object_component_ref idref="oc-d5"/>
            <object_component_ref idref="oc-da"/>
            <object_component_ref idref="oc-df"/>
            <object_component_ref idref="oc-e4"/>
            <object_component_ref idref="oc-14e"/>
         </contents>
      </logical_group>
      <logical_group id="lg-146" display="never" color="cyan">
         <name>.debug_aranges</name>
         <load_address>0x0</load_address>
         <run_address>0x0</run_address>
         <size>0x3c0</size>
         <contents>
            <object_component_ref idref="oc-50"/>
            <object_component_ref idref="oc-58"/>
            <object_component_ref idref="oc-5d"/>
            <object_component_ref idref="oc-63"/>
            <object_component_ref idref="oc-9c"/>
            <object_component_ref idref="oc-a1"/>
            <object_component_ref idref="oc-a6"/>
            <object_component_ref idref="oc-ab"/>
            <object_component_ref idref="oc-b1"/>
            <object_component_ref idref="oc-b6"/>
            <object_component_ref idref="oc-bd"/>
            <object_component_ref idref="oc-c2"/>
            <object_component_ref idref="oc-c7"/>
            <object_component_ref idref="oc-cc"/>
            <object_component_ref idref="oc-d1"/>
            <object_component_ref idref="oc-d6"/>
            <object_component_ref idref="oc-db"/>
            <object_component_ref idref="oc-e0"/>
            <object_component_ref idref="oc-e5"/>
         </contents>
      </logical_group>
      <logical_group id="lg-148" display="no" color="cyan">
         <name>ramfuncs</name>
         <load_address>0x50</load_address>
         <run_address>0x50</run_address>
         <size>0x4</size>
         <contents>
            <object_component_ref idref="oc-a7"/>
         </contents>
      </logical_group>
   </logical_group_list>
   <placement_map>
      <memory_area display="no" color="green">
         <name>BEGIN</name>
         <page_id>0x0</page_id>
         <origin>0x0</origin>
         <length>0x2</length>
         <used_space>0x2</used_space>
         <unused_space>0x0</unused_space>
         <attributes>RWIX</attributes>
         <usage_details>
            <allocated_space>
               <start_address>0x0</start_address>
               <size>0x2</size>
               <logical_group_ref idref="lg-2"/>
            </allocated_space>
         </usage_details>
      </memory_area>
      <memory_area display="yes" color="green">
         <name>RAMM0</name>
         <page_id>0x0</page_id>
         <origin>0x50</origin>
         <length>0x3b0</length>
         <used_space>0x4</used_space>
         <unused_space>0x3ac</unused_space>
         <attributes>RWIX</attributes>
         <usage_details>
            <allocated_space>
               <start_address>0x50</start_address>
               <size>0x4</size>
               <logical_group_ref idref="lg-148"/>
            </allocated_space>
            <available_space>
               <start_address>0x54</start_address>
               <size>0x3ac</size>
            </available_space>
         </usage_details>
      </memory_area>
      <memory_area display="yes" color="green">
         <name>RAML0</name>
         <page_id>0x0</page_id>
         <origin>0x8000</origin>
         <length>0x1000</length>
         <used_space>0x1cd</used_space>
         <unused_space>0xe33</unused_space>
         <attributes>RWIX</attributes>
         <usage_details>
            <allocated_space>
               <start_address>0x8000</start_address>
               <size>0x1cd</size>
               <logical_group_ref idref="lg-5"/>
            </allocated_space>
            <available_space>
               <start_address>0x81cd</start_address>
               <size>0xe33</size>
            </available_space>
         </usage_details>
      </memory_area>
      <memory_area display="yes" color="green">
         <name>RAML1</name>
         <page_id>0x0</page_id>
         <origin>0x9000</origin>
         <length>0x1000</length>
         <used_space>0x8ad</used_space>
         <unused_space>0x753</unused_space>
         <attributes>RWIX</attributes>
         <usage_details>
            <allocated_space>
               <start_address>0x9000</start_address>
               <size>0x8ad</size>
               <logical_group_ref idref="lg-4"/>
            </allocated_space>
            <available_space>
               <start_address>0x98ad</start_address>
               <size>0x753</size>
            </available_space>
         </usage_details>
      </memory_area>
      <memory_area display="yes" color="green">
         <name>RAML2</name>
         <page_id>0x0</page_id>
         <origin>0xa000</origin>
         <length>0x1000</length>
         <used_space>0x0</used_space>
         <unused_space>0x1000</unused_space>
         <attributes>RWIX</attributes>
         <usage_details>
         </usage_details>
      </memory_area>
      <memory_area display="yes" color="green">
         <name>RAML3</name>
         <page_id>0x0</page_id>
         <origin>0xb000</origin>
         <length>0x1000</length>
         <used_space>0x0</used_space>
         <unused_space>0x1000</unused_space>
         <attributes>RWIX</attributes>
         <usage_details>
         </usage_details>
      </memory_area>
      <memory_area display="yes" color="green">
         <name>ZONE7A</name>
         <page_id>0x0</page_id>
         <origin>0x200000</origin>
         <length>0xfc00</length>
         <used_space>0x0</used_space>
         <unused_space>0xfc00</unused_space>
         <attributes>RWIX</attributes>
         <usage_details>
         </usage_details>
      </memory_area>
      <memory_area display="yes" color="green">
         <name>CSM_RSVD</name>
         <page_id>0x0</page_id>
         <origin>0x33ff80</origin>
         <length>0x76</length>
         <used_space>0x0</used_space>
         <unused_space>0x76</unused_space>
         <attributes>RWIX</attributes>
         <usage_details>
         </usage_details>
      </memory_area>
      <memory_area display="no" color="green">
         <name>CSM_PWL</name>
         <page_id>0x0</page_id>
         <origin>0x33fff8</origin>
         <length>0x8</length>
         <used_space>0x0</used_space>
[...]
      </symbol>
      <symbol id="sm-7">
         <name>__STACK_END</name>
         <value>0x700</value>
      </symbol>
      <symbol id="sm-8">
         <name>___c_args__</name>
         <value>0xffffffff</value>
      </symbol>
      <symbol id="sm-9">
         <name>.text</name>
         <value>0x9000</value>
      </symbol>
      <symbol id="sm-a">
         <name>___text__</name>
         <value>0x9000</value>
      </symbol>
      <symbol id="sm-b">
         <name>etext</name>
         <value>0x98ad</value>
      </symbol>
      <symbol id="sm-c">
         <name>___etext__</name>
         <value>0x98ad</value>
      </symbol>
      <symbol id="sm-d">
         <name>___TI_pprof_out_hndl</name>
         <value>0xffffffff</value>
      </symbol>
      <symbol id="sm-e">
         <name>___TI_prof_data_start</name>
         <value>0xffffffff</value>
      </symbol>
      <symbol id="sm-f">
         <name>___TI_prof_data_size</name>
         <value>0xffffffff</value>
      </symbol>
      <symbol id="sm-bc">
         <name>_main</name>
         <value>0x9783</value>
         <object_component_ref idref="oc-ec"/>
      </symbol>
      <symbol id="sm-bd">
         <name>_Delay</name>
         <value>0x97a9</value>
         <object_component_ref idref="oc-ec"/>
      </symbol>
      <symbol id="sm-123">
         <name>_OLED_Write_IIC_Byte</name>
         <value>0x9024</value>
         <object_component_ref idref="oc-f0"/>
      </symbol>
      <symbol id="sm-124">
         <name>_OLED_Num_write</name>
         <value>0x94ff</value>
         <object_component_ref idref="oc-f0"/>
      </symbol>
      <symbol id="sm-125">
         <name>_OLED_IIC_Wait_Ack</name>
         <value>0x9012</value>
         <object_component_ref idref="oc-f0"/>
      </symbol>
      <symbol id="sm-126">
         <name>_OLED_Set_Pos</name>
         <value>0x90d0</value>
         <object_component_ref idref="oc-f0"/>
      </symbol>
      <symbol id="sm-127">
         <name>_OLED_Display_Off</name>
         <value>0x90f3</value>
         <object_component_ref idref="oc-f0"/>
      </symbol>
      <symbol id="sm-128">
         <name>_OLED_IIC_Stop</name>
         <value>0x9009</value>
         <object_component_ref idref="oc-f0"/>
      </symbol>
      <symbol id="sm-129">
         <name>_OLED_ShowString</name>
         <value>0x91f0</value>
         <object_component_ref idref="oc-f0"/>
      </symbol>
      <symbol id="sm-12a">
         <name>_OLED_ShowChar</name>
         <value>0x9148</value>
         <object_component_ref idref="oc-f0"/>
      </symbol>
      <symbol id="sm-12b">
         <name>_OLED_On</name>
         <value>0x9124</value>
         <object_component_ref idref="oc-f0"/>
      </symbol>
      <symbol id="sm-12c">
         <name>_OLED_WR_Byte</name>
         <value>0x9077</value>
         <object_component_ref idref="oc-f0"/>
      </symbol>
      <symbol id="sm-12d">
         <name>_OLED_Num5</name>
         <value>0x9545</value>
         <object_component_ref idref="oc-f0"/>
      </symbol>
      <symbol id="sm-12e">
         <name>_OLED_Num4</name>
         <value>0x94c2</value>
         <object_component_ref idref="oc-f0"/>
      </symbol>
      <symbol id="sm-12f">
         <name>_OLED_Num3</name>
         <value>0x9466</value>
         <object_component_ref idref="oc-f0"/>
      </symbol>
      <symbol id="sm-130">
         <name>_OLED_Num2</name>
         <value>0x9420</value>
         <object_component_ref idref="oc-f0"/>
      </symbol>
      <symbol id="sm-131">
         <name>_Delay_1ms</name>
         <value>0x90ba</value>
         <object_component_ref idref="oc-f0"/>
      </symbol>
      <symbol id="sm-132">
         <name>_F8X16</name>
         <value>0xd000</value>
         <object_component_ref idref="oc-f3"/>
      </symbol>
      <symbol id="sm-133">
         <name>_oled_first_show</name>
         <value>0x9618</value>
         <object_component_ref idref="oc-f0"/>
      </symbol>
      <symbol id="sm-134">
         <name>_Hzk</name>
         <value>0xc000</value>
         <object_component_ref idref="oc-53"/>
      </symbol>
      <symbol id="sm-135">
         <name>_F6x8</name>
         <value>0xd5f0</value>
         <object_component_ref idref="oc-f4"/>
      </symbol>
      <symbol id="sm-136">
         <name>_delay</name>
         <value>0x9019</value>
         <object_component_ref idref="oc-f0"/>
      </symbol>
      <symbol id="sm-137">
         <name>_OLED_Display_On</name>
         <value>0x90e6</value>
         <object_component_ref idref="oc-f0"/>
      </symbol>
      <symbol id="sm-138">
         <name>_oled_pow</name>
         <value>0x91a4</value>
         <object_component_ref idref="oc-f0"/>
      </symbol>
      <symbol id="sm-139">
         <name>_OLED_ShowNumber</name>
         <value>0x91b4</value>
         <object_component_ref idref="oc-f0"/>
      </symbol>
      <symbol id="sm-13a">
         <name>_OLED_DrawBMP</name>
         <value>0x9249</value>
         <object_component_ref idref="oc-f0"/>
      </symbol>
      <symbol id="sm-13b">
         <name>_OLED_Write_IIC_Data</name>
         <value>0x9066</value>
         <object_component_ref idref="oc-f0"/>
      </symbol>
      <symbol id="sm-13c">
         <name>_OLED_Clear</name>
         <value>0x9100</value>
         <object_component_ref idref="oc-f0"/>
      </symbol>
      <symbol id="sm-13d">
         <name>_OLED_Init</name>
         <value>0x9591</value>
         <object_component_ref idref="oc-f0"/>
      </symbol>
      <symbol id="sm-13e">
         <name>_OLED_Float</name>
         <value>0x9277</value>
         <object_component_ref idref="oc-f0"/>
      </symbol>
      <symbol id="sm-13f">
         <name>_OLED_Write_IIC_Command</name>
         <value>0x9055</value>
         <object_component_ref idref="oc-f0"/>
      </symbol>
      <symbol id="sm-140">
         <name>_OLED_ShowCHinese</name>
         <value>0x920c</value>
         <object_component_ref idref="oc-f0"/>
      </symbol>
      <symbol id="sm-141">
         <name>_Delay_50ms</name>
         <value>0x90aa</value>
         <object_component_ref idref="oc-f0"/>
      </symbol>
      <symbol id="sm-142">
         <name>_OLED_IIC_Start</name>
         <value>0x9000</value>
         <object_component_ref idref="oc-f0"/>
      </symbol>
      <symbol id="sm-143">
         <name>_fill_picture</name>
         <value>0x9085</value>
         <object_component_ref idref="oc-f0"/>
      </symbol>
      <symbol id="sm-144">
         <name>_OLED_fuhao_write</name>
         <value>0x9523</value>
         <object_component_ref idref="oc-f0"/>
      </symbol>
      <symbol id="sm-145">
         <name>_OLED_Float2</name>
         <value>0x935a</value>
         <object_component_ref idref="oc-f0"/>
      </symbol>
      <symbol id="sm-151">
         <name>_ADC_cal</name>
         <value>0x380080</value>
         <object_component_ref idref="oc-59"/>
      </symbol>
      <symbol id="sm-161">
         <name>code_start</name>
         <value>0x0</value>
         <object_component_ref idref="oc-5f"/>
      </symbol>
      <symbol id="sm-1cb">
         <name>_GpioCtrlRegs</name>
         <value>0x6f80</value>
         <object_component_ref idref="oc-87"/>
      </symbol>
      <symbol id="sm-1cc">
         <name>_PieVectTable</name>
         <value>0xd00</value>
         <object_component_ref idref="oc-96"/>
      </symbol>
      <symbol id="sm-1cd">
         <name>_ECap4Regs</name>
         <value>0x6a60</value>
         <object_component_ref idref="oc-77"/>
      </symbol>
      <symbol id="sm-1ce">
         <name>_CsmRegs</name>
         <value>0xae0</value>
         <object_component_ref idref="oc-70"/>
      </symbol>
      <symbol id="sm-1cf">
         <name>_ECanaLAMRegs</name>
         <value>0x6040</value>
         <object_component_ref idref="oc-8c"/>
      </symbol>
      <symbol id="sm-1d0">
         <name>_ECanbMOTORegs</name>
         <value>0x62c0</value>
         <object_component_ref idref="oc-8e"/>
      </symbol>
      <symbol id="sm-1d1">
         <name>_EPwm4Regs</name>
         <value>0x68c0</value>
         <object_component_ref idref="oc-84"/>
      </symbol>
      <symbol id="sm-1d2">
         <name>_ECap5Regs</name>
         <value>0x6a80</value>
         <object_component_ref idref="oc-7c"/>
      </symbol>
      <symbol id="sm-1d3">
         <name>_CpuTimer1Regs</name>
         <value>0xc08</value>
         <object_component_ref idref="oc-6a"/>
      </symbol>
      <symbol id="sm-1d4">
         <name>_SysCtrlRegs</name>
         <value>0x7010</value>
         <object_component_ref idref="oc-7b"/>
      </symbol>
      <symbol id="sm-1d5">
         <name>_EPwm5Regs</name>
         <value>0x6900</value>
         <object_component_ref idref="oc-81"/>
      </symbol>
      <symbol id="sm-1d6">
         <name>_SpiaRegs</name>
         <value>0x7040</value>
         <object_component_ref idref="oc-6c"/>
      </symbol>
      <symbol id="sm-1d7">
         <name>_ECanaMOTSRegs</name>
         <value>0x6080</value>
         <object_component_ref idref="oc-8d"/>
      </symbol>
      <symbol id="sm-1d8">
         <name>_ECap6Regs</name>
         <value>0x6aa0</value>
         <object_component_ref idref="oc-7d"/>
      </symbol>
      <symbol id="sm-1d9">
         <name>_DmaRegs</name>
         <value>0x1000</value>
         <object_component_ref idref="oc-93"/>
      </symbol>
      <symbol id="sm-1da">
         <name>_FlashRegs</name>
         <value>0xa80</value>
         <object_component_ref idref="oc-68"/>
      </symbol>
      <symbol id="sm-1db">
         <name>_CpuTimer0Regs</name>
         <value>0xc00</value>
         <object_component_ref idref="oc-69"/>
      </symbol>
      <symbol id="sm-1dc">
         <name>_DevEmuRegs</name>
         <value>0x880</value>
         <object_component_ref idref="oc-92"/>
      </symbol>
      <symbol id="sm-1dd">
         <name>_McbspbRegs</name>
         <value>0x5040</value>
         <object_component_ref idref="oc-85"/>
      </symbol>
      <symbol id="sm-1de">
         <name>_EPwm6Regs</name>
         <value>0x6940</value>
         <object_component_ref idref="oc-82"/>
      </symbol>
      <symbol id="sm-1df">
         <name>_SciaRegs</name>
         <value>0x7050</value>
         <object_component_ref idref="oc-6f"/>
      </symbol>
      <symbol id="sm-1e0">
         <name>_GpioDataRegs</name>
         <value>0x6fc0</value>
         <object_component_ref idref="oc-7a"/>
      </symbol>
      <symbol id="sm-1e1">
         <name>_CsmPwl</name>
         <value>0x33fff8</value>
         <object_component_ref idref="oc-67"/>
      </symbol>
      <symbol id="sm-1e2">
         <name>_AdcRegs</name>
         <value>0x7100</value>
         <object_component_ref idref="oc-74"/>
      </symbol>
      <symbol id="sm-1e3">
         <name>_XIntruptRegs</name>
         <value>0x7070</value>
         <object_component_ref idref="oc-72"/>
      </symbol>
      <symbol id="sm-1e4">
         <name>_CpuTimer2Regs</name>
         <value>0xc10</value>
         <object_component_ref idref="oc-66"/>
      </symbol>
      <symbol id="sm-1e5">
         <name>_PieCtrlRegs</name>
         <value>0xce0</value>
         <object_component_ref idref="oc-73"/>
      </symbol>
      <symbol id="sm-1e6">
         <name>_ECanbMOTSRegs</name>
         <value>0x6280</value>
         <object_component_ref idref="oc-8b"/>
      </symbol>
      <symbol id="sm-1e7">
         <name>_ECanaRegs</name>
         <value>0x6000</value>
         <object_component_ref idref="oc-88"/>
      </symbol>
      <symbol id="sm-1e8">
         <name>_AdcMirror</name>
         <value>0xb00</value>
         <object_component_ref idref="oc-71"/>
      </symbol>
      <symbol id="sm-1e9">
         <name>_ECanbMboxes</name>
         <value>0x6300</value>
         <object_component_ref idref="oc-94"/>
      </symbol>
      <symbol id="sm-1ea">
         <name>_XintfRegs</name>
         <value>0xb20</value>
         <object_component_ref idref="oc-75"/>
      </symbol>
      <symbol id="sm-1eb">
         <name>_ScicRegs</name>
         <value>0x7770</value>
         <object_component_ref idref="oc-6e"/>
      </symbol>
      <symbol id="sm-1ec">
         <name>_ECap1Regs</name>
         <value>0x6a00</value>
         <object_component_ref idref="oc-78"/>
      </symbol>
      <symbol id="sm-1ed">
         <name>_EQep1Regs</name>
         <value>0x6b00</value>
         <object_component_ref idref="oc-8f"/>
      </symbol>
      <symbol id="sm-1ee">
         <name>_McbspaRegs</name>
         <value>0x5000</value>
         <object_component_ref idref="oc-86"/>
      </symbol>
      <symbol id="sm-1ef">
         <name>_EPwm1Regs</name>
         <value>0x6800</value>
         <object_component_ref idref="oc-83"/>
      </symbol>
      <symbol id="sm-1f0">
         <name>_ECanbRegs</name>
         <value>0x6200</value>
         <object_component_ref idref="oc-89"/>
      </symbol>
      <symbol id="sm-1f1">
         <name>_ScibRegs</name>
         <value>0x7750</value>
         <object_component_ref idref="oc-6d"/>
      </symbol>
      <symbol id="sm-1f2">
         <name>_ECap2Regs</name>
         <value>0x6a20</value>
         <object_component_ref idref="oc-79"/>
      </symbol>
      <symbol id="sm-1f3">
         <name>_GpioIntRegs</name>
         <value>0x6fe0</value>
         <object_component_ref idref="oc-6b"/>
      </symbol>
      <symbol id="sm-1f4">
         <name>_EQep2Regs</name>
         <value>0x6b40</value>
         <object_component_ref idref="oc-90"/>
      </symbol>
      <symbol id="sm-1f5">
         <name>_PartIdRegs</name>
         <value>0x380090</value>
         <object_component_ref idref="oc-65"/>
      </symbol>
      <symbol id="sm-1f6">
         <name>_EPwm2Regs</name>
         <value>0x6840</value>
         <object_component_ref idref="oc-7e"/>
      </symbol>
      <symbol id="sm-1f7">
         <name>_ECanaMboxes</name>
         <value>0x6100</value>
         <object_component_ref idref="oc-95"/>
      </symbol>
      <symbol id="sm-1f8">
         <name>_ECap3Regs</name>
         <value>0x6a40</value>
         <object_component_ref idref="oc-76"/>
      </symbol>
      <symbol id="sm-1f9">
         <name>_ECanaMOTORegs</name>
         <value>0x60c0</value>
         <object_component_ref idref="oc-8a"/>
      </symbol>
      <symbol id="sm-1fa">
         <name>_EPwm3Regs</name>
         <value>0x6880</value>
         <object_component_ref idref="oc-7f"/>
      </symbol>
      <symbol id="sm-1fb">
         <name>_ECanbLAMRegs</name>
         <value>0x6240</value>
         <object_component_ref idref="oc-91"/>
      </symbol>
      <symbol id="sm-1fc">
         <name>_I2caRegs</name>
         <value>0x7900</value>
         <object_component_ref idref="oc-80"/>
      </symbol>
      <symbol id="sm-223">
         <name>_InitPll</name>
         <value>0x9650</value>
         <object_component_ref idref="oc-ef"/>
      </symbol>
      <symbol id="sm-224">
         <name>_DisableDog</name>
         <value>0x9648</value>
         <object_component_ref idref="oc-ef"/>
      </symbol>
      <symbol id="sm-225">
         <name>_InitPeripheralClocks</name>
         <value>0x96a1</value>
         <object_component_ref idref="oc-ef"/>
      </symbol>
      <symbol id="sm-226">
         <name>_CsmUnlock</name>
         <value>0x96fc</value>
         <object_component_ref idref="oc-ef"/>
      </symbol>
      <symbol id="sm-227">
         <name>_ServiceDog</name>
         <value>0x963e</value>
         <object_component_ref idref="oc-ef"/>
      </symbol>
      <symbol id="sm-228">
         <name>_InitSysCtrl</name>
         <value>0x9635</value>
         <object_component_ref idref="oc-ef"/>
      </symbol>
      <symbol id="sm-234">
         <name>_DSP28x_usDelay</name>
         <value>0x50</value>
         <object_component_ref idref="oc-a7"/>
      </symbol>
      <symbol id="sm-24f">
         <name>_c_int00</name>
         <value>0x972d</value>
         <object_component_ref idref="oc-4b"/>
      </symbol>
      <symbol id="sm-250">
         <name>__stack</name>
         <value>0x400</value>
         <object_component_ref idref="oc-ac"/>
      </symbol>
      <symbol id="sm-25f">
         <name>_copy_in</name>
         <value>0x9811</value>
         <object_component_ref idref="oc-e7"/>
      </symbol>
      <symbol id="sm-273">
         <name>C$$EXIT</name>
         <value>0x97e8</value>
         <object_component_ref idref="oc-ea"/>
      </symbol>
      <symbol id="sm-274">
         <name>_exit</name>
         <value>0x97ea</value>
         <object_component_ref idref="oc-ea"/>
      </symbol>
      <symbol id="sm-275">
         <name>___TI_cleanup_ptr</name>
         <value>0xc1c2</value>
         <object_component_ref idref="oc-b9"/>
      </symbol>
      <symbol id="sm-276">
         <name>___TI_enable_exit_profile_output</name>
         <value>0xc1c0</value>
         <object_component_ref idref="oc-b9"/>
      </symbol>
      <symbol id="sm-277">
         <name>_abort</name>
         <value>0x97e8</value>
         <object_component_ref idref="oc-ea"/>
      </symbol>
      <symbol id="sm-278">
         <name>___TI_dtors_ptr</name>
         <value>0xc1c4</value>
         <object_component_ref idref="oc-b9"/>
      </symbol>
      <symbol id="sm-286">
         <name>I$$MOD</name>
         <value>0x9846</value>
         <object_component_ref idref="oc-be"/>
      </symbol>
      <symbol id="sm-287">
         <name>I$$DIV</name>
         <value>0x9835</value>
         <object_component_ref idref="oc-be"/>
      </symbol>
      <symbol id="sm-293">
         <name>UL$$MOD</name>
         <value>0x97e2</value>
         <object_component_ref idref="oc-c3"/>
      </symbol>
      <symbol id="sm-294">
         <name>L$$MOD</name>
         <value>0x97cd</value>
         <object_component_ref idref="oc-c3"/>
      </symbol>
      <symbol id="sm-295">
         <name>L$$DIV</name>
         <value>0x97be</value>
         <object_component_ref idref="oc-c3"/>
      </symbol>
      <symbol id="sm-296">
         <name>UL$$DIV</name>
         <value>0x97db</value>
         <object_component_ref idref="oc-c3"/>
      </symbol>
      <symbol id="sm-2a7">
         <name>_memcpy</name>
         <value>0x9857</value>
         <object_component_ref idref="oc-eb"/>
      </symbol>
      <symbol id="sm-2b3">
         <name>__system_pre_init</name>
         <value>0x98aa</value>
         <object_component_ref idref="oc-e6"/>
      </symbol>
      <symbol id="sm-2bf">
         <name>__system_post_cinit</name>
         <value>0x98ac</value>
         <object_component_ref idref="oc-e8"/>
      </symbol>
      <symbol id="sm-2cb">
         <name>U$$MOD</name>
         <value>0x9893</value>
         <object_component_ref idref="oc-d7"/>
      </symbol>
      <symbol id="sm-2cc">
         <name>U$$DIV</name>
         <value>0x988e</value>
         <object_component_ref idref="oc-d7"/>
      </symbol>
      <symbol id="sm-2e0">
         <name>__unlock</name>
         <value>0xc1c8</value>
         <object_component_ref idref="oc-f5"/>
      </symbol>
      <symbol id="sm-2e1">
         <name>__lock</name>
         <value>0xc1c6</value>
         <object_component_ref idref="oc-ed"/>
      </symbol>
      <symbol id="sm-2e2">
         <name>__register_lock</name>
         <value>0x989d</value>
         <object_component_ref idref="oc-f1"/>
      </symbol>
      <symbol id="sm-2e3">
         <name>__nop</name>
         <value>0x98a1</value>
         <object_component_ref idref="oc-f1"/>
      </symbol>
      <symbol id="sm-2e4">
         <name>__register_unlock</name>
         <value>0x9899</value>
         <object_component_ref idref="oc-f1"/>
      </symbol>
      <symbol id="sm-2f3">
         <name>__args_main</name>
         <value>0x9875</value>
         <object_component_ref idref="oc-e9"/>
      </symbol>
   </symbol_table>
   <title>Link successful</title>
</link_info>
